
====================
== NeMo Framework ==
====================

NVIDIA Release  (build 134983853)
Container image Copyright (c) 2025, NVIDIA CORPORATION & AFFILIATES. All rights reserved.
Copyright (c) 2014-2024 Facebook Inc.
Copyright (c) 2011-2014 Idiap Research Institute (Ronan Collobert)
Copyright (c) 2012-2014 Deepmind Technologies    (Koray Kavukcuoglu)
Copyright (c) 2011-2012 NEC Laboratories America (Koray Kavukcuoglu)
Copyright (c) 2011-2013 NYU                      (Clement Farabet)
Copyright (c) 2006-2010 NEC Laboratories America (Ronan Collobert, Leon Bottou, Iain Melvin, Jason Weston)
Copyright (c) 2006      Idiap Research Institute (Samy Bengio)
Copyright (c) 2001-2004 Idiap Research Institute (Ronan Collobert, Samy Bengio, Johnny Mariethoz)
Copyright (c) 2015      Google Inc.
Copyright (c) 2015      Yangqing Jia
Copyright (c) 2013-2016 The Caffe contributors
All rights reserved.

Various files include modifications (c) NVIDIA CORPORATION & AFFILIATES.  All rights reserved.

This container image and its contents are governed by the NVIDIA Deep Learning Container License.
By pulling and using the container, you accept the terms and conditions of this license:
https://developer.nvidia.com/ngc/nvidia-deep-learning-container-license

{
  "torch": "2.6.0a0+ecf3bae40a.nv25.01",
  "cuda": "12.8",
  "max_batch": 256,
  "max_frames": 2001,
  "aoti_api": true,
  "exported": false,
  "error_type": "UserError",
  "error": "Constraints violated (mel_frames)! For more information, run with TORCH_LOGS=\"+dynamic\".\n  - Not all values of mel_frames = L['args'][0][0].size()[2] in the specified range 8 <= mel_frames <= 2001 satisfy the generated guard Ne(Mod(1, 2*(((L['args'][0][0].size()[2] - 1)//8)) + 1), 0).\n  - Not all values of mel_frames = L['args'][0][0].size()[2] in the specified range 8 <= mel_frames <= 2001 satisfy the generated guard Ne(Mod(((L['args'][0][0].size()[2] - 1)//8) + 1, 2*(((L['args'][0][0].size()[2] - 1)//8)) + 2), 0).\n  - Not all values of mel_frames = L['args'][0][0].size()[2] in the specified range 8 <= mel_frames <= 2001 satisfy the generated guard Ne(Mod(2*(((L['args'][0][0].size()[2] - 1)//8)) + 1, ((L['args'][0][0].size()[2] - 1)//8) + 1), 0).\n  - Not all values of mel_frames = L['args'][0][0].size()[2] in the specified range 8 <= mel_frames <= 2001 satisfy the generated guard 9 <= L['args'][0][0].size()[2] and L['args'][0][0].size()[2] <= 2001\nSuggested fixes:\n  mel_frames = Dim('mel_frames', min=9, max=2001)",
  "traceback": " File \"/usr/local/lib/python3.12/dist-packages/torch/_export/non_strict_utils.py\", line 333, in produce_guards_and_solve_constraints\n    raise constraint_violation_error\n  File \"/usr/local/lib/python3.12/dist-packages/torch/_export/non_strict_utils.py\", line 298, in produce_guards_and_solve_constraints\n    shape_env.produce_guards(\n  File \"/usr/local/lib/python3.12/dist-packages/torch/fx/experimental/symbolic_shapes.py\", line 4413, in produce_guards\n    return self.produce_guards_verbose(*args, **kwargs)[0]\n           ^^^^^^^^^^^^^^^^^^^^^^^^^^^^^^^^^^^^^^^^^^^^\n  File \"/usr/local/lib/python3.12/dist-packages/torch/fx/experimental/symbolic_shapes.py\", line 5090, in produce_guards_verbose\n    raise ConstraintViolationError(\ntorch.fx.experimental.symbolic_shapes.ConstraintViolationError: Constraints violated (mel_frames)! For more information, run with TORCH_LOGS=\"+dynamic\".\n  - Not all values of mel_frames = L['args'][0][0].size()[2] in the specified range 8 <= mel_frames <= 2001 satisfy the generated guard Ne(Mod(1, 2*(((L['args'][0][0].size()[2] - 1)//8)) + 1), 0).\n  - Not all values of mel_frames = L['args'][0][0].size()[2] in the specified range 8 <= mel_frames <= 2001 satisfy the generated guard Ne(Mod(((L['args'][0][0].size()[2] - 1)//8) + 1, 2*(((L['args'][0][0].size()[2] - 1)//8)) + 2), 0).\n  - Not all values of mel_frames = L['args'][0][0].size()[2] in the specified range 8 <= mel_frames <= 2001 satisfy the generated guard Ne(Mod(2*(((L['args'][0][0].size()[2] - 1)//8)) + 1, ((L['args'][0][0].size()[2] - 1)//8) + 1), 0).\n  - Not all values of mel_frames = L['args'][0][0].size()[2] in the specified range 8 <= mel_frames <= 2001 satisfy the generated guard 9 <= L['args'][0][0].size()[2] and L['args'][0][0].size()[2] <= 2001\nSuggested fixes:\n  mel_frames = Dim('mel_frames', min=9, max=2001)\n\nDuring handling of the above exception, another exception occurred:\n\nTraceback (most recent call last):\n  File \"/workspace/export_encoder_aoti.py\", line 45, in main\n    exported = torch.export.export(\n               ^^^^^^^^^^^^^^^^^^^^\n  File \"/usr/local/lib/python3.12/dist-packages/torch/export/__init__.py\", line 368, in export\n    return _export(\n           ^^^^^^^^\n  File \"/usr/local/lib/python3.12/dist-packages/torch/export/_trace.py\", line 1031, in wrapper\n    raise e\n  File \"/usr/local/lib/python3.12/dist-packages/torch/export/_trace.py\", line 1004, in wrapper\n    ep = fn(*args, **kwargs)\n         ^^^^^^^^^^^^^^^^^^^\n  File \"/usr/local/lib/python3.12/dist-packages/torch/export/exported_program.py\", line 127, in wrapper\n    return fn(*args, **kwargs)\n           ^^^^^^^^^^^^^^^^^^^\n  File \"/usr/local/lib/python3.12/dist-packages/torch/export/_trace.py\", line 1967, in _export\n    return _export_for_training(\n           ^^^^^^^^^^^^^^^^^^^^^\n  File \"/usr/local/lib/python3.12/dist-packages/torch/export/_trace.py\", line 1031, in wrapper\n    raise e\n  File \"/usr/local/lib/python3.12/dist-packages/torch/export/_trace.py\", line 1004, in wrapper\n    ep = fn(*args, **kwargs)\n         ^^^^^^^^^^^^^^^^^^^\n  File \"/usr/local/lib/python3.12/dist-packages/torch/export/exported_program.py\", line 127, in wrapper\n    return fn(*args, **kwargs)\n           ^^^^^^^^^^^^^^^^^^^\n  File \"/usr/local/lib/python3.12/dist-packages/torch/export/_trace.py\", line 1831, in _export_for_training\n    export_artifact = export_func(  # type: ignore[operator]\n                      ^^^^^^^^^^^^^^^^^^^^^^^^^^^^^^^^^^^^^^\n  File \"/usr/local/lib/python3.12/dist-packages/torch/export/_trace.py\", line 1768, in _non_strict_export\n    aten_export_artifact = _to_aten_func(  # type: ignore[operator]\n                           ^^^^^^^^^^^^^^^^^^^^^^^^^^^^^^^^^^^^^^^^\n  File \"/usr/local/lib/python3.12/dist-packages/torch/export/_trace.py\", line 1590, in _export_to_aten_ir_make_fx\n    raise UserError(UserErrorType.CONSTRAINT_VIOLATION, str(e))  # noqa: B904\n    ^^^^^^^^^^^^^^^^^^^^^^^^^^^^^^^^^^^^^^^^^^^^^^^^^^^^^^^^^^^\ntorch._dynamo.exc.UserError: Constraints violated (mel_frames)! For more information, run with TORCH_LOGS=\"+dynamic\".\n  - Not all values of mel_frames = L['args'][0][0].size()[2] in the specified range 8 <= mel_frames <= 2001 satisfy the generated guard Ne(Mod(1, 2*(((L['args'][0][0].size()[2] - 1)//8)) + 1), 0).\n  - Not all values of mel_frames = L['args'][0][0].size()[2] in the specified range 8 <= mel_frames <= 2001 satisfy the generated guard Ne(Mod(((L['args'][0][0].size()[2] - 1)//8) + 1, 2*(((L['args'][0][0].size()[2] - 1)//8)) + 2), 0).\n  - Not all values of mel_frames = L['args'][0][0].size()[2] in the specified range 8 <= mel_frames <= 2001 satisfy the generated guard Ne(Mod(2*(((L['args'][0][0].size()[2] - 1)//8)) + 1, ((L['args'][0][0].size()[2] - 1)//8) + 1), 0).\n  - Not all values of mel_frames = L['args'][0][0].size()[2] in the specified range 8 <= mel_frames <= 2001 satisfy the generated guard 9 <= L['args'][0][0].size()[2] and L['args'][0][0].size()[2] <= 2001\nSuggested fixes:\n  mel_frames = Dim('mel_frames', min=9, max=2001)\n"
}
