
=============
== PyTorch ==
=============

NVIDIA Release 25.04 (build 159049541)
PyTorch Version 2.7.0a0+79aa174
Container image Copyright (c) 2025, NVIDIA CORPORATION & AFFILIATES. All rights reserved.
Copyright (c) 2014-2024 Facebook Inc.
Copyright (c) 2011-2014 Idiap Research Institute (Ronan Collobert)
Copyright (c) 2012-2014 Deepmind Technologies    (Koray Kavukcuoglu)
Copyright (c) 2011-2012 NEC Laboratories America (Koray Kavukcuoglu)
Copyright (c) 2011-2013 NYU                      (Clement Farabet)
Copyright (c) 2006-2010 NEC Laboratories America (Ronan Collobert, Leon Bottou, Iain Melvin, Jason Weston)
Copyright (c) 2006      Idiap Research Institute (Samy Bengio)
Copyright (c) 2001-2004 Idiap Research Institute (Ronan Collobert, Samy Bengio, Johnny Mariethoz)
Copyright (c) 2015      Google Inc.
Copyright (c) 2015      Yangqing Jia
Copyright (c) 2013-2016 The Caffe contributors
All rights reserved.

Various files include modifications (c) NVIDIA CORPORATION & AFFILIATES.  All rights reserved.

GOVERNING TERMS: The software and materials are governed by the NVIDIA Software License Agreement
(found at https://www.nvidia.com/en-us/agreements/enterprise-software/nvidia-software-license-agreement/)
and the Product-Specific Terms for NVIDIA AI Products
(found at https://www.nvidia.com/en-us/agreements/enterprise-software/product-specific-terms-for-ai-products/).

INFO:root:Model has dynamic inputs: ['audio_signal', 'lengths']!
[09/15/2026-16:01:32] [TRT] [W] ModelImporter.cpp:503: Make sure input lengths has Int64 binding.
[09/15/2026-16:01:34] [TRT] [W] ModelImporter.cpp:848: Make sure output encoded_lengths has Int64 binding.
INFO:root:No custom ops found. If that's not correct, please make sure that the 'tensorrt' python package is correctly installed and that the paths to 'libcudnn*.so' and TensorRT 'lib/' are in 'LD_LIBRARY_PATH'. If the custom op is not directly available as a plugin in TensorRT, please also make sure that the path to the compiled '.so' TensorRT plugin is also being given via the  '--trt_plugins' flag (requires TRT 10+).
INFO:root:Model /workspace/artifacts/shrutam2_encoder_equiv_fp32.onnx with opset_version 17 is loaded.
INFO:root:Quantization Mode: fp8
WARNING:root:Failed to enable ORT with CUDA EP: 'libcudnn_adv*.so* is not accessible in LD_LIBRARY_PATH! Please make sure that the path to that library is in the env var to use the CUDA or TensorRT EP and ensure that the correct version is available. Versioning compatibility can be checked at https://onnxruntime.ai/docs/execution-providers/CUDA-ExecutionProvider.html#requirements.'
INFO:root:Successfully enabled 1 EPs for ORT: ['CPUExecutionProvider']
INFO:root:Quantizable op types in the model: ['Conv', 'MatMul']
INFO:root:Found unpaddable conv for FP8: /subsampling/conv/conv.0/Conv
INFO:root:Found unpaddable conv for FP8: /subsampling/conv/conv.2/Conv
INFO:root:Found unpaddable conv for FP8: /subsampling/conv/conv.5/Conv
INFO:root:Found unpaddable conv for FP8: /layers.0/conv/depthwise_conv/Conv
INFO:root:Found unpaddable conv for FP8: /layers.1/conv/depthwise_conv/Conv
INFO:root:Found unpaddable conv for FP8: /layers.2/conv/depthwise_conv/Conv
INFO:root:Found unpaddable conv for FP8: /layers.3/conv/depthwise_conv/Conv
INFO:root:Found unpaddable conv for FP8: /layers.4/conv/depthwise_conv/Conv
INFO:root:Found unpaddable conv for FP8: /layers.5/conv/depthwise_conv/Conv
INFO:root:Found unpaddable conv for FP8: /layers.6/conv/depthwise_conv/Conv
INFO:root:Found unpaddable conv for FP8: /layers.7/conv/depthwise_conv/Conv
INFO:root:Found unpaddable conv for FP8: /layers.8/conv/depthwise_conv/Conv
INFO:root:Found unpaddable conv for FP8: /layers.9/conv/depthwise_conv/Conv
INFO:root:Found unpaddable conv for FP8: /layers.10/conv/depthwise_conv/Conv
INFO:root:Found unpaddable conv for FP8: /layers.11/conv/depthwise_conv/Conv
INFO:root:Found unpaddable conv for FP8: /layers.12/conv/depthwise_conv/Conv
INFO:root:Found unpaddable conv for FP8: /layers.13/conv/depthwise_conv/Conv
INFO:root:Found unpaddable conv for FP8: /layers.14/conv/depthwise_conv/Conv
INFO:root:Found unpaddable conv for FP8: /layers.15/conv/depthwise_conv/Conv
INFO:root:Found unpaddable conv for FP8: /layers.16/conv/depthwise_conv/Conv
INFO:root:Found unpaddable conv for FP8: /layers.17/conv/depthwise_conv/Conv
INFO:root:Found unpaddable conv for FP8: /layers.18/conv/depthwise_conv/Conv
INFO:root:Found unpaddable conv for FP8: /layers.19/conv/depthwise_conv/Conv
INFO:root:Found unpaddable conv for FP8: /layers.20/conv/depthwise_conv/Conv
INFO:root:Found unpaddable conv for FP8: /layers.21/conv/depthwise_conv/Conv
INFO:root:Found unpaddable conv for FP8: /layers.22/conv/depthwise_conv/Conv
INFO:root:Found unpaddable conv for FP8: /layers.23/conv/depthwise_conv/Conv
INFO:root:Total number of nodes: 3975
WARNING:root:Please consider to run pre-processing before quantization. Refer to example: https://github.com/microsoft/onnxruntime-inference-examples/blob/main/quantization/image_classification/cpu/ReadMe.md
WARNING:root:Please consider pre-processing before quantization. See https://github.com/microsoft/onnxruntime-inference-examples/blob/main/quantization/image_classification/cpu/ReadMe.md
[''][W] Could not convert: FLOAT8E4M3FN to a corresponding NumPy type. The original ONNX type will be preserved.
INFO:root:Deleting QDQ nodes from marked inputs to make certain operations fusible ...
INFO:root:Fusing Q nodes for INT8/FP8 mode
INFO:root:Removing 54 redundant Cast nodes
INFO:root:Total number of nodes: 4868
INFO:root:Total number of quantized nodes: 387
INFO:root:Quantized type counts: {'Conv': 50, 'MatMul': 289, 'Shape': 48}
INFO:root:Quantized onnx model is saved as /workspace/artifacts/shrutam2_encoder_modelopt_fp8.onnx
{
  "source_onnx": "/workspace/artifacts/shrutam2_encoder_equiv_fp32.onnx",
  "calibration": "/workspace/artifacts/encoder_equiv_fp8_calibration.npz",
  "output": "/workspace/artifacts/shrutam2_encoder_modelopt_fp8.onnx",
  "output_bytes": 1709127,
  "quantize_linear_nodes": 340,
  "dequantize_linear_nodes": 607,
  "operator_counts": {
    "Constant": 1253,
    "Transpose": 195,
    "Add": 389,
    "ConstantOfShape": 24,
    "Unsqueeze": 418,
    "DequantizeLinear": 607,
    "Div": 3,
    "Concat": 169,
    "Conv": 77,
    "Reshape": 217,
    "Relu": 3,
    "Slice": 73,
    "QuantizeLinear": 340,
    "Cast": 2,
    "Shape": 149,
    "Gather": 149,
    "Mul": 194,
    "MatMul": 289,
    "LayerNormalization": 120,
    "Sub": 2,
    "Range": 1,
    "Less": 1,
    "Sigmoid": 96,
    "Not": 1,
    "Pad": 24,
    "Where": 24,
    "Softmax": 24,
    "Split": 24
  }
}

=============
== PyTorch ==
=============

NVIDIA Release 25.04 (build 159049541)
PyTorch Version 2.7.0a0+79aa174
Container image Copyright (c) 2025, NVIDIA CORPORATION & AFFILIATES. All rights reserved.
Copyright (c) 2014-2024 Facebook Inc.
Copyright (c) 2011-2014 Idiap Research Institute (Ronan Collobert)
Copyright (c) 2012-2014 Deepmind Technologies    (Koray Kavukcuoglu)
Copyright (c) 2011-2012 NEC Laboratories America (Koray Kavukcuoglu)
Copyright (c) 2011-2013 NYU                      (Clement Farabet)
Copyright (c) 2006-2010 NEC Laboratories America (Ronan Collobert, Leon Bottou, Iain Melvin, Jason Weston)
Copyright (c) 2006      Idiap Research Institute (Samy Bengio)
Copyright (c) 2001-2004 Idiap Research Institute (Ronan Collobert, Samy Bengio, Johnny Mariethoz)
Copyright (c) 2015      Google Inc.
Copyright (c) 2015      Yangqing Jia
Copyright (c) 2013-2016 The Caffe contributors
All rights reserved.

Various files include modifications (c) NVIDIA CORPORATION & AFFILIATES.  All rights reserved.

GOVERNING TERMS: The software and materials are governed by the NVIDIA Software License Agreement
(found at https://www.nvidia.com/en-us/agreements/enterprise-software/nvidia-software-license-agreement/)
and the Product-Specific Terms for NVIDIA AI Products
(found at https://www.nvidia.com/en-us/agreements/enterprise-software/product-specific-terms-for-ai-products/).

&&&& RUNNING TensorRT.trtexec [TensorRT v101000] [b31] # /usr/local/tensorrt/targets/x86_64-linux-gnu/bin/trtexec --onnx=/workspace/artifacts/shrutam2_encoder_equiv_bf16.onnx --saveEngine=/workspace/artifacts/shrutam2_encoder_equiv_bf16.plan --bf16 --minShapes=audio_signal:1x80x101,lengths:1 --optShapes=audio_signal:32x80x501,lengths:32 --maxShapes=audio_signal:64x80x2001,lengths:64 --memPoolSize=workspace:16384 --builderOptimizationLevel=5 --timingCacheFile=/workspace/artifacts/shrutam2_encoder_equiv_bf16.timing.cache --profilingVerbosity=detailed
[09/15/2026-16:24:55] [I] === Model Options ===
[09/15/2026-16:24:55] [I] Format: ONNX
[09/15/2026-16:24:55] [I] Model: /workspace/artifacts/shrutam2_encoder_equiv_bf16.onnx
[09/15/2026-16:24:55] [I] Output:
[09/15/2026-16:24:55] [I] === Build Options ===
[09/15/2026-16:24:55] [I] Memory Pools: workspace: 16384 MiB, dlaSRAM: default, dlaLocalDRAM: default, dlaGlobalDRAM: default, tacticSharedMem: default
[09/15/2026-16:24:55] [I] avgTiming: 8
[09/15/2026-16:24:55] [I] Precision: FP32+BF16
[09/15/2026-16:24:55] [I] LayerPrecisions:
[09/15/2026-16:24:55] [I] Layer Device Types:
[09/15/2026-16:24:55] [I] Calibration:
[09/15/2026-16:24:55] [I] Refit: Disabled
[09/15/2026-16:24:55] [I] Strip weights: Disabled
[09/15/2026-16:24:55] [I] Version Compatible: Disabled
[09/15/2026-16:24:55] [I] ONNX Plugin InstanceNorm: Disabled
[09/15/2026-16:24:55] [I] TensorRT runtime: full
[09/15/2026-16:24:55] [I] Lean DLL Path:
[09/15/2026-16:24:55] [I] Tempfile Controls: { in_memory: allow, temporary: allow }
[09/15/2026-16:24:55] [I] Exclude Lean Runtime: Disabled
[09/15/2026-16:24:55] [I] Sparsity: Disabled
[09/15/2026-16:24:55] [I] Safe mode: Disabled
[09/15/2026-16:24:55] [I] Build DLA standalone loadable: Disabled
[09/15/2026-16:24:55] [I] Allow GPU fallback for DLA: Disabled
[09/15/2026-16:24:55] [I] DirectIO mode: Disabled
[09/15/2026-16:24:55] [I] Restricted mode: Disabled
[09/15/2026-16:24:55] [I] Skip inference: Disabled
[09/15/2026-16:24:55] [I] Save engine: /workspace/artifacts/shrutam2_encoder_equiv_bf16.plan
[09/15/2026-16:24:55] [I] Load engine:
[09/15/2026-16:24:55] [I] Profiling verbosity: 2
[09/15/2026-16:24:55] [I] Tactic sources: Using default tactic sources
[09/15/2026-16:24:55] [I] timingCacheMode: global
[09/15/2026-16:24:55] [I] timingCacheFile: /workspace/artifacts/shrutam2_encoder_equiv_bf16.timing.cache
[09/15/2026-16:24:55] [I] Enable Compilation Cache: Enabled
[09/15/2026-16:24:55] [I] Enable Monitor Memory: Disabled
[09/15/2026-16:24:55] [I] errorOnTimingCacheMiss: Disabled
[09/15/2026-16:24:55] [I] Preview Features: Use default preview flags.
[09/15/2026-16:24:55] [I] MaxAuxStreams: -1
[09/15/2026-16:24:55] [I] BuilderOptimizationLevel: 5
[09/15/2026-16:24:55] [I] MaxTactics: -1
[09/15/2026-16:24:55] [I] Calibration Profile Index: 0
[09/15/2026-16:24:55] [I] Weight Streaming: Disabled
[09/15/2026-16:24:55] [I] Runtime Platform: Same As Build
[09/15/2026-16:24:55] [I] Debug Tensors:
[09/15/2026-16:24:55] [I] Input(s)s format: fp32:CHW
[09/15/2026-16:24:55] [I] Output(s)s format: fp32:CHW
[09/15/2026-16:24:55] [I] Input build shape (profile 0): audio_signal=1x80x101+32x80x501+64x80x2001
[09/15/2026-16:24:55] [I] Input build shape (profile 0): lengths=1+32+64
[09/15/2026-16:24:55] [I] Input calibration shapes: model
[09/15/2026-16:24:55] [I] === System Options ===
[09/15/2026-16:24:55] [I] Device: 0
[09/15/2026-16:24:55] [I] DLACore:
[09/15/2026-16:24:55] [I] Plugins:
[09/15/2026-16:24:55] [I] setPluginsToSerialize:
[09/15/2026-16:24:55] [I] dynamicPlugins:
[09/15/2026-16:24:55] [I] ignoreParsedPluginLibs: 0
[09/15/2026-16:24:55] [I]
[09/15/2026-16:24:55] [I] === Inference Options ===
[09/15/2026-16:24:55] [I] Batch: Explicit
[09/15/2026-16:24:55] [I] Input inference shape : lengths=32
[09/15/2026-16:24:55] [I] Input inference shape : audio_signal=32x80x501
[09/15/2026-16:24:55] [I] Iterations: 10
[09/15/2026-16:24:55] [I] Duration: 3s (+ 200ms warm up)
[09/15/2026-16:24:55] [I] Sleep time: 0ms
[09/15/2026-16:24:55] [I] Idle time: 0ms
[09/15/2026-16:24:55] [I] Inference Streams: 1
[09/15/2026-16:24:55] [I] ExposeDMA: Disabled
[09/15/2026-16:24:55] [I] Data transfers: Enabled
[09/15/2026-16:24:55] [I] Spin-wait: Disabled
[09/15/2026-16:24:55] [I] Multithreading: Disabled
[09/15/2026-16:24:55] [I] CUDA Graph: Disabled
[09/15/2026-16:24:55] [I] Separate profiling: Disabled
[09/15/2026-16:24:55] [I] Time Deserialize: Disabled
[09/15/2026-16:24:55] [I] Time Refit: Disabled
[09/15/2026-16:24:55] [I] NVTX verbosity: 2
[09/15/2026-16:24:55] [I] Persistent Cache Ratio: 0
[09/15/2026-16:24:55] [I] Optimization Profile Index: 0
[09/15/2026-16:24:55] [I] Weight Streaming Budget: 100.000000%
[09/15/2026-16:24:55] [I] Inputs:
[09/15/2026-16:24:55] [I] Debug Tensor Save Destinations:
[09/15/2026-16:24:55] [I] === Reporting Options ===
[09/15/2026-16:24:55] [I] Verbose: Disabled
[09/15/2026-16:24:55] [I] Averages: 10 inferences
[09/15/2026-16:24:55] [I] Percentiles: 90,95,99
[09/15/2026-16:24:55] [I] Dump refittable layers:Disabled
[09/15/2026-16:24:55] [I] Dump output: Disabled
[09/15/2026-16:24:55] [I] Profile: Disabled
[09/15/2026-16:24:55] [I] Export timing to JSON file:
[09/15/2026-16:24:55] [I] Export output to JSON file:
[09/15/2026-16:24:55] [I] Export profile to JSON file:
[09/15/2026-16:24:55] [I]
[09/15/2026-16:24:55] [I] === Device Information ===
[09/15/2026-16:24:55] [I] Available Devices:
[09/15/2026-16:24:55] [I]   Device 0: "NVIDIA RTX PRO 6000 Blackwell Server Edition" UUID: GPU-d1db34e3-b39f-9ed9-46aa-3def878c0b42
[09/15/2026-16:24:55] [I] Selected Device: NVIDIA RTX PRO 6000 Blackwell Server Edition
[09/15/2026-16:24:55] [I] Selected Device ID: 0
[09/15/2026-16:24:55] [I] Selected Device UUID: GPU-d1db34e3-b39f-9ed9-46aa-3def878c0b42
[09/15/2026-16:24:55] [I] Compute Capability: 12.0
[09/15/2026-16:24:55] [I] SMs: 188
[09/15/2026-16:24:55] [I] Device Global Memory: 97251 MiB
[09/15/2026-16:24:55] [I] Shared Memory per SM: 100 KiB
[09/15/2026-16:24:55] [I] Memory Bus Width: 512 bits (ECC enabled)
[09/15/2026-16:24:55] [I] Application Compute Clock Rate: 2.43 GHz
[09/15/2026-16:24:55] [I] Application Memory Clock Rate: 12.481 GHz
[09/15/2026-16:24:55] [I]
[09/15/2026-16:24:55] [I] Note: The application clock rates do not reflect the actual clock rates that the GPU is currently running at.
[09/15/2026-16:24:55] [I]
[09/15/2026-16:24:55] [I] TensorRT version: 10.10.0
[09/15/2026-16:24:55] [I] Loading standard plugins
[09/15/2026-16:24:55] [I] [TRT] [MemUsageChange] Init CUDA: CPU +2, GPU +0, now: CPU 38, GPU 558 (MiB)
[09/15/2026-16:24:57] [I] [TRT] [MemUsageChange] Init builder kernel library: CPU +1737, GPU +4, now: CPU 1976, GPU 562 (MiB)
[09/15/2026-16:24:57] [I] Start parsing network model.
[09/15/2026-16:25:06] [I] [TRT] ----------------------------------------------------------------
[09/15/2026-16:25:06] [I] [TRT] Input filename:   /workspace/artifacts/shrutam2_encoder_equiv_bf16.onnx
[09/15/2026-16:25:06] [I] [TRT] ONNX IR version:  0.0.8
[09/15/2026-16:25:06] [I] [TRT] Opset version:    17
[09/15/2026-16:25:06] [I] [TRT] Producer name:    pytorch
[09/15/2026-16:25:06] [I] [TRT] Producer version: 2.6.0
[09/15/2026-16:25:06] [I] [TRT] Domain:
[09/15/2026-16:25:06] [I] [TRT] Model version:    0
[09/15/2026-16:25:06] [I] [TRT] Doc string:
[09/15/2026-16:25:06] [I] [TRT] ----------------------------------------------------------------
[09/15/2026-16:25:06] [W] [TRT] ModelImporter.cpp:503: Make sure input lengths has Int64 binding.
[09/15/2026-16:25:07] [W] [TRT] ModelImporter.cpp:848: Make sure output encoded_lengths has Int64 binding.
[09/15/2026-16:25:07] [I] Finished parsing network model. Parse time: 9.61033
[09/15/2026-16:25:07] [I] Set shape of input tensor audio_signal for optimization profile 0 to: MIN=1x80x101 OPT=32x80x501 MAX=64x80x2001
[09/15/2026-16:25:07] [I] Set shape of input tensor lengths for optimization profile 0 to: MIN=1 OPT=32 MAX=64
[09/15/2026-16:25:07] [W] [TRT] Could not read timing cache from: /workspace/artifacts/shrutam2_encoder_equiv_bf16.timing.cache. A new timing cache will be generated and written.
[09/15/2026-16:25:09] [I] [TRT] Global timing cache in use. Profiling results in this builder pass will be stored.
[09/15/2026-16:25:10] [I] [TRT] Compiler backend is used during engine build.
[09/15/2026-16:27:27] [I] [TRT] [GraphReduction] The approximate region cut reduction algorithm is called.
[09/15/2026-16:27:27] [I] [TRT] Detected 2 inputs and 2 output network tensors.
[09/15/2026-16:27:49] [I] [TRT] Total Host Persistent Memory: 812288 bytes
[09/15/2026-16:27:49] [I] [TRT] Total Device Persistent Memory: 0 bytes
[09/15/2026-16:27:49] [I] [TRT] Max Scratch Memory: 132136960 bytes
[09/15/2026-16:27:49] [I] [TRT] [BlockAssignment] Started assigning block shifts. This will take 2031 steps to complete.
[09/15/2026-16:27:49] [I] [TRT] [BlockAssignment] Algorithm ShiftNTopDown took 118.16ms to assign 11 blocks to 2031 nodes requiring 3707982848 bytes.
[09/15/2026-16:27:49] [I] [TRT] Total Activation Memory: 3707982848 bytes
[09/15/2026-16:27:49] [I] [TRT] Total Weights Memory: 1388686592 bytes
[09/15/2026-16:27:49] [I] [TRT] Compiler backend is used during engine execution.
[09/15/2026-16:27:49] [I] [TRT] Engine generation completed in 159.952 seconds.
[09/15/2026-16:27:49] [I] [TRT] [MS] Running engine with multi stream info
[09/15/2026-16:27:49] [I] [TRT] [MS] Number of aux streams is 2
[09/15/2026-16:27:49] [I] [TRT] [MS] Number of total worker streams is 3
[09/15/2026-16:27:49] [I] [TRT] [MS] The main stream provided by execute/enqueue calls is the first worker stream
[09/15/2026-16:27:51] [I] [TRT] [MemUsageChange] TensorRT-managed allocation in IExecutionContext creation: CPU +1, GPU +3536, now: CPU 2, GPU 4861 (MiB)
[09/15/2026-16:27:52] [I] [TRT] Global timing cache in use. Profiling results in this builder pass will be stored.
[09/15/2026-16:27:52] [I] [TRT] Compiler backend is used during engine build.
[09/15/2026-16:29:07] [I] [TRT] Detected 2 inputs and 2 output network tensors.
[09/15/2026-16:29:19] [I] [TRT] Total Host Persistent Memory: 487856 bytes
[09/15/2026-16:29:19] [I] [TRT] Total Device Persistent Memory: 0 bytes
[09/15/2026-16:29:19] [I] [TRT] Max Scratch Memory: 460713984 bytes
[09/15/2026-16:29:19] [I] [TRT] [BlockAssignment] Started assigning block shifts. This will take 520 steps to complete.
[09/15/2026-16:29:19] [I] [TRT] [BlockAssignment] Algorithm ShiftNTopDown took 15.0325ms to assign 8 blocks to 520 nodes requiring 5412699136 bytes.
[09/15/2026-16:29:19] [I] [TRT] Total Activation Memory: 5412699136 bytes
[09/15/2026-16:29:19] [I] [TRT] Total Weights Memory: 1387795968 bytes
[09/15/2026-16:29:19] [I] [TRT] Compiler backend is used during engine execution.
[09/15/2026-16:29:19] [I] [TRT] Engine generation completed in 87.3837 seconds.
[09/15/2026-16:29:19] [I] [TRT] [MS] Running engine with multi stream info
[09/15/2026-16:29:19] [I] [TRT] [MS] Number of aux streams is 1
[09/15/2026-16:29:19] [I] [TRT] [MS] Number of total worker streams is 2
[09/15/2026-16:29:19] [I] [TRT] [MS] The main stream provided by execute/enqueue calls is the first worker stream
[09/15/2026-16:29:20] [I] [TRT] [MemUsageChange] TensorRT-managed allocation in IExecutionContext creation: CPU +1, GPU +5162, now: CPU 1, GPU 7810 (MiB)
[09/15/2026-16:29:21] [I] [TRT] Global timing cache in use. Profiling results in this builder pass will be stored.
[09/15/2026-16:29:21] [I] [TRT] Compiler backend is used during engine build.
[09/15/2026-16:30:02] [I] [TRT] Detected 2 inputs and 2 output network tensors.
[09/15/2026-16:30:12] [I] [TRT] Total Host Persistent Memory: 508288 bytes
[09/15/2026-16:30:12] [I] [TRT] Total Device Persistent Memory: 0 bytes
[09/15/2026-16:30:12] [I] [TRT] Max Scratch Memory: 460713984 bytes
[09/15/2026-16:30:12] [I] [TRT] [BlockAssignment] Started assigning block shifts. This will take 612 steps to complete.
[09/15/2026-16:30:12] [I] [TRT] [BlockAssignment] Algorithm ShiftNTopDown took 21.7543ms to assign 8 blocks to 612 nodes requiring 3445308416 bytes.
[09/15/2026-16:30:12] [I] [TRT] Total Activation Memory: 3445308416 bytes
[09/15/2026-16:30:12] [I] [TRT] Total Weights Memory: 1387795968 bytes
[09/15/2026-16:30:12] [I] [TRT] Compiler backend is used during engine execution.
[09/15/2026-16:30:12] [I] [TRT] Engine generation completed in 51.4142 seconds.
[09/15/2026-16:30:12] [I] [TRT] [MS] Running engine with multi stream info
[09/15/2026-16:30:12] [I] [TRT] [MS] Number of aux streams is 1
[09/15/2026-16:30:12] [I] [TRT] [MS] Number of total worker streams is 2
[09/15/2026-16:30:12] [I] [TRT] [MS] The main stream provided by execute/enqueue calls is the first worker stream
[09/15/2026-16:30:13] [I] [TRT] [MemUsageChange] TensorRT-managed allocation in IExecutionContext creation: CPU +1, GPU +3286, now: CPU 1, GPU 5933 (MiB)
[09/15/2026-16:30:14] [I] [TRT] [MemUsageStats] Peak memory usage of TRT CPU/GPU memory allocators: CPU 125 MiB, GPU 7817 MiB
[09/15/2026-16:30:15] [I] Engine built in 307.893 sec.
[09/15/2026-16:30:15] [I] Created engine with size: 1368.75 MiB
[09/15/2026-16:30:15] [W] [TRT] Could not read timing cache from: /workspace/artifacts/shrutam2_encoder_equiv_bf16.timing.cache. A new timing cache will be generated and written.
[09/15/2026-16:30:15] [I] [TRT] Serialized 4856 bytes of code generator cache.
[09/15/2026-16:30:15] [I] [TRT] Serialized 5935095 bytes of compilation cache.
[09/15/2026-16:30:15] [I] [TRT] Serialized 970 timing cache entries
[09/15/2026-16:30:15] [I] [TRT] Saved 6040999 bytes of timing cache to /workspace/artifacts/shrutam2_encoder_equiv_bf16.timing.cache
[09/15/2026-16:30:17] [I] [TRT] Loaded engine size: 1368 MiB
[09/15/2026-16:30:17] [I] Engine deserialized in 0.795886 sec.
[09/15/2026-16:30:17] [I] [TRT] [MS] Running engine with multi stream info
[09/15/2026-16:30:17] [I] [TRT] [MS] Number of aux streams is 1
[09/15/2026-16:30:17] [I] [TRT] [MS] Number of total worker streams is 2
[09/15/2026-16:30:17] [I] [TRT] [MS] The main stream provided by execute/enqueue calls is the first worker stream
[09/15/2026-16:30:18] [I] [TRT] [MemUsageChange] TensorRT-managed allocation in IExecutionContext creation: CPU +0, GPU +3286, now: CPU 0, GPU 4609 (MiB)
[09/15/2026-16:30:18] [I] Setting persistentCacheLimit to 0 bytes.
[09/15/2026-16:30:18] [I] Set shape of input tensor audio_signal to: 32x80x501
[09/15/2026-16:30:18] [I] Set shape of input tensor lengths to: 32
[09/15/2026-16:30:18] [I] Created execution context with device memory size: 3285.7 MiB
[09/15/2026-16:30:18] [I] Using random values for input audio_signal
[09/15/2026-16:30:18] [I] Input binding for audio_signal with dimensions 32x80x501 is created.
[09/15/2026-16:30:18] [I] Using random values for input lengths
[09/15/2026-16:30:18] [I] Input binding for lengths with dimensions 32 is created.
[09/15/2026-16:30:18] [I] Output binding for encoded with dimensions 32x1024x63 is created.
[09/15/2026-16:30:18] [I] Output binding for encoded_lengths with dimensions 32 is created.
[09/15/2026-16:30:18] [I] Starting inference
[09/15/2026-16:30:21] [I] Warmup completed 13 queries over 200 ms
[09/15/2026-16:30:21] [I] Timing trace has 231 queries over 3.03816 s
[09/15/2026-16:30:21] [I]
[09/15/2026-16:30:21] [I] === Trace details ===
[09/15/2026-16:30:21] [I] Trace averages of 10 runs:
[09/15/2026-16:30:21] [I] Average on 10 runs - GPU latency: 13.1859 ms - Host latency: 13.3179 ms (enqueue 9.69077 ms)
[09/15/2026-16:30:21] [I] Average on 10 runs - GPU latency: 13.0952 ms - Host latency: 13.2261 ms (enqueue 9.60544 ms)
[09/15/2026-16:30:21] [I] Average on 10 runs - GPU latency: 13.0948 ms - Host latency: 13.226 ms (enqueue 9.61053 ms)
[09/15/2026-16:30:21] [I] Average on 10 runs - GPU latency: 13.0952 ms - Host latency: 13.2264 ms (enqueue 9.61 ms)
[09/15/2026-16:30:21] [I] Average on 10 runs - GPU latency: 13.0946 ms - Host latency: 13.2266 ms (enqueue 9.60742 ms)
[09/15/2026-16:30:21] [I] Average on 10 runs - GPU latency: 13.0942 ms - Host latency: 13.231 ms (enqueue 9.61012 ms)
[09/15/2026-16:30:21] [I] Average on 10 runs - GPU latency: 13.0908 ms - Host latency: 13.222 ms (enqueue 9.60163 ms)
[09/15/2026-16:30:21] [I] Average on 10 runs - GPU latency: 13.0906 ms - Host latency: 13.2201 ms (enqueue 9.59581 ms)
[09/15/2026-16:30:21] [I] Average on 10 runs - GPU latency: 13.0859 ms - Host latency: 13.2163 ms (enqueue 9.59308 ms)
[09/15/2026-16:30:21] [I] Average on 10 runs - GPU latency: 13.0898 ms - Host latency: 13.2203 ms (enqueue 9.59239 ms)
[09/15/2026-16:30:21] [I] Average on 10 runs - GPU latency: 13.0836 ms - Host latency: 13.2138 ms (enqueue 9.59215 ms)
[09/15/2026-16:30:21] [I] Average on 10 runs - GPU latency: 13.0872 ms - Host latency: 13.2178 ms (enqueue 9.59397 ms)
[09/15/2026-16:30:21] [I] Average on 10 runs - GPU latency: 13.0859 ms - Host latency: 13.2156 ms (enqueue 9.58856 ms)
[09/15/2026-16:30:21] [I] Average on 10 runs - GPU latency: 13.0868 ms - Host latency: 13.2166 ms (enqueue 9.58972 ms)
[09/15/2026-16:30:21] [I] Average on 10 runs - GPU latency: 13.0879 ms - Host latency: 13.2182 ms (enqueue 9.59617 ms)
[09/15/2026-16:30:21] [I] Average on 10 runs - GPU latency: 13.0859 ms - Host latency: 13.2157 ms (enqueue 9.58828 ms)
[09/15/2026-16:30:21] [I] Average on 10 runs - GPU latency: 13.0858 ms - Host latency: 13.2162 ms (enqueue 9.59143 ms)
[09/15/2026-16:30:21] [I] Average on 10 runs - GPU latency: 13.087 ms - Host latency: 13.2195 ms (enqueue 9.59241 ms)
[09/15/2026-16:30:21] [I] Average on 10 runs - GPU latency: 13.0896 ms - Host latency: 13.219 ms (enqueue 9.59302 ms)
[09/15/2026-16:30:21] [I] Average on 10 runs - GPU latency: 13.0864 ms - Host latency: 13.2167 ms (enqueue 9.60012 ms)
[09/15/2026-16:30:21] [I] Average on 10 runs - GPU latency: 13.0892 ms - Host latency: 13.2198 ms (enqueue 9.60708 ms)
[09/15/2026-16:30:21] [I] Average on 10 runs - GPU latency: 13.0874 ms - Host latency: 13.2175 ms (enqueue 9.60481 ms)
[09/15/2026-16:30:21] [I] Average on 10 runs - GPU latency: 13.0876 ms - Host latency: 13.2176 ms (enqueue 9.60415 ms)
[09/15/2026-16:30:21] [I]
[09/15/2026-16:30:21] [I] === Performance summary ===
[09/15/2026-16:30:21] [I] Throughput: 76.0328 qps
[09/15/2026-16:30:21] [I] Latency: min = 13.1998 ms, max = 13.4413 ms, mean = 13.2241 ms, median = 13.2198 ms, percentile(90%) = 13.2307 ms, percentile(95%) = 13.2376 ms, percentile(99%) = 13.4294 ms
[09/15/2026-16:30:21] [I] Enqueue Time: min = 9.57129 ms, max = 9.76042 ms, mean = 9.60256 ms, median = 9.59848 ms, percentile(90%) = 9.61447 ms, percentile(95%) = 9.62042 ms, percentile(99%) = 9.74867 ms
[09/15/2026-16:30:21] [I] H2D Latency: min = 0.052124 ms, max = 0.102356 ms, mean = 0.0550997 ms, median = 0.0544434 ms, percentile(90%) = 0.0563965 ms, percentile(95%) = 0.0583496 ms, percentile(99%) = 0.0628052 ms
[09/15/2026-16:30:21] [I] GPU Compute Time: min = 13.072 ms, max = 13.3105 ms, mean = 13.0933 ms, median = 13.0891 ms, percentile(90%) = 13.0995 ms, percentile(95%) = 13.1038 ms, percentile(99%) = 13.2957 ms
[09/15/2026-16:30:21] [I] D2H Latency: min = 0.0737305 ms, max = 0.083374 ms, mean = 0.0757286 ms, median = 0.0754395 ms, percentile(90%) = 0.0768433 ms, percentile(95%) = 0.0777588 ms, percentile(99%) = 0.0795898 ms
[09/15/2026-16:30:21] [I] Total Host Walltime: 3.03816 s
[09/15/2026-16:30:21] [I] Total GPU Compute Time: 3.02455 s
[09/15/2026-16:30:21] [I] Explanations of the performance metrics are printed in the verbose logs.
[09/15/2026-16:30:21] [I]
&&&& PASSED TensorRT.trtexec [TensorRT v101000] [b31] # /usr/local/tensorrt/targets/x86_64-linux-gnu/bin/trtexec --onnx=/workspace/artifacts/shrutam2_encoder_equiv_bf16.onnx --saveEngine=/workspace/artifacts/shrutam2_encoder_equiv_bf16.plan --bf16 --minShapes=audio_signal:1x80x101,lengths:1 --optShapes=audio_signal:32x80x501,lengths:32 --maxShapes=audio_signal:64x80x2001,lengths:64 --memPoolSize=workspace:16384 --builderOptimizationLevel=5 --timingCacheFile=/workspace/artifacts/shrutam2_encoder_equiv_bf16.timing.cache --profilingVerbosity=detailed
-rw-r--r-- 1 root root 1.4G Sep 15 16:30 /workspace/artifacts/shrutam2_encoder_equiv_bf16.plan
-rw-r--r-- 1 root root 5.8M Sep 15 16:30 /workspace/artifacts/shrutam2_encoder_equiv_bf16.timing.cache

=============
== PyTorch ==
=============

NVIDIA Release 25.04 (build 159049541)
PyTorch Version 2.7.0a0+79aa174
Container image Copyright (c) 2025, NVIDIA CORPORATION & AFFILIATES. All rights reserved.
Copyright (c) 2014-2024 Facebook Inc.
Copyright (c) 2011-2014 Idiap Research Institute (Ronan Collobert)
Copyright (c) 2012-2014 Deepmind Technologies    (Koray Kavukcuoglu)
Copyright (c) 2011-2012 NEC Laboratories America (Koray Kavukcuoglu)
Copyright (c) 2011-2013 NYU                      (Clement Farabet)
Copyright (c) 2006-2010 NEC Laboratories America (Ronan Collobert, Leon Bottou, Iain Melvin, Jason Weston)
Copyright (c) 2006      Idiap Research Institute (Samy Bengio)
Copyright (c) 2001-2004 Idiap Research Institute (Ronan Collobert, Samy Bengio, Johnny Mariethoz)
Copyright (c) 2015      Google Inc.
Copyright (c) 2015      Yangqing Jia
Copyright (c) 2013-2016 The Caffe contributors
All rights reserved.

Various files include modifications (c) NVIDIA CORPORATION & AFFILIATES.  All rights reserved.

GOVERNING TERMS: The software and materials are governed by the NVIDIA Software License Agreement
(found at https://www.nvidia.com/en-us/agreements/enterprise-software/nvidia-software-license-agreement/)
and the Product-Specific Terms for NVIDIA AI Products
(found at https://www.nvidia.com/en-us/agreements/enterprise-software/product-specific-terms-for-ai-products/).

&&&& RUNNING TensorRT.trtexec [TensorRT v101000] [b31] # /usr/local/tensorrt/targets/x86_64-linux-gnu/bin/trtexec --onnx=/workspace/artifacts/shrutam2_encoder_modelopt_fp8.onnx --saveEngine=/workspace/artifacts/shrutam2_encoder_modelopt_fp8.plan --stronglyTyped --minShapes=audio_signal:1x80x101,lengths:1 --optShapes=audio_signal:32x80x501,lengths:32 --maxShapes=audio_signal:64x80x2001,lengths:64 --memPoolSize=workspace:16384 --builderOptimizationLevel=5 --timingCacheFile=/workspace/artifacts/shrutam2_encoder_modelopt_fp8.timing.cache --profilingVerbosity=detailed
[09/15/2026-16:30:32] [I] === Model Options ===
[09/15/2026-16:30:32] [I] Format: ONNX
[09/15/2026-16:30:32] [I] Model: /workspace/artifacts/shrutam2_encoder_modelopt_fp8.onnx
[09/15/2026-16:30:32] [I] Output:
[09/15/2026-16:30:32] [I] === Build Options ===
[09/15/2026-16:30:32] [I] Memory Pools: workspace: 16384 MiB, dlaSRAM: default, dlaLocalDRAM: default, dlaGlobalDRAM: default, tacticSharedMem: default
[09/15/2026-16:30:32] [I] avgTiming: 8
[09/15/2026-16:30:32] [I] Precision: Strongly Typed
[09/15/2026-16:30:32] [I] LayerPrecisions:
[09/15/2026-16:30:32] [I] Layer Device Types:
[09/15/2026-16:30:32] [I] Calibration:
[09/15/2026-16:30:32] [I] Refit: Disabled
[09/15/2026-16:30:32] [I] Strip weights: Disabled
[09/15/2026-16:30:32] [I] Version Compatible: Disabled
[09/15/2026-16:30:32] [I] ONNX Plugin InstanceNorm: Disabled
[09/15/2026-16:30:32] [I] TensorRT runtime: full
[09/15/2026-16:30:32] [I] Lean DLL Path:
[09/15/2026-16:30:32] [I] Tempfile Controls: { in_memory: allow, temporary: allow }
[09/15/2026-16:30:32] [I] Exclude Lean Runtime: Disabled
[09/15/2026-16:30:32] [I] Sparsity: Disabled
[09/15/2026-16:30:32] [I] Safe mode: Disabled
[09/15/2026-16:30:32] [I] Build DLA standalone loadable: Disabled
[09/15/2026-16:30:32] [I] Allow GPU fallback for DLA: Disabled
[09/15/2026-16:30:32] [I] DirectIO mode: Disabled
[09/15/2026-16:30:32] [I] Restricted mode: Disabled
[09/15/2026-16:30:32] [I] Skip inference: Disabled
[09/15/2026-16:30:32] [I] Save engine: /workspace/artifacts/shrutam2_encoder_modelopt_fp8.plan
[09/15/2026-16:30:32] [I] Load engine:
[09/15/2026-16:30:32] [I] Profiling verbosity: 2
[09/15/2026-16:30:32] [I] Tactic sources: Using default tactic sources
[09/15/2026-16:30:32] [I] timingCacheMode: global
[09/15/2026-16:30:32] [I] timingCacheFile: /workspace/artifacts/shrutam2_encoder_modelopt_fp8.timing.cache
[09/15/2026-16:30:32] [I] Enable Compilation Cache: Enabled
[09/15/2026-16:30:32] [I] Enable Monitor Memory: Disabled
[09/15/2026-16:30:32] [I] errorOnTimingCacheMiss: Disabled
[09/15/2026-16:30:32] [I] Preview Features: Use default preview flags.
[09/15/2026-16:30:32] [I] MaxAuxStreams: -1
[09/15/2026-16:30:32] [I] BuilderOptimizationLevel: 5
[09/15/2026-16:30:32] [I] MaxTactics: -1
[09/15/2026-16:30:32] [I] Calibration Profile Index: 0
[09/15/2026-16:30:32] [I] Weight Streaming: Disabled
[09/15/2026-16:30:32] [I] Runtime Platform: Same As Build
[09/15/2026-16:30:32] [I] Debug Tensors:
[09/15/2026-16:30:32] [I] Input(s)s format: fp32:CHW
[09/15/2026-16:30:32] [I] Output(s)s format: fp32:CHW
[09/15/2026-16:30:32] [I] Input build shape (profile 0): audio_signal=1x80x101+32x80x501+64x80x2001
[09/15/2026-16:30:32] [I] Input build shape (profile 0): lengths=1+32+64
[09/15/2026-16:30:32] [I] Input calibration shapes: model
[09/15/2026-16:30:32] [I] === System Options ===
[09/15/2026-16:30:32] [I] Device: 0
[09/15/2026-16:30:32] [I] DLACore:
[09/15/2026-16:30:32] [I] Plugins:
[09/15/2026-16:30:32] [I] setPluginsToSerialize:
[09/15/2026-16:30:32] [I] dynamicPlugins:
[09/15/2026-16:30:32] [I] ignoreParsedPluginLibs: 0
[09/15/2026-16:30:32] [I]
[09/15/2026-16:30:32] [I] === Inference Options ===
[09/15/2026-16:30:32] [I] Batch: Explicit
[09/15/2026-16:30:32] [I] Input inference shape : lengths=32
[09/15/2026-16:30:32] [I] Input inference shape : audio_signal=32x80x501
[09/15/2026-16:30:32] [I] Iterations: 10
[09/15/2026-16:30:32] [I] Duration: 3s (+ 200ms warm up)
[09/15/2026-16:30:32] [I] Sleep time: 0ms
[09/15/2026-16:30:32] [I] Idle time: 0ms
[09/15/2026-16:30:32] [I] Inference Streams: 1
[09/15/2026-16:30:32] [I] ExposeDMA: Disabled
[09/15/2026-16:30:32] [I] Data transfers: Enabled
[09/15/2026-16:30:32] [I] Spin-wait: Disabled
[09/15/2026-16:30:32] [I] Multithreading: Disabled
[09/15/2026-16:30:32] [I] CUDA Graph: Disabled
[09/15/2026-16:30:32] [I] Separate profiling: Disabled
[09/15/2026-16:30:32] [I] Time Deserialize: Disabled
[09/15/2026-16:30:32] [I] Time Refit: Disabled
[09/15/2026-16:30:32] [I] NVTX verbosity: 2
[09/15/2026-16:30:32] [I] Persistent Cache Ratio: 0
[09/15/2026-16:30:32] [I] Optimization Profile Index: 0
[09/15/2026-16:30:32] [I] Weight Streaming Budget: 100.000000%
[09/15/2026-16:30:32] [I] Inputs:
[09/15/2026-16:30:32] [I] Debug Tensor Save Destinations:
[09/15/2026-16:30:32] [I] === Reporting Options ===
[09/15/2026-16:30:32] [I] Verbose: Disabled
[09/15/2026-16:30:32] [I] Averages: 10 inferences
[09/15/2026-16:30:32] [I] Percentiles: 90,95,99
[09/15/2026-16:30:32] [I] Dump refittable layers:Disabled
[09/15/2026-16:30:32] [I] Dump output: Disabled
[09/15/2026-16:30:32] [I] Profile: Disabled
[09/15/2026-16:30:32] [I] Export timing to JSON file:
[09/15/2026-16:30:32] [I] Export output to JSON file:
[09/15/2026-16:30:32] [I] Export profile to JSON file:
[09/15/2026-16:30:32] [I]
[09/15/2026-16:30:32] [I] === Device Information ===
[09/15/2026-16:30:32] [I] Available Devices:
[09/15/2026-16:30:32] [I]   Device 0: "NVIDIA RTX PRO 6000 Blackwell Server Edition" UUID: GPU-d1db34e3-b39f-9ed9-46aa-3def878c0b42
[09/15/2026-16:30:32] [I] Selected Device: NVIDIA RTX PRO 6000 Blackwell Server Edition
[09/15/2026-16:30:32] [I] Selected Device ID: 0
[09/15/2026-16:30:32] [I] Selected Device UUID: GPU-d1db34e3-b39f-9ed9-46aa-3def878c0b42
[09/15/2026-16:30:32] [I] Compute Capability: 12.0
[09/15/2026-16:30:32] [I] SMs: 188
[09/15/2026-16:30:32] [I] Device Global Memory: 97251 MiB
[09/15/2026-16:30:32] [I] Shared Memory per SM: 100 KiB
[09/15/2026-16:30:32] [I] Memory Bus Width: 512 bits (ECC enabled)
[09/15/2026-16:30:32] [I] Application Compute Clock Rate: 2.43 GHz
[09/15/2026-16:30:32] [I] Application Memory Clock Rate: 12.481 GHz
[09/15/2026-16:30:32] [I]
[09/15/2026-16:30:32] [I] Note: The application clock rates do not reflect the actual clock rates that the GPU is currently running at.
[09/15/2026-16:30:32] [I]
[09/15/2026-16:30:32] [I] TensorRT version: 10.10.0
[09/15/2026-16:30:32] [I] Loading standard plugins
[09/15/2026-16:30:32] [I] [TRT] [MemUsageChange] Init CUDA: CPU +2, GPU +0, now: CPU 38, GPU 558 (MiB)
[09/15/2026-16:30:34] [I] [TRT] [MemUsageChange] Init builder kernel library: CPU +1737, GPU +4, now: CPU 1976, GPU 562 (MiB)
[09/15/2026-16:30:34] [I] Start parsing network model.
[09/15/2026-16:30:34] [I] [TRT] ----------------------------------------------------------------
[09/15/2026-16:30:34] [I] [TRT] Input filename:   /workspace/artifacts/shrutam2_encoder_modelopt_fp8.onnx
[09/15/2026-16:30:34] [I] [TRT] ONNX IR version:  0.0.10
[09/15/2026-16:30:34] [I] [TRT] Opset version:    17
[09/15/2026-16:30:34] [I] [TRT] Producer name:    onnx.quantize
[09/15/2026-16:30:34] [I] [TRT] Producer version: 0.1.0
[09/15/2026-16:30:34] [I] [TRT] Domain:
[09/15/2026-16:30:34] [I] [TRT] Model version:    0
[09/15/2026-16:30:34] [I] [TRT] Doc string:
[09/15/2026-16:30:34] [I] [TRT] ----------------------------------------------------------------
[09/15/2026-16:30:34] [W] [TRT] ModelImporter.cpp:503: Make sure input lengths has Int64 binding.
[09/15/2026-16:30:43] [I] Finished parsing network model. Parse time: 8.94177
[09/15/2026-16:30:43] [W] [TRT] ModelImporter.cpp:848: Make sure output encoded_lengths has Int64 binding.
[09/15/2026-16:30:43] [I] Set shape of input tensor audio_signal for optimization profile 0 to: MIN=1x80x101 OPT=32x80x501 MAX=64x80x2001
[09/15/2026-16:30:43] [I] Set shape of input tensor lengths for optimization profile 0 to: MIN=1 OPT=32 MAX=64
[09/15/2026-16:30:43] [W] [TRT] Could not read timing cache from: /workspace/artifacts/shrutam2_encoder_modelopt_fp8.timing.cache. A new timing cache will be generated and written.
[09/15/2026-16:30:46] [I] [TRT] Global timing cache in use. Profiling results in this builder pass will be stored.
[09/15/2026-16:30:49] [I] [TRT] Compiler backend is used during engine build.
[09/15/2026-16:31:51] [I] [TRT] [GraphReduction] The approximate region cut reduction algorithm is called.
[09/15/2026-16:31:51] [I] [TRT] Detected 2 inputs and 2 output network tensors.
[09/15/2026-16:32:08] [I] [TRT] Total Host Persistent Memory: 241552 bytes
[09/15/2026-16:32:08] [I] [TRT] Total Device Persistent Memory: 0 bytes
[09/15/2026-16:32:08] [I] [TRT] Max Scratch Memory: 820838400 bytes
[09/15/2026-16:32:08] [I] [TRT] [BlockAssignment] Started assigning block shifts. This will take 2108 steps to complete.
[09/15/2026-16:32:08] [I] [TRT] [BlockAssignment] Algorithm ShiftNTopDown took 237.937ms to assign 15 blocks to 2108 nodes requiring 3782598656 bytes.
[09/15/2026-16:32:08] [I] [TRT] Total Activation Memory: 3782597632 bytes
[09/15/2026-16:32:09] [I] [TRT] Total Weights Memory: 2440753536 bytes
[09/15/2026-16:32:09] [I] [TRT] Compiler backend is used during engine execution.
[09/15/2026-16:32:09] [I] [TRT] Engine generation completed in 82.7751 seconds.
[09/15/2026-16:32:09] [I] [TRT] [MS] Running engine with multi stream info
[09/15/2026-16:32:09] [I] [TRT] [MS] Number of aux streams is 4
[09/15/2026-16:32:09] [I] [TRT] [MS] Number of total worker streams is 5
[09/15/2026-16:32:09] [I] [TRT] [MS] The main stream provided by execute/enqueue calls is the first worker stream
[09/15/2026-16:32:11] [I] [TRT] [MemUsageChange] TensorRT-managed allocation in IExecutionContext creation: CPU +0, GPU +3607, now: CPU 0, GPU 5935 (MiB)
[09/15/2026-16:32:12] [I] [TRT] Global timing cache in use. Profiling results in this builder pass will be stored.
[09/15/2026-16:32:13] [I] [TRT] Compiler backend is used during engine build.
[09/15/2026-16:32:48] [I] [TRT] [GraphReduction] The approximate region cut reduction algorithm is called.
[09/15/2026-16:32:48] [I] [TRT] Detected 2 inputs and 2 output network tensors.
[09/15/2026-16:32:51] [I] [TRT] Total Host Persistent Memory: 144288 bytes
[09/15/2026-16:32:51] [I] [TRT] Total Device Persistent Memory: 0 bytes
[09/15/2026-16:32:51] [I] [TRT] Max Scratch Memory: 820838400 bytes
[09/15/2026-16:32:51] [I] [TRT] [BlockAssignment] Started assigning block shifts. This will take 155 steps to complete.
[09/15/2026-16:32:51] [I] [TRT] [BlockAssignment] Algorithm ShiftNTopDown took 3.77582ms to assign 9 blocks to 155 nodes requiring 5447650816 bytes.
[09/15/2026-16:32:51] [I] [TRT] Total Activation Memory: 5447650304 bytes
[09/15/2026-16:32:51] [I] [TRT] Total Weights Memory: 694957956 bytes
[09/15/2026-16:32:51] [I] [TRT] Compiler backend is used during engine execution.
[09/15/2026-16:32:51] [I] [TRT] Engine generation completed in 38.9333 seconds.
[09/15/2026-16:32:51] [I] [TRT] [MS] Running engine with multi stream info
[09/15/2026-16:32:51] [I] [TRT] [MS] Number of aux streams is 2
[09/15/2026-16:32:51] [I] [TRT] [MS] Number of total worker streams is 3
[09/15/2026-16:32:51] [I] [TRT] [MS] The main stream provided by execute/enqueue calls is the first worker stream
[09/15/2026-16:32:52] [I] [TRT] [MemUsageChange] TensorRT-managed allocation in IExecutionContext creation: CPU +0, GPU +5196, now: CPU 0, GPU 8186 (MiB)
[09/15/2026-16:32:52] [I] [TRT] Global timing cache in use. Profiling results in this builder pass will be stored.
[09/15/2026-16:32:52] [I] [TRT] Compiler backend is used during engine build.
[09/15/2026-16:33:21] [I] [TRT] [GraphReduction] The approximate region cut reduction algorithm is called.
[09/15/2026-16:33:21] [I] [TRT] Detected 2 inputs and 2 output network tensors.
[09/15/2026-16:33:24] [I] [TRT] Total Host Persistent Memory: 144768 bytes
[09/15/2026-16:33:24] [I] [TRT] Total Device Persistent Memory: 0 bytes
[09/15/2026-16:33:24] [I] [TRT] Max Scratch Memory: 820838400 bytes
[09/15/2026-16:33:24] [I] [TRT] [BlockAssignment] Started assigning block shifts. This will take 154 steps to complete.
[09/15/2026-16:33:24] [I] [TRT] [BlockAssignment] Algorithm ShiftNTopDown took 3.70892ms to assign 9 blocks to 154 nodes requiring 3536582144 bytes.
[09/15/2026-16:33:24] [I] [TRT] Total Activation Memory: 3536581632 bytes
[09/15/2026-16:33:24] [I] [TRT] Total Weights Memory: 694957956 bytes
[09/15/2026-16:33:24] [I] [TRT] Compiler backend is used during engine execution.
[09/15/2026-16:33:24] [I] [TRT] Engine generation completed in 31.9205 seconds.
[09/15/2026-16:33:24] [I] [TRT] [MS] Running engine with multi stream info
[09/15/2026-16:33:24] [I] [TRT] [MS] Number of aux streams is 2
[09/15/2026-16:33:24] [I] [TRT] [MS] Number of total worker streams is 3
[09/15/2026-16:33:24] [I] [TRT] [MS] The main stream provided by execute/enqueue calls is the first worker stream
[09/15/2026-16:33:25] [I] [TRT] [MemUsageChange] TensorRT-managed allocation in IExecutionContext creation: CPU +0, GPU +3373, now: CPU 0, GPU 4698 (MiB)
[09/15/2026-16:33:25] [I] [TRT] [MemUsageStats] Peak memory usage of TRT CPU/GPU memory allocators: CPU 0 MiB, GPU 8199 MiB
[09/15/2026-16:33:26] [I] Engine built in 162.43 sec.
[09/15/2026-16:33:26] [I] Created engine with size: 689.237 MiB
[09/15/2026-16:33:26] [W] [TRT] Could not read timing cache from: /workspace/artifacts/shrutam2_encoder_modelopt_fp8.timing.cache. A new timing cache will be generated and written.
[09/15/2026-16:33:26] [I] [TRT] Serialized 4372 bytes of code generator cache.
[09/15/2026-16:33:26] [I] [TRT] Serialized 3056583 bytes of compilation cache.
[09/15/2026-16:33:26] [I] [TRT] Serialized 705 timing cache entries
[09/15/2026-16:33:26] [I] [TRT] Saved 3134443 bytes of timing cache to /workspace/artifacts/shrutam2_encoder_modelopt_fp8.timing.cache
[09/15/2026-16:33:27] [I] [TRT] Loaded engine size: 689 MiB
[09/15/2026-16:33:27] [I] Engine deserialized in 0.40344 sec.
[09/15/2026-16:33:27] [I] [TRT] [MS] Running engine with multi stream info
[09/15/2026-16:33:27] [I] [TRT] [MS] Number of aux streams is 2
[09/15/2026-16:33:27] [I] [TRT] [MS] Number of total worker streams is 3
[09/15/2026-16:33:27] [I] [TRT] [MS] The main stream provided by execute/enqueue calls is the first worker stream
[09/15/2026-16:33:28] [I] [TRT] [MemUsageChange] TensorRT-managed allocation in IExecutionContext creation: CPU +0, GPU +3373, now: CPU 0, GPU 4035 (MiB)
[09/15/2026-16:33:28] [I] Setting persistentCacheLimit to 0 bytes.
[09/15/2026-16:33:28] [I] Set shape of input tensor audio_signal to: 32x80x501
[09/15/2026-16:33:28] [I] Set shape of input tensor lengths to: 32
[09/15/2026-16:33:28] [I] Created execution context with device memory size: 3372.75 MiB
[09/15/2026-16:33:28] [I] Using random values for input audio_signal
[09/15/2026-16:33:28] [I] Input binding for audio_signal with dimensions 32x80x501 is created.
[09/15/2026-16:33:28] [I] Using random values for input lengths
[09/15/2026-16:33:28] [I] Input binding for lengths with dimensions 32 is created.
[09/15/2026-16:33:28] [I] Output binding for encoded with dimensions 32x1024x63 is created.
[09/15/2026-16:33:28] [I] Output binding for encoded_lengths with dimensions 32 is created.
[09/15/2026-16:33:28] [I] Starting inference
[09/15/2026-16:33:31] [I] Warmup completed 16 queries over 200 ms
[09/15/2026-16:33:31] [I] Timing trace has 300 queries over 3.02968 s
[09/15/2026-16:33:31] [I]
[09/15/2026-16:33:31] [I] === Trace details ===
[09/15/2026-16:33:31] [I] Trace averages of 10 runs:
[09/15/2026-16:33:31] [I] Average on 10 runs - GPU latency: 10.2718 ms - Host latency: 10.5271 ms (enqueue 3.58023 ms)
[09/15/2026-16:33:31] [I] Average on 10 runs - GPU latency: 10.0868 ms - Host latency: 10.3418 ms (enqueue 3.53277 ms)
[09/15/2026-16:33:31] [I] Average on 10 runs - GPU latency: 10.0573 ms - Host latency: 10.3113 ms (enqueue 3.51117 ms)
[09/15/2026-16:33:31] [I] Average on 10 runs - GPU latency: 10.0619 ms - Host latency: 10.3138 ms (enqueue 3.51255 ms)
[09/15/2026-16:33:31] [I] Average on 10 runs - GPU latency: 10.0562 ms - Host latency: 10.3096 ms (enqueue 3.51311 ms)
[09/15/2026-16:33:31] [I] Average on 10 runs - GPU latency: 10.0558 ms - Host latency: 10.3092 ms (enqueue 3.50593 ms)
[09/15/2026-16:33:31] [I] Average on 10 runs - GPU latency: 10.0544 ms - Host latency: 10.3063 ms (enqueue 3.51107 ms)
[09/15/2026-16:33:31] [I] Average on 10 runs - GPU latency: 10.0609 ms - Host latency: 10.3118 ms (enqueue 3.51439 ms)
[09/15/2026-16:33:31] [I] Average on 10 runs - GPU latency: 10.0603 ms - Host latency: 10.3137 ms (enqueue 3.51465 ms)
[09/15/2026-16:33:31] [I] Average on 10 runs - GPU latency: 10.0559 ms - Host latency: 10.3087 ms (enqueue 3.5104 ms)
[09/15/2026-16:33:31] [I] Average on 10 runs - GPU latency: 10.0541 ms - Host latency: 10.306 ms (enqueue 3.51198 ms)
[09/15/2026-16:33:31] [I] Average on 10 runs - GPU latency: 10.0552 ms - Host latency: 10.3071 ms (enqueue 3.50974 ms)
[09/15/2026-16:33:31] [I] Average on 10 runs - GPU latency: 10.0603 ms - Host latency: 10.3138 ms (enqueue 3.51233 ms)
[09/15/2026-16:33:31] [I] Average on 10 runs - GPU latency: 10.0546 ms - Host latency: 10.307 ms (enqueue 3.50986 ms)
[09/15/2026-16:33:31] [I] Average on 10 runs - GPU latency: 10.0552 ms - Host latency: 10.3082 ms (enqueue 3.51344 ms)
[09/15/2026-16:33:31] [I] Average on 10 runs - GPU latency: 10.0575 ms - Host latency: 10.3084 ms (enqueue 3.51273 ms)
[09/15/2026-16:33:31] [I] Average on 10 runs - GPU latency: 10.0575 ms - Host latency: 10.3119 ms (enqueue 3.5163 ms)
[09/15/2026-16:33:31] [I] Average on 10 runs - GPU latency: 10.0534 ms - Host latency: 10.3132 ms (enqueue 3.52102 ms)
[09/15/2026-16:33:31] [I] Average on 10 runs - GPU latency: 10.0538 ms - Host latency: 10.3119 ms (enqueue 3.52454 ms)
[09/15/2026-16:33:31] [I] Average on 10 runs - GPU latency: 10.05 ms - Host latency: 10.3091 ms (enqueue 3.52043 ms)
[09/15/2026-16:33:31] [I] Average on 10 runs - GPU latency: 10.0573 ms - Host latency: 10.315 ms (enqueue 3.524 ms)
[09/15/2026-16:33:31] [I] Average on 10 runs - GPU latency: 10.0536 ms - Host latency: 10.3094 ms (enqueue 3.526 ms)
[09/15/2026-16:33:31] [I] Average on 10 runs - GPU latency: 10.0549 ms - Host latency: 10.3138 ms (enqueue 3.52124 ms)
[09/15/2026-16:33:31] [I] Average on 10 runs - GPU latency: 10.0527 ms - Host latency: 10.3101 ms (enqueue 3.52029 ms)
[09/15/2026-16:33:31] [I] Average on 10 runs - GPU latency: 10.0488 ms - Host latency: 10.3146 ms (enqueue 3.51807 ms)
[09/15/2026-16:33:31] [I] Average on 10 runs - GPU latency: 10.0549 ms - Host latency: 10.3179 ms (enqueue 3.51218 ms)
[09/15/2026-16:33:31] [I] Average on 10 runs - GPU latency: 10.0483 ms - Host latency: 10.3055 ms (enqueue 3.5208 ms)
[09/15/2026-16:33:31] [I] Average on 10 runs - GPU latency: 10.0491 ms - Host latency: 10.3067 ms (enqueue 3.5229 ms)
[09/15/2026-16:33:31] [I] Average on 10 runs - GPU latency: 10.0513 ms - Host latency: 10.3091 ms (enqueue 3.52561 ms)
[09/15/2026-16:33:31] [I] Average on 10 runs - GPU latency: 10.0541 ms - Host latency: 10.3116 ms (enqueue 3.52612 ms)
[09/15/2026-16:33:31] [I]
[09/15/2026-16:33:31] [I] === Performance summary ===
[09/15/2026-16:33:31] [I] Throughput: 99.0202 qps
[09/15/2026-16:33:31] [I] Latency: min = 10.2847 ms, max = 10.5502 ms, mean = 10.3188 ms, median = 10.3114 ms, percentile(90%) = 10.3266 ms, percentile(95%) = 10.3345 ms, percentile(99%) = 10.5304 ms
[09/15/2026-16:33:31] [I] Enqueue Time: min = 3.48639 ms, max = 3.59668 ms, mean = 3.51919 ms, median = 3.51727 ms, percentile(90%) = 3.53003 ms, percentile(95%) = 3.53711 ms, percentile(99%) = 3.58679 ms
[09/15/2026-16:33:31] [I] H2D Latency: min = 0.0983887 ms, max = 0.125732 ms, mean = 0.104486 ms, median = 0.102173 ms, percentile(90%) = 0.109863 ms, percentile(95%) = 0.110352 ms, percentile(99%) = 0.119873 ms
[09/15/2026-16:33:31] [I] GPU Compute Time: min = 10.0244 ms, max = 10.2885 ms, mean = 10.0633 ms, median = 10.0552 ms, percentile(90%) = 10.0695 ms, percentile(95%) = 10.0746 ms, percentile(99%) = 10.2785 ms
[09/15/2026-16:33:31] [I] D2H Latency: min = 0.145752 ms, max = 0.170654 ms, mean = 0.151037 ms, median = 0.150497 ms, percentile(90%) = 0.152832 ms, percentile(95%) = 0.15387 ms, percentile(99%) = 0.168457 ms
[09/15/2026-16:33:31] [I] Total Host Walltime: 3.02968 s
[09/15/2026-16:33:31] [I] Total GPU Compute Time: 3.01898 s
[09/15/2026-16:33:31] [I] Explanations of the performance metrics are printed in the verbose logs.
[09/15/2026-16:33:31] [I]
&&&& PASSED TensorRT.trtexec [TensorRT v101000] [b31] # /usr/local/tensorrt/targets/x86_64-linux-gnu/bin/trtexec --onnx=/workspace/artifacts/shrutam2_encoder_modelopt_fp8.onnx --saveEngine=/workspace/artifacts/shrutam2_encoder_modelopt_fp8.plan --stronglyTyped --minShapes=audio_signal:1x80x101,lengths:1 --optShapes=audio_signal:32x80x501,lengths:32 --maxShapes=audio_signal:64x80x2001,lengths:64 --memPoolSize=workspace:16384 --builderOptimizationLevel=5 --timingCacheFile=/workspace/artifacts/shrutam2_encoder_modelopt_fp8.timing.cache --profilingVerbosity=detailed
-rw-r--r-- 1 root root 690M Sep 15 16:33 /workspace/artifacts/shrutam2_encoder_modelopt_fp8.plan
-rw-r--r-- 1 root root 3.0M Sep 15 16:33 /workspace/artifacts/shrutam2_encoder_modelopt_fp8.timing.cache
{
  "shrutam2_encoder_equiv_bf16.plan": {
    "bytes": 1435234620,
    "sha256": "d70c163304847f2a99104e09845f411102c1505a7dc3a4a498cbef8f3098d3d5"
  },
  "shrutam2_encoder_modelopt_fp8.plan": {
    "bytes": 722717276,
    "sha256": "54367a7a6589039368fde7250c0ec70546ea42151f8d0b9df7372ec64d0092f9"
  }
}
