
=============
== PyTorch ==
=============

NVIDIA Release 25.04 (build 159049541)
PyTorch Version 2.7.0a0+79aa174
Container image Copyright (c) 2025, NVIDIA CORPORATION & AFFILIATES. All rights reserved.
Copyright (c) 2014-2024 Facebook Inc.
Copyright (c) 2011-2014 Idiap Research Institute (Ronan Collobert)
Copyright (c) 2012-2014 Deepmind Technologies    (Koray Kavukcuoglu)
Copyright (c) 2011-2012 NEC Laboratories America (Koray Kavukcuoglu)
Copyright (c) 2011-2013 NYU                      (Clement Farabet)
Copyright (c) 2006-2010 NEC Laboratories America (Ronan Collobert, Leon Bottou, Iain Melvin, Jason Weston)
Copyright (c) 2006      Idiap Research Institute (Samy Bengio)
Copyright (c) 2001-2004 Idiap Research Institute (Ronan Collobert, Samy Bengio, Johnny Mariethoz)
Copyright (c) 2015      Google Inc.
Copyright (c) 2015      Yangqing Jia
Copyright (c) 2013-2016 The Caffe contributors
All rights reserved.

Various files include modifications (c) NVIDIA CORPORATION & AFFILIATES.  All rights reserved.

GOVERNING TERMS: The software and materials are governed by the NVIDIA Software License Agreement
(found at https://www.nvidia.com/en-us/agreements/enterprise-software/nvidia-software-license-agreement/)
and the Product-Specific Terms for NVIDIA AI Products
(found at https://www.nvidia.com/en-us/agreements/enterprise-software/product-specific-terms-for-ai-products/).

&&&& RUNNING TensorRT.trtexec [TensorRT v101000] [b31] # /usr/local/tensorrt/targets/x86_64-linux-gnu/bin/trtexec --onnx=/workspace/artifacts/shrutam2_encoder_equiv_bf16.onnx --saveEngine=/workspace/artifacts/shrutam2_encoder_equiv_bf16.plan --bf16 --minShapes=audio_signal:1x80x101,lengths:1 --optShapes=audio_signal:32x80x501,lengths:32 --maxShapes=audio_signal:64x80x2001,lengths:64 --memPoolSize=workspace:16384 --builderOptimizationLevel=5 --timingCacheFile=/workspace/artifacts/shrutam2_encoder_equiv_bf16.timing.cache --profilingVerbosity=detailed
[09/15/2026-16:24:55] [I] === Model Options ===
[09/15/2026-16:24:55] [I] Format: ONNX
[09/15/2026-16:24:55] [I] Model: /workspace/artifacts/shrutam2_encoder_equiv_bf16.onnx
[09/15/2026-16:24:55] [I] Output:
[09/15/2026-16:24:55] [I] === Build Options ===
[09/15/2026-16:24:55] [I] Memory Pools: workspace: 16384 MiB, dlaSRAM: default, dlaLocalDRAM: default, dlaGlobalDRAM: default, tacticSharedMem: default
[09/15/2026-16:24:55] [I] avgTiming: 8
[09/15/2026-16:24:55] [I] Precision: FP32+BF16
[09/15/2026-16:24:55] [I] LayerPrecisions:
[09/15/2026-16:24:55] [I] Layer Device Types:
[09/15/2026-16:24:55] [I] Calibration:
[09/15/2026-16:24:55] [I] Refit: Disabled
[09/15/2026-16:24:55] [I] Strip weights: Disabled
[09/15/2026-16:24:55] [I] Version Compatible: Disabled
[09/15/2026-16:24:55] [I] ONNX Plugin InstanceNorm: Disabled
[09/15/2026-16:24:55] [I] TensorRT runtime: full
[09/15/2026-16:24:55] [I] Lean DLL Path:
[09/15/2026-16:24:55] [I] Tempfile Controls: { in_memory: allow, temporary: allow }
[09/15/2026-16:24:55] [I] Exclude Lean Runtime: Disabled
[09/15/2026-16:24:55] [I] Sparsity: Disabled
[09/15/2026-16:24:55] [I] Safe mode: Disabled
[09/15/2026-16:24:55] [I] Build DLA standalone loadable: Disabled
[09/15/2026-16:24:55] [I] Allow GPU fallback for DLA: Disabled
[09/15/2026-16:24:55] [I] DirectIO mode: Disabled
[09/15/2026-16:24:55] [I] Restricted mode: Disabled
[09/15/2026-16:24:55] [I] Skip inference: Disabled
[09/15/2026-16:24:55] [I] Save engine: /workspace/artifacts/shrutam2_encoder_equiv_bf16.plan
[09/15/2026-16:24:55] [I] Load engine:
[09/15/2026-16:24:55] [I] Profiling verbosity: 2
[09/15/2026-16:24:55] [I] Tactic sources: Using default tactic sources
[09/15/2026-16:24:55] [I] timingCacheMode: global
[09/15/2026-16:24:55] [I] timingCacheFile: /workspace/artifacts/shrutam2_encoder_equiv_bf16.timing.cache
[09/15/2026-16:24:55] [I] Enable Compilation Cache: Enabled
[09/15/2026-16:24:55] [I] Enable Monitor Memory: Disabled
[09/15/2026-16:24:55] [I] errorOnTimingCacheMiss: Disabled
[09/15/2026-16:24:55] [I] Preview Features: Use default preview flags.
[09/15/2026-16:24:55] [I] MaxAuxStreams: -1
[09/15/2026-16:24:55] [I] BuilderOptimizationLevel: 5
[09/15/2026-16:24:55] [I] MaxTactics: -1
[09/15/2026-16:24:55] [I] Calibration Profile Index: 0
[09/15/2026-16:24:55] [I] Weight Streaming: Disabled
[09/15/2026-16:24:55] [I] Runtime Platform: Same As Build
[09/15/2026-16:24:55] [I] Debug Tensors:
[09/15/2026-16:24:55] [I] Input(s)s format: fp32:CHW
[09/15/2026-16:24:55] [I] Output(s)s format: fp32:CHW
[09/15/2026-16:24:55] [I] Input build shape (profile 0): audio_signal=1x80x101+32x80x501+64x80x2001
[09/15/2026-16:24:55] [I] Input build shape (profile 0): lengths=1+32+64
[09/15/2026-16:24:55] [I] Input calibration shapes: model
[09/15/2026-16:24:55] [I] === System Options ===
[09/15/2026-16:24:55] [I] Device: 0
[09/15/2026-16:24:55] [I] DLACore:
[09/15/2026-16:24:55] [I] Plugins:
[09/15/2026-16:24:55] [I] setPluginsToSerialize:
[09/15/2026-16:24:55] [I] dynamicPlugins:
[09/15/2026-16:24:55] [I] ignoreParsedPluginLibs: 0
[09/15/2026-16:24:55] [I]
[09/15/2026-16:24:55] [I] === Inference Options ===
[09/15/2026-16:24:55] [I] Batch: Explicit
[09/15/2026-16:24:55] [I] Input inference shape : lengths=32
[09/15/2026-16:24:55] [I] Input inference shape : audio_signal=32x80x501
[09/15/2026-16:24:55] [I] Iterations: 10
[09/15/2026-16:24:55] [I] Duration: 3s (+ 200ms warm up)
[09/15/2026-16:24:55] [I] Sleep time: 0ms
[09/15/2026-16:24:55] [I] Idle time: 0ms
[09/15/2026-16:24:55] [I] Inference Streams: 1
[09/15/2026-16:24:55] [I] ExposeDMA: Disabled
[09/15/2026-16:24:55] [I] Data transfers: Enabled
[09/15/2026-16:24:55] [I] Spin-wait: Disabled
[09/15/2026-16:24:55] [I] Multithreading: Disabled
[09/15/2026-16:24:55] [I] CUDA Graph: Disabled
[09/15/2026-16:24:55] [I] Separate profiling: Disabled
[09/15/2026-16:24:55] [I] Time Deserialize: Disabled
[09/15/2026-16:24:55] [I] Time Refit: Disabled
[09/15/2026-16:24:55] [I] NVTX verbosity: 2
[09/15/2026-16:24:55] [I] Persistent Cache Ratio: 0
[09/15/2026-16:24:55] [I] Optimization Profile Index: 0
[09/15/2026-16:24:55] [I] Weight Streaming Budget: 100.000000%
[09/15/2026-16:24:55] [I] Inputs:
[09/15/2026-16:24:55] [I] Debug Tensor Save Destinations:
[09/15/2026-16:24:55] [I] === Reporting Options ===
[09/15/2026-16:24:55] [I] Verbose: Disabled
[09/15/2026-16:24:55] [I] Averages: 10 inferences
[09/15/2026-16:24:55] [I] Percentiles: 90,95,99
[09/15/2026-16:24:55] [I] Dump refittable layers:Disabled
[09/15/2026-16:24:55] [I] Dump output: Disabled
[09/15/2026-16:24:55] [I] Profile: Disabled
[09/15/2026-16:24:55] [I] Export timing to JSON file:
[09/15/2026-16:24:55] [I] Export output to JSON file:
[09/15/2026-16:24:55] [I] Export profile to JSON file:
[09/15/2026-16:24:55] [I]
[09/15/2026-16:24:55] [I] === Device Information ===
[09/15/2026-16:24:55] [I] Available Devices:
[09/15/2026-16:24:55] [I]   Device 0: "NVIDIA RTX PRO 6000 Blackwell Server Edition" UUID: GPU-d1db34e3-b39f-9ed9-46aa-3def878c0b42
[09/15/2026-16:24:55] [I] Selected Device: NVIDIA RTX PRO 6000 Blackwell Server Edition
[09/15/2026-16:24:55] [I] Selected Device ID: 0
[09/15/2026-16:24:55] [I] Selected Device UUID: GPU-d1db34e3-b39f-9ed9-46aa-3def878c0b42
[09/15/2026-16:24:55] [I] Compute Capability: 12.0
[09/15/2026-16:24:55] [I] SMs: 188
[09/15/2026-16:24:55] [I] Device Global Memory: 97251 MiB
[09/15/2026-16:24:55] [I] Shared Memory per SM: 100 KiB
[09/15/2026-16:24:55] [I] Memory Bus Width: 512 bits (ECC enabled)
[09/15/2026-16:24:55] [I] Application Compute Clock Rate: 2.43 GHz
[09/15/2026-16:24:55] [I] Application Memory Clock Rate: 12.481 GHz
[09/15/2026-16:24:55] [I]
[09/15/2026-16:24:55] [I] Note: The application clock rates do not reflect the actual clock rates that the GPU is currently running at.
[09/15/2026-16:24:55] [I]
[09/15/2026-16:24:55] [I] TensorRT version: 10.10.0
[09/15/2026-16:24:55] [I] Loading standard plugins
[09/15/2026-16:24:55] [I] [TRT] [MemUsageChange] Init CUDA: CPU +2, GPU +0, now: CPU 38, GPU 558 (MiB)
[09/15/2026-16:24:57] [I] [TRT] [MemUsageChange] Init builder kernel library: CPU +1737, GPU +4, now: CPU 1976, GPU 562 (MiB)
[09/15/2026-16:24:57] [I] Start parsing network model.
[09/15/2026-16:25:06] [I] [TRT] ----------------------------------------------------------------
[09/15/2026-16:25:06] [I] [TRT] Input filename:   /workspace/artifacts/shrutam2_encoder_equiv_bf16.onnx
[09/15/2026-16:25:06] [I] [TRT] ONNX IR version:  0.0.8
[09/15/2026-16:25:06] [I] [TRT] Opset version:    17
[09/15/2026-16:25:06] [I] [TRT] Producer name:    pytorch
[09/15/2026-16:25:06] [I] [TRT] Producer version: 2.6.0
[09/15/2026-16:25:06] [I] [TRT] Domain:
[09/15/2026-16:25:06] [I] [TRT] Model version:    0
[09/15/2026-16:25:06] [I] [TRT] Doc string:
[09/15/2026-16:25:06] [I] [TRT] ----------------------------------------------------------------
[09/15/2026-16:25:06] [W] [TRT] ModelImporter.cpp:503: Make sure input lengths has Int64 binding.
[09/15/2026-16:25:07] [W] [TRT] ModelImporter.cpp:848: Make sure output encoded_lengths has Int64 binding.
[09/15/2026-16:25:07] [I] Finished parsing network model. Parse time: 9.61033
[09/15/2026-16:25:07] [I] Set shape of input tensor audio_signal for optimization profile 0 to: MIN=1x80x101 OPT=32x80x501 MAX=64x80x2001
[09/15/2026-16:25:07] [I] Set shape of input tensor lengths for optimization profile 0 to: MIN=1 OPT=32 MAX=64
[09/15/2026-16:25:07] [W] [TRT] Could not read timing cache from: /workspace/artifacts/shrutam2_encoder_equiv_bf16.timing.cache. A new timing cache will be generated and written.
[09/15/2026-16:25:09] [I] [TRT] Global timing cache in use. Profiling results in this builder pass will be stored.
[09/15/2026-16:25:10] [I] [TRT] Compiler backend is used during engine build.
[09/15/2026-16:27:27] [I] [TRT] [GraphReduction] The approximate region cut reduction algorithm is called.
[09/15/2026-16:27:27] [I] [TRT] Detected 2 inputs and 2 output network tensors.
[09/15/2026-16:27:49] [I] [TRT] Total Host Persistent Memory: 812288 bytes
[09/15/2026-16:27:49] [I] [TRT] Total Device Persistent Memory: 0 bytes
[09/15/2026-16:27:49] [I] [TRT] Max Scratch Memory: 132136960 bytes
[09/15/2026-16:27:49] [I] [TRT] [BlockAssignment] Started assigning block shifts. This will take 2031 steps to complete.
[09/15/2026-16:27:49] [I] [TRT] [BlockAssignment] Algorithm ShiftNTopDown took 118.16ms to assign 11 blocks to 2031 nodes requiring 3707982848 bytes.
[09/15/2026-16:27:49] [I] [TRT] Total Activation Memory: 3707982848 bytes
[09/15/2026-16:27:49] [I] [TRT] Total Weights Memory: 1388686592 bytes
[09/15/2026-16:27:49] [I] [TRT] Compiler backend is used during engine execution.
[09/15/2026-16:27:49] [I] [TRT] Engine generation completed in 159.952 seconds.
[09/15/2026-16:27:49] [I] [TRT] [MS] Running engine with multi stream info
[09/15/2026-16:27:49] [I] [TRT] [MS] Number of aux streams is 2
[09/15/2026-16:27:49] [I] [TRT] [MS] Number of total worker streams is 3
[09/15/2026-16:27:49] [I] [TRT] [MS] The main stream provided by execute/enqueue calls is the first worker stream
[09/15/2026-16:27:51] [I] [TRT] [MemUsageChange] TensorRT-managed allocation in IExecutionContext creation: CPU +1, GPU +3536, now: CPU 2, GPU 4861 (MiB)
[09/15/2026-16:27:52] [I] [TRT] Global timing cache in use. Profiling results in this builder pass will be stored.
[09/15/2026-16:27:52] [I] [TRT] Compiler backend is used during engine build.
[09/15/2026-16:29:07] [I] [TRT] Detected 2 inputs and 2 output network tensors.
[09/15/2026-16:29:19] [I] [TRT] Total Host Persistent Memory: 487856 bytes
[09/15/2026-16:29:19] [I] [TRT] Total Device Persistent Memory: 0 bytes
[09/15/2026-16:29:19] [I] [TRT] Max Scratch Memory: 460713984 bytes
[09/15/2026-16:29:19] [I] [TRT] [BlockAssignment] Started assigning block shifts. This will take 520 steps to complete.
[09/15/2026-16:29:19] [I] [TRT] [BlockAssignment] Algorithm ShiftNTopDown took 15.0325ms to assign 8 blocks to 520 nodes requiring 5412699136 bytes.
[09/15/2026-16:29:19] [I] [TRT] Total Activation Memory: 5412699136 bytes
[09/15/2026-16:29:19] [I] [TRT] Total Weights Memory: 1387795968 bytes
[09/15/2026-16:29:19] [I] [TRT] Compiler backend is used during engine execution.
[09/15/2026-16:29:19] [I] [TRT] Engine generation completed in 87.3837 seconds.
[09/15/2026-16:29:19] [I] [TRT] [MS] Running engine with multi stream info
[09/15/2026-16:29:19] [I] [TRT] [MS] Number of aux streams is 1
[09/15/2026-16:29:19] [I] [TRT] [MS] Number of total worker streams is 2
[09/15/2026-16:29:19] [I] [TRT] [MS] The main stream provided by execute/enqueue calls is the first worker stream
[09/15/2026-16:29:20] [I] [TRT] [MemUsageChange] TensorRT-managed allocation in IExecutionContext creation: CPU +1, GPU +5162, now: CPU 1, GPU 7810 (MiB)
[09/15/2026-16:29:21] [I] [TRT] Global timing cache in use. Profiling results in this builder pass will be stored.
[09/15/2026-16:29:21] [I] [TRT] Compiler backend is used during engine build.
[09/15/2026-16:30:02] [I] [TRT] Detected 2 inputs and 2 output network tensors.
[09/15/2026-16:30:12] [I] [TRT] Total Host Persistent Memory: 508288 bytes
[09/15/2026-16:30:12] [I] [TRT] Total Device Persistent Memory: 0 bytes
[09/15/2026-16:30:12] [I] [TRT] Max Scratch Memory: 460713984 bytes
[09/15/2026-16:30:12] [I] [TRT] [BlockAssignment] Started assigning block shifts. This will take 612 steps to complete.
[09/15/2026-16:30:12] [I] [TRT] [BlockAssignment] Algorithm ShiftNTopDown took 21.7543ms to assign 8 blocks to 612 nodes requiring 3445308416 bytes.
[09/15/2026-16:30:12] [I] [TRT] Total Activation Memory: 3445308416 bytes
[09/15/2026-16:30:12] [I] [TRT] Total Weights Memory: 1387795968 bytes
[09/15/2026-16:30:12] [I] [TRT] Compiler backend is used during engine execution.
[09/15/2026-16:30:12] [I] [TRT] Engine generation completed in 51.4142 seconds.
[09/15/2026-16:30:12] [I] [TRT] [MS] Running engine with multi stream info
[09/15/2026-16:30:12] [I] [TRT] [MS] Number of aux streams is 1
[09/15/2026-16:30:12] [I] [TRT] [MS] Number of total worker streams is 2
[09/15/2026-16:30:12] [I] [TRT] [MS] The main stream provided by execute/enqueue calls is the first worker stream
[09/15/2026-16:30:13] [I] [TRT] [MemUsageChange] TensorRT-managed allocation in IExecutionContext creation: CPU +1, GPU +3286, now: CPU 1, GPU 5933 (MiB)
[09/15/2026-16:30:14] [I] [TRT] [MemUsageStats] Peak memory usage of TRT CPU/GPU memory allocators: CPU 125 MiB, GPU 7817 MiB
[09/15/2026-16:30:15] [I] Engine built in 307.893 sec.
[09/15/2026-16:30:15] [I] Created engine with size: 1368.75 MiB
[09/15/2026-16:30:15] [W] [TRT] Could not read timing cache from: /workspace/artifacts/shrutam2_encoder_equiv_bf16.timing.cache. A new timing cache will be generated and written.
[09/15/2026-16:30:15] [I] [TRT] Serialized 4856 bytes of code generator cache.
[09/15/2026-16:30:15] [I] [TRT] Serialized 5935095 bytes of compilation cache.
[09/15/2026-16:30:15] [I] [TRT] Serialized 970 timing cache entries
[09/15/2026-16:30:15] [I] [TRT] Saved 6040999 bytes of timing cache to /workspace/artifacts/shrutam2_encoder_equiv_bf16.timing.cache
[09/15/2026-16:30:17] [I] [TRT] Loaded engine size: 1368 MiB
[09/15/2026-16:30:17] [I] Engine deserialized in 0.795886 sec.
[09/15/2026-16:30:17] [I] [TRT] [MS] Running engine with multi stream info
[09/15/2026-16:30:17] [I] [TRT] [MS] Number of aux streams is 1
[09/15/2026-16:30:17] [I] [TRT] [MS] Number of total worker streams is 2
[09/15/2026-16:30:17] [I] [TRT] [MS] The main stream provided by execute/enqueue calls is the first worker stream
[09/15/2026-16:30:18] [I] [TRT] [MemUsageChange] TensorRT-managed allocation in IExecutionContext creation: CPU +0, GPU +3286, now: CPU 0, GPU 4609 (MiB)
[09/15/2026-16:30:18] [I] Setting persistentCacheLimit to 0 bytes.
[09/15/2026-16:30:18] [I] Set shape of input tensor audio_signal to: 32x80x501
[09/15/2026-16:30:18] [I] Set shape of input tensor lengths to: 32
[09/15/2026-16:30:18] [I] Created execution context with device memory size: 3285.7 MiB
[09/15/2026-16:30:18] [I] Using random values for input audio_signal
[09/15/2026-16:30:18] [I] Input binding for audio_signal with dimensions 32x80x501 is created.
[09/15/2026-16:30:18] [I] Using random values for input lengths
[09/15/2026-16:30:18] [I] Input binding for lengths with dimensions 32 is created.
[09/15/2026-16:30:18] [I] Output binding for encoded with dimensions 32x1024x63 is created.
[09/15/2026-16:30:18] [I] Output binding for encoded_lengths with dimensions 32 is created.
[09/15/2026-16:30:18] [I] Starting inference
[09/15/2026-16:30:21] [I] Warmup completed 13 queries over 200 ms
[09/15/2026-16:30:21] [I] Timing trace has 231 queries over 3.03816 s
[09/15/2026-16:30:21] [I]
[09/15/2026-16:30:21] [I] === Trace details ===
[09/15/2026-16:30:21] [I] Trace averages of 10 runs:
[09/15/2026-16:30:21] [I] Average on 10 runs - GPU latency: 13.1859 ms - Host latency: 13.3179 ms (enqueue 9.69077 ms)
[09/15/2026-16:30:21] [I] Average on 10 runs - GPU latency: 13.0952 ms - Host latency: 13.2261 ms (enqueue 9.60544 ms)
[09/15/2026-16:30:21] [I] Average on 10 runs - GPU latency: 13.0948 ms - Host latency: 13.226 ms (enqueue 9.61053 ms)
[09/15/2026-16:30:21] [I] Average on 10 runs - GPU latency: 13.0952 ms - Host latency: 13.2264 ms (enqueue 9.61 ms)
[09/15/2026-16:30:21] [I] Average on 10 runs - GPU latency: 13.0946 ms - Host latency: 13.2266 ms (enqueue 9.60742 ms)
[09/15/2026-16:30:21] [I] Average on 10 runs - GPU latency: 13.0942 ms - Host latency: 13.231 ms (enqueue 9.61012 ms)
[09/15/2026-16:30:21] [I] Average on 10 runs - GPU latency: 13.0908 ms - Host latency: 13.222 ms (enqueue 9.60163 ms)
[09/15/2026-16:30:21] [I] Average on 10 runs - GPU latency: 13.0906 ms - Host latency: 13.2201 ms (enqueue 9.59581 ms)
[09/15/2026-16:30:21] [I] Average on 10 runs - GPU latency: 13.0859 ms - Host latency: 13.2163 ms (enqueue 9.59308 ms)
[09/15/2026-16:30:21] [I] Average on 10 runs - GPU latency: 13.0898 ms - Host latency: 13.2203 ms (enqueue 9.59239 ms)
[09/15/2026-16:30:21] [I] Average on 10 runs - GPU latency: 13.0836 ms - Host latency: 13.2138 ms (enqueue 9.59215 ms)
[09/15/2026-16:30:21] [I] Average on 10 runs - GPU latency: 13.0872 ms - Host latency: 13.2178 ms (enqueue 9.59397 ms)
[09/15/2026-16:30:21] [I] Average on 10 runs - GPU latency: 13.0859 ms - Host latency: 13.2156 ms (enqueue 9.58856 ms)
[09/15/2026-16:30:21] [I] Average on 10 runs - GPU latency: 13.0868 ms - Host latency: 13.2166 ms (enqueue 9.58972 ms)
[09/15/2026-16:30:21] [I] Average on 10 runs - GPU latency: 13.0879 ms - Host latency: 13.2182 ms (enqueue 9.59617 ms)
[09/15/2026-16:30:21] [I] Average on 10 runs - GPU latency: 13.0859 ms - Host latency: 13.2157 ms (enqueue 9.58828 ms)
[09/15/2026-16:30:21] [I] Average on 10 runs - GPU latency: 13.0858 ms - Host latency: 13.2162 ms (enqueue 9.59143 ms)
[09/15/2026-16:30:21] [I] Average on 10 runs - GPU latency: 13.087 ms - Host latency: 13.2195 ms (enqueue 9.59241 ms)
[09/15/2026-16:30:21] [I] Average on 10 runs - GPU latency: 13.0896 ms - Host latency: 13.219 ms (enqueue 9.59302 ms)
[09/15/2026-16:30:21] [I] Average on 10 runs - GPU latency: 13.0864 ms - Host latency: 13.2167 ms (enqueue 9.60012 ms)
[09/15/2026-16:30:21] [I] Average on 10 runs - GPU latency: 13.0892 ms - Host latency: 13.2198 ms (enqueue 9.60708 ms)
[09/15/2026-16:30:21] [I] Average on 10 runs - GPU latency: 13.0874 ms - Host latency: 13.2175 ms (enqueue 9.60481 ms)
[09/15/2026-16:30:21] [I] Average on 10 runs - GPU latency: 13.0876 ms - Host latency: 13.2176 ms (enqueue 9.60415 ms)
[09/15/2026-16:30:21] [I]
[09/15/2026-16:30:21] [I] === Performance summary ===
[09/15/2026-16:30:21] [I] Throughput: 76.0328 qps
[09/15/2026-16:30:21] [I] Latency: min = 13.1998 ms, max = 13.4413 ms, mean = 13.2241 ms, median = 13.2198 ms, percentile(90%) = 13.2307 ms, percentile(95%) = 13.2376 ms, percentile(99%) = 13.4294 ms
[09/15/2026-16:30:21] [I] Enqueue Time: min = 9.57129 ms, max = 9.76042 ms, mean = 9.60256 ms, median = 9.59848 ms, percentile(90%) = 9.61447 ms, percentile(95%) = 9.62042 ms, percentile(99%) = 9.74867 ms
[09/15/2026-16:30:21] [I] H2D Latency: min = 0.052124 ms, max = 0.102356 ms, mean = 0.0550997 ms, median = 0.0544434 ms, percentile(90%) = 0.0563965 ms, percentile(95%) = 0.0583496 ms, percentile(99%) = 0.0628052 ms
[09/15/2026-16:30:21] [I] GPU Compute Time: min = 13.072 ms, max = 13.3105 ms, mean = 13.0933 ms, median = 13.0891 ms, percentile(90%) = 13.0995 ms, percentile(95%) = 13.1038 ms, percentile(99%) = 13.2957 ms
[09/15/2026-16:30:21] [I] D2H Latency: min = 0.0737305 ms, max = 0.083374 ms, mean = 0.0757286 ms, median = 0.0754395 ms, percentile(90%) = 0.0768433 ms, percentile(95%) = 0.0777588 ms, percentile(99%) = 0.0795898 ms
[09/15/2026-16:30:21] [I] Total Host Walltime: 3.03816 s
[09/15/2026-16:30:21] [I] Total GPU Compute Time: 3.02455 s
[09/15/2026-16:30:21] [I] Explanations of the performance metrics are printed in the verbose logs.
[09/15/2026-16:30:21] [I]
&&&& PASSED TensorRT.trtexec [TensorRT v101000] [b31] # /usr/local/tensorrt/targets/x86_64-linux-gnu/bin/trtexec --onnx=/workspace/artifacts/shrutam2_encoder_equiv_bf16.onnx --saveEngine=/workspace/artifacts/shrutam2_encoder_equiv_bf16.plan --bf16 --minShapes=audio_signal:1x80x101,lengths:1 --optShapes=audio_signal:32x80x501,lengths:32 --maxShapes=audio_signal:64x80x2001,lengths:64 --memPoolSize=workspace:16384 --builderOptimizationLevel=5 --timingCacheFile=/workspace/artifacts/shrutam2_encoder_equiv_bf16.timing.cache --profilingVerbosity=detailed
-rw-r--r-- 1 root root 1.4G Sep 15 16:30 /workspace/artifacts/shrutam2_encoder_equiv_bf16.plan
-rw-r--r-- 1 root root 5.8M Sep 15 16:30 /workspace/artifacts/shrutam2_encoder_equiv_bf16.timing.cache
