
=============
== PyTorch ==
=============

NVIDIA Release 25.04 (build 159049541)
PyTorch Version 2.7.0a0+79aa174
Container image Copyright (c) 2025, NVIDIA CORPORATION & AFFILIATES. All rights reserved.
Copyright (c) 2014-2024 Facebook Inc.
Copyright (c) 2011-2014 Idiap Research Institute (Ronan Collobert)
Copyright (c) 2012-2014 Deepmind Technologies    (Koray Kavukcuoglu)
Copyright (c) 2011-2012 NEC Laboratories America (Koray Kavukcuoglu)
Copyright (c) 2011-2013 NYU                      (Clement Farabet)
Copyright (c) 2006-2010 NEC Laboratories America (Ronan Collobert, Leon Bottou, Iain Melvin, Jason Weston)
Copyright (c) 2006      Idiap Research Institute (Samy Bengio)
Copyright (c) 2001-2004 Idiap Research Institute (Ronan Collobert, Samy Bengio, Johnny Mariethoz)
Copyright (c) 2015      Google Inc.
Copyright (c) 2015      Yangqing Jia
Copyright (c) 2013-2016 The Caffe contributors
All rights reserved.

Various files include modifications (c) NVIDIA CORPORATION & AFFILIATES.  All rights reserved.

GOVERNING TERMS: The software and materials are governed by the NVIDIA Software License Agreement
(found at https://www.nvidia.com/en-us/agreements/enterprise-software/nvidia-software-license-agreement/)
and the Product-Specific Terms for NVIDIA AI Products
(found at https://www.nvidia.com/en-us/agreements/enterprise-software/product-specific-terms-for-ai-products/).

NOTE: The SHMEM allocation limit is set to the default of 64MB.  This may be
   insufficient for PyTorch.  NVIDIA recommends the use of the following flags:
   docker run --gpus all --ipc=host --ulimit memlock=-1 --ulimit stack=67108864 ...

Generating valid split: 0 examples [00:00, ? examples/s]Generating valid split: 1195 examples [00:00, 6843.11 examples/s]Generating valid split: 2390 examples [00:00, 7252.60 examples/s]Generating valid split: 3585 examples [00:00, 7002.37 examples/s]Generating valid split: 4780 examples [00:00, 5677.73 examples/s]Generating valid split: 5530 examples [00:00, 5443.13 examples/s]Generating valid split: 5530 examples [00:00, 5885.64 examples/s]
{
  "dataset": "ai4bharat/IndicVoices",
  "config": "hindi",
  "split": "valid",
  "source_examples": 5530,
  "selection": "all usable rows in source order",
  "filters": {
    "min_seconds": 0.5,
    "max_seconds": 20.0
  },
  "samples": 4986,
  "audio_seconds": 28854.0483125,
  "excluded": {
    "missing_reference": 0,
    "unintelligible": 205,
    "duration": 339,
    "decode": 0,
    "silent": 0
  },
  "manifest": "/workspace/data/indicvoices_hindi_valid/manifest.jsonl",
  "dataset_fingerprint": "82ff900d2acb033d",
  "source_file": "hindi/valid-00000-of-00001.parquet"
}
