
=============
== PyTorch ==
=============

NVIDIA Release 25.04 (build 159049541)
PyTorch Version 2.7.0a0+79aa174
Container image Copyright (c) 2025, NVIDIA CORPORATION & AFFILIATES. All rights reserved.
Copyright (c) 2014-2024 Facebook Inc.
Copyright (c) 2011-2014 Idiap Research Institute (Ronan Collobert)
Copyright (c) 2012-2014 Deepmind Technologies    (Koray Kavukcuoglu)
Copyright (c) 2011-2012 NEC Laboratories America (Koray Kavukcuoglu)
Copyright (c) 2011-2013 NYU                      (Clement Farabet)
Copyright (c) 2006-2010 NEC Laboratories America (Ronan Collobert, Leon Bottou, Iain Melvin, Jason Weston)
Copyright (c) 2006      Idiap Research Institute (Samy Bengio)
Copyright (c) 2001-2004 Idiap Research Institute (Ronan Collobert, Samy Bengio, Johnny Mariethoz)
Copyright (c) 2015      Google Inc.
Copyright (c) 2015      Yangqing Jia
Copyright (c) 2013-2016 The Caffe contributors
All rights reserved.

Various files include modifications (c) NVIDIA CORPORATION & AFFILIATES.  All rights reserved.

GOVERNING TERMS: The software and materials are governed by the NVIDIA Software License Agreement
(found at https://www.nvidia.com/en-us/agreements/enterprise-software/nvidia-software-license-agreement/)
and the Product-Specific Terms for NVIDIA AI Products
(found at https://www.nvidia.com/en-us/agreements/enterprise-software/product-specific-terms-for-ai-products/).

&&&& RUNNING TensorRT.trtexec [TensorRT v101000] [b31] # /usr/local/tensorrt/bin/trtexec --onnx=/workspace/artifacts/shrutam2_encoder.onnx --saveEngine=/workspace/artifacts/shrutam2_encoder_bf16.plan --bf16 --stronglyTyped --minShapes=audio_signal:1x80x101,lengths:1 --optShapes=audio_signal:32x80x1001,lengths:32 --maxShapes=audio_signal:256x80x2001,lengths:256 --memPoolSize=workspace:16384 --builderOptimizationLevel=5 --timingCacheFile=/workspace/artifacts/shrutam2_encoder.timing.cache --profilingVerbosity=detailed
[09/10/2026-14:41:48] [W] Invalid usage, setting bf16 mode is not allowed if graph is strongly typed. Disabling BuilderFlag::kBF16.
[09/10/2026-14:41:48] [I] === Model Options ===
[09/10/2026-14:41:48] [I] Format: ONNX
[09/10/2026-14:41:48] [I] Model: /workspace/artifacts/shrutam2_encoder.onnx
[09/10/2026-14:41:48] [I] Output:
[09/10/2026-14:41:48] [I] === Build Options ===
[09/10/2026-14:41:48] [I] Memory Pools: workspace: 16384 MiB, dlaSRAM: default, dlaLocalDRAM: default, dlaGlobalDRAM: default, tacticSharedMem: default
[09/10/2026-14:41:48] [I] avgTiming: 8
[09/10/2026-14:41:48] [I] Precision: Strongly Typed
[09/10/2026-14:41:48] [I] LayerPrecisions: 
[09/10/2026-14:41:48] [I] Layer Device Types: 
[09/10/2026-14:41:48] [I] Calibration: 
[09/10/2026-14:41:48] [I] Refit: Disabled
[09/10/2026-14:41:48] [I] Strip weights: Disabled
[09/10/2026-14:41:48] [I] Version Compatible: Disabled
[09/10/2026-14:41:48] [I] ONNX Plugin InstanceNorm: Disabled
[09/10/2026-14:41:48] [I] TensorRT runtime: full
[09/10/2026-14:41:48] [I] Lean DLL Path: 
[09/10/2026-14:41:48] [I] Tempfile Controls: { in_memory: allow, temporary: allow }
[09/10/2026-14:41:48] [I] Exclude Lean Runtime: Disabled
[09/10/2026-14:41:48] [I] Sparsity: Disabled
[09/10/2026-14:41:48] [I] Safe mode: Disabled
[09/10/2026-14:41:48] [I] Build DLA standalone loadable: Disabled
[09/10/2026-14:41:48] [I] Allow GPU fallback for DLA: Disabled
[09/10/2026-14:41:48] [I] DirectIO mode: Disabled
[09/10/2026-14:41:48] [I] Restricted mode: Disabled
[09/10/2026-14:41:48] [I] Skip inference: Disabled
[09/10/2026-14:41:48] [I] Save engine: /workspace/artifacts/shrutam2_encoder_bf16.plan
[09/10/2026-14:41:48] [I] Load engine: 
[09/10/2026-14:41:48] [I] Profiling verbosity: 2
[09/10/2026-14:41:48] [I] Tactic sources: Using default tactic sources
[09/10/2026-14:41:48] [I] timingCacheMode: global
[09/10/2026-14:41:48] [I] timingCacheFile: /workspace/artifacts/shrutam2_encoder.timing.cache
[09/10/2026-14:41:48] [I] Enable Compilation Cache: Enabled
[09/10/2026-14:41:48] [I] Enable Monitor Memory: Disabled
[09/10/2026-14:41:48] [I] errorOnTimingCacheMiss: Disabled
[09/10/2026-14:41:48] [I] Preview Features: Use default preview flags.
[09/10/2026-14:41:48] [I] MaxAuxStreams: -1
[09/10/2026-14:41:48] [I] BuilderOptimizationLevel: 5
[09/10/2026-14:41:48] [I] MaxTactics: -1
[09/10/2026-14:41:48] [I] Calibration Profile Index: 0
[09/10/2026-14:41:48] [I] Weight Streaming: Disabled
[09/10/2026-14:41:48] [I] Runtime Platform: Same As Build
[09/10/2026-14:41:48] [I] Debug Tensors: 
[09/10/2026-14:41:48] [I] Input(s)s format: fp32:CHW
[09/10/2026-14:41:48] [I] Output(s)s format: fp32:CHW
[09/10/2026-14:41:48] [I] Input build shape (profile 0): audio_signal=1x80x101+32x80x1001+256x80x2001
[09/10/2026-14:41:48] [I] Input build shape (profile 0): lengths=1+32+256
[09/10/2026-14:41:48] [I] Input calibration shapes: model
[09/10/2026-14:41:48] [I] === System Options ===
[09/10/2026-14:41:48] [I] Device: 0
[09/10/2026-14:41:48] [I] DLACore: 
[09/10/2026-14:41:48] [I] Plugins:
[09/10/2026-14:41:48] [I] setPluginsToSerialize:
[09/10/2026-14:41:48] [I] dynamicPlugins:
[09/10/2026-14:41:48] [I] ignoreParsedPluginLibs: 0
[09/10/2026-14:41:48] [I] 
[09/10/2026-14:41:48] [I] === Inference Options ===
[09/10/2026-14:41:48] [I] Batch: Explicit
[09/10/2026-14:41:48] [I] Input inference shape : lengths=32
[09/10/2026-14:41:48] [I] Input inference shape : audio_signal=32x80x1001
[09/10/2026-14:41:48] [I] Iterations: 10
[09/10/2026-14:41:48] [I] Duration: 3s (+ 200ms warm up)
[09/10/2026-14:41:48] [I] Sleep time: 0ms
[09/10/2026-14:41:48] [I] Idle time: 0ms
[09/10/2026-14:41:48] [I] Inference Streams: 1
[09/10/2026-14:41:48] [I] ExposeDMA: Disabled
[09/10/2026-14:41:48] [I] Data transfers: Enabled
[09/10/2026-14:41:48] [I] Spin-wait: Disabled
[09/10/2026-14:41:48] [I] Multithreading: Disabled
[09/10/2026-14:41:48] [I] CUDA Graph: Disabled
[09/10/2026-14:41:48] [I] Separate profiling: Disabled
[09/10/2026-14:41:48] [I] Time Deserialize: Disabled
[09/10/2026-14:41:48] [I] Time Refit: Disabled
[09/10/2026-14:41:48] [I] NVTX verbosity: 2
[09/10/2026-14:41:48] [I] Persistent Cache Ratio: 0
[09/10/2026-14:41:48] [I] Optimization Profile Index: 0
[09/10/2026-14:41:48] [I] Weight Streaming Budget: 100.000000%
[09/10/2026-14:41:48] [I] Inputs:
[09/10/2026-14:41:48] [I] Debug Tensor Save Destinations:
[09/10/2026-14:41:48] [I] === Reporting Options ===
[09/10/2026-14:41:48] [I] Verbose: Disabled
[09/10/2026-14:41:48] [I] Averages: 10 inferences
[09/10/2026-14:41:48] [I] Percentiles: 90,95,99
[09/10/2026-14:41:48] [I] Dump refittable layers:Disabled
[09/10/2026-14:41:48] [I] Dump output: Disabled
[09/10/2026-14:41:48] [I] Profile: Disabled
[09/10/2026-14:41:48] [I] Export timing to JSON file: 
[09/10/2026-14:41:48] [I] Export output to JSON file: 
[09/10/2026-14:41:48] [I] Export profile to JSON file: 
[09/10/2026-14:41:48] [I] 
[09/10/2026-14:41:48] [I] === Device Information ===
[09/10/2026-14:41:48] [I] Available Devices: 
[09/10/2026-14:41:48] [I]   Device 0: "NVIDIA H100 NVL" UUID: GPU-78d0dccb-0e2a-0c21-2402-dd562bbf9845
[09/10/2026-14:41:48] [I] Selected Device: NVIDIA H100 NVL
[09/10/2026-14:41:48] [I] Selected Device ID: 0
[09/10/2026-14:41:48] [I] Selected Device UUID: GPU-78d0dccb-0e2a-0c21-2402-dd562bbf9845
[09/10/2026-14:41:48] [I] Compute Capability: 9.0
[09/10/2026-14:41:48] [I] SMs: 132
[09/10/2026-14:41:48] [I] Device Global Memory: 95321 MiB
[09/10/2026-14:41:48] [I] Shared Memory per SM: 228 KiB
[09/10/2026-14:41:48] [I] Memory Bus Width: 6016 bits (ECC enabled)
[09/10/2026-14:41:48] [I] Application Compute Clock Rate: 1.785 GHz
[09/10/2026-14:41:48] [I] Application Memory Clock Rate: 2.619 GHz
[09/10/2026-14:41:48] [I] 
[09/10/2026-14:41:48] [I] Note: The application clock rates do not reflect the actual clock rates that the GPU is currently running at.
[09/10/2026-14:41:48] [I] 
[09/10/2026-14:41:48] [I] TensorRT version: 10.10.0
[09/10/2026-14:41:48] [I] Loading standard plugins
[09/10/2026-14:41:48] [I] [TRT] [MemUsageChange] Init CUDA: CPU +2, GPU +0, now: CPU 47, GPU 526 (MiB)
[09/10/2026-14:41:52] [I] [TRT] [MemUsageChange] Init builder kernel library: CPU +2096, GPU +8, now: CPU 2344, GPU 534 (MiB)
[09/10/2026-14:41:52] [I] Start parsing network model.
[09/10/2026-14:41:53] [I] [TRT] ----------------------------------------------------------------
[09/10/2026-14:41:53] [I] [TRT] Input filename:   /workspace/artifacts/shrutam2_encoder.onnx
[09/10/2026-14:41:53] [I] [TRT] ONNX IR version:  0.0.8
[09/10/2026-14:41:53] [I] [TRT] Opset version:    17
[09/10/2026-14:41:53] [I] [TRT] Producer name:    pytorch
[09/10/2026-14:41:53] [I] [TRT] Producer version: 2.6.0
[09/10/2026-14:41:53] [I] [TRT] Domain:           
[09/10/2026-14:41:53] [I] [TRT] Model version:    0
[09/10/2026-14:41:53] [I] [TRT] Doc string:       
[09/10/2026-14:41:53] [I] [TRT] ----------------------------------------------------------------
[09/10/2026-14:41:53] [W] [TRT] ModelImporter.cpp:503: Make sure input lengths has Int64 binding.
[09/10/2026-14:41:53] [I] Finished parsing network model. Parse time: 1.43936
[09/10/2026-14:41:53] [W] [TRT] ModelImporter.cpp:848: Make sure output encoded_lengths has Int64 binding.
[09/10/2026-14:41:53] [I] Set shape of input tensor audio_signal for optimization profile 0 to: MIN=1x80x101 OPT=32x80x1001 MAX=256x80x2001
[09/10/2026-14:41:53] [I] Set shape of input tensor lengths for optimization profile 0 to: MIN=1 OPT=32 MAX=256
[09/10/2026-14:41:53] [W] [TRT] Could not read timing cache from: /workspace/artifacts/shrutam2_encoder.timing.cache. A new timing cache will be generated and written.
[09/10/2026-14:41:59] [I] [TRT] Global timing cache in use. Profiling results in this builder pass will be stored.
[09/10/2026-14:41:59] [I] [TRT] Compiler backend is used during engine build.
[09/10/2026-14:42:00] [E] Error[9]: Error Code: 9: Skipping tactic 0x0000000000000000 due to exception [autotuner.cpp:get_best_tactics:2696] Autotuner: no tactics to implement operation:
  722: corrltn: /subsampling/conv/conv_0/Conv_output_0'_before_bias.1-(bf16[__mye1028_proxy.1,256,__mye1344_proxy.1,40][]so[], mem_prop=0) | /subsampling/Transpose _ /subsampling/Unsqueeze_reshape_output.1-(bf16[__mye1028_proxy.1,1,__mye1032_proxy.1,80][]so[], mem_prop=0), /subsampling/conv/conv_0/Conv filterWeightsBFloat16-{0.166016, 0.0800781, -0.5, -0.108887, -0.152344, 0.761719, -0.0505371, 0.0155029, ...}(bf16[256,1,3,3][9,9,3,1]so[3,2,1,0], mem_prop=0)<entry>, __mye723/subsampling/conv/conv_0/Conv_alpha-1F:(f32[][]so[], mem_prop=0)<entry>, __mye724/subsampling/conv/conv_0/Conv_beta-0F:(f32[][]so[], mem_prop=0)<entry>, stream = 0 // /subsampling/conv/conv_0/Conv
         | n_groups: 1  lpad: {1, 1}  rpad: {1, 1}  pad_mode: 0 strides: {2, 2}  dilations: {1, 1} 
[09/10/2026-14:42:00] [W] [TRT] Engine generation failed with backend strategy 4.
Error message: [optimizer.cpp::computeCosts::4153] Error Code 10: Internal Error (Could not find any implementation for node {ForeignNode[/subsampling/Transpose + /subsampling/Unsqueeze.../layers.0/attn/MatMul_1]}.).
Skipping this backend strategy.
[09/10/2026-14:42:00] [I] [TRT] Global timing cache in use. Profiling results in this builder pass will be stored.
[09/10/2026-14:42:00] [I] [TRT] Compiler backend is used during engine build.
[09/10/2026-14:42:26] [E] Error[9]: Error Code: 9: Skipping tactic 0x0000000000000000 due to exception [autotuner.cpp:get_best_tactics:2696] Autotuner: no tactics to implement operation:
30991: corrltn: /subsampling/conv/conv_0/Conv_output_0'_before_bias.1-(bf16[__mye54927_proxy.1,256,__mye55059_proxy.1,40][]so[], mem_prop=0) | /subsampling/Transpose _ /subsampling/Unsqueeze_reshape_output.1-(bf16[__mye54927_proxy.1,1,__mye54931_proxy.1,80][]so[], mem_prop=0), /subsampling/conv/conv_0/Conv filterWeightsBFloat16-{0.166016, 0.0800781, -0.5, -0.108887, -0.152344, 0.761719, -0.0505371, 0.0155029, ...}(bf16[256,1,3,3][9,9,3,1]so[3,2,1,0], mem_prop=0)<entry>, __mye30992/subsampling/conv/conv_0/Conv_alpha-1F:(f32[][]so[], mem_prop=0)<entry>, __mye30993/subsampling/conv/conv_0/Conv_beta-0F:(f32[][]so[], mem_prop=0)<entry>, stream = 0 // /subsampling/conv/conv_0/Conv
         | n_groups: 1  lpad: {1, 1}  rpad: {1, 1}  pad_mode: 0 strides: {2, 2}  dilations: {1, 1} 
[09/10/2026-14:42:26] [W] [TRT] Engine generation failed with backend strategy 3.
Error message: [optimizer.cpp::computeCosts::4153] Error Code 10: Internal Error (Could not find any implementation for node {ForeignNode[/subsampling/Transpose + /subsampling/Unsqueeze.../Transpose]}.).
Skipping this backend strategy.
[09/10/2026-14:42:26] [I] [TRT] Global timing cache in use. Profiling results in this builder pass will be stored.
[09/10/2026-14:42:26] [I] [TRT] Compiler backend is used during engine build.
[09/10/2026-14:42:46] [E] Error[9]: Error Code: 9: Skipping tactic 0x0000000000000000 due to exception [autotuner.cpp:get_best_tactics:2696] Autotuner: no tactics to implement operation:
30991: corrltn: /subsampling/conv/conv_0/Conv_output_0'_before_bias.1-(bf16[__mye54927_proxy.1,256,__mye55059_proxy.1,40][]so[], mem_prop=0) | /subsampling/Transpose _ /subsampling/Unsqueeze_reshape_output.1-(bf16[__mye54927_proxy.1,1,__mye54931_proxy.1,80][]so[], mem_prop=0), /subsampling/conv/conv_0/Conv filterWeightsBFloat16-{0.166016, 0.0800781, -0.5, -0.108887, -0.152344, 0.761719, -0.0505371, 0.0155029, ...}(bf16[256,1,3,3][9,9,3,1]so[3,2,1,0], mem_prop=0)<entry>, __mye30992/subsampling/conv/conv_0/Conv_alpha-1F:(f32[][]so[], mem_prop=0)<entry>, __mye30993/subsampling/conv/conv_0/Conv_beta-0F:(f32[][]so[], mem_prop=0)<entry>, stream = 0 // /subsampling/conv/conv_0/Conv
         | n_groups: 1  lpad: {1, 1}  rpad: {1, 1}  pad_mode: 0 strides: {2, 2}  dilations: {1, 1} 
[09/10/2026-14:42:46] [W] [TRT] Engine generation failed with backend strategy 2.
Error message: [optimizer.cpp::computeCosts::4153] Error Code 10: Internal Error (Could not find any implementation for node {ForeignNode[/subsampling/Transpose + /subsampling/Unsqueeze.../Transpose]}.).
Skipping this backend strategy.
&&&& FAILED TensorRT.trtexec [TensorRT v101000] [b31] # /usr/local/tensorrt/bin/trtexec --onnx=/workspace/artifacts/shrutam2_encoder.onnx --saveEngine=/workspace/artifacts/shrutam2_encoder_bf16.plan --bf16 --stronglyTyped --minShapes=audio_signal:1x80x101,lengths:1 --optShapes=audio_signal:32x80x1001,lengths:32 --maxShapes=audio_signal:256x80x2001,lengths:256 --memPoolSize=workspace:16384 --builderOptimizationLevel=5 --timingCacheFile=/workspace/artifacts/shrutam2_encoder.timing.cache --profilingVerbosity=detailed
[09/10/2026-14:42:46] [E] Error[2]: [engineBuilder.cpp::makeEngineFromSubGraph::1956] Error Code 2: Internal Error (Engine generation failed because all backend strategies failed.)
[09/10/2026-14:42:46] [E] Engine could not be created from network
[09/10/2026-14:42:46] [E] Building engine failed
[09/10/2026-14:42:46] [E] Failed to create engine from model or file.
[09/10/2026-14:42:46] [E] Engine set up failed
