&&&& RUNNING TensorRT.trtexec [TensorRT v101000] [b31] # /usr/local/tensorrt/targets/x86_64-linux-gnu/bin/trtexec --onnx=/workspace/artifacts/shrutam2_encoder.onnx --saveEngine=/workspace/artifacts/shrutam2_encoder_bf16_b64.plan --bf16 --minShapes=audio_signal:1x80x101,lengths:1 --optShapes=audio_signal:32x80x501,lengths:32 --maxShapes=audio_signal:64x80x1001,lengths:64 --memPoolSize=workspace:16384 --builderOptimizationLevel=5 --timingCacheFile=/workspace/artifacts/shrutam2_encoder_bf16_b64.timing.cache --profilingVerbosity=detailed
[09/11/2026-11:17:38] [I] === Model Options ===
[09/11/2026-11:17:38] [I] Format: ONNX
[09/11/2026-11:17:38] [I] Model: /workspace/artifacts/shrutam2_encoder.onnx
[09/11/2026-11:17:38] [I] Output:
[09/11/2026-11:17:38] [I] === Build Options ===
[09/11/2026-11:17:38] [I] Memory Pools: workspace: 16384 MiB, dlaSRAM: default, dlaLocalDRAM: default, dlaGlobalDRAM: default, tacticSharedMem: default
[09/11/2026-11:17:38] [I] avgTiming: 8
[09/11/2026-11:17:38] [I] Precision: FP32+BF16
[09/11/2026-11:17:38] [I] LayerPrecisions: 
[09/11/2026-11:17:38] [I] Layer Device Types: 
[09/11/2026-11:17:38] [I] Calibration: 
[09/11/2026-11:17:38] [I] Refit: Disabled
[09/11/2026-11:17:38] [I] Strip weights: Disabled
[09/11/2026-11:17:38] [I] Version Compatible: Disabled
[09/11/2026-11:17:38] [I] ONNX Plugin InstanceNorm: Disabled
[09/11/2026-11:17:38] [I] TensorRT runtime: full
[09/11/2026-11:17:38] [I] Lean DLL Path: 
[09/11/2026-11:17:38] [I] Tempfile Controls: { in_memory: allow, temporary: allow }
[09/11/2026-11:17:38] [I] Exclude Lean Runtime: Disabled
[09/11/2026-11:17:38] [I] Sparsity: Disabled
[09/11/2026-11:17:38] [I] Safe mode: Disabled
[09/11/2026-11:17:38] [I] Build DLA standalone loadable: Disabled
[09/11/2026-11:17:38] [I] Allow GPU fallback for DLA: Disabled
[09/11/2026-11:17:38] [I] DirectIO mode: Disabled
[09/11/2026-11:17:38] [I] Restricted mode: Disabled
[09/11/2026-11:17:38] [I] Skip inference: Disabled
[09/11/2026-11:17:38] [I] Save engine: /workspace/artifacts/shrutam2_encoder_bf16_b64.plan
[09/11/2026-11:17:38] [I] Load engine: 
[09/11/2026-11:17:38] [I] Profiling verbosity: 2
[09/11/2026-11:17:38] [I] Tactic sources: Using default tactic sources
[09/11/2026-11:17:38] [I] timingCacheMode: global
[09/11/2026-11:17:38] [I] timingCacheFile: /workspace/artifacts/shrutam2_encoder_bf16_b64.timing.cache
[09/11/2026-11:17:38] [I] Enable Compilation Cache: Enabled
[09/11/2026-11:17:38] [I] Enable Monitor Memory: Disabled
[09/11/2026-11:17:38] [I] errorOnTimingCacheMiss: Disabled
[09/11/2026-11:17:38] [I] Preview Features: Use default preview flags.
[09/11/2026-11:17:38] [I] MaxAuxStreams: -1
[09/11/2026-11:17:38] [I] BuilderOptimizationLevel: 5
[09/11/2026-11:17:38] [I] MaxTactics: -1
[09/11/2026-11:17:38] [I] Calibration Profile Index: 0
[09/11/2026-11:17:38] [I] Weight Streaming: Disabled
[09/11/2026-11:17:38] [I] Runtime Platform: Same As Build
[09/11/2026-11:17:38] [I] Debug Tensors: 
[09/11/2026-11:17:38] [I] Input(s)s format: fp32:CHW
[09/11/2026-11:17:38] [I] Output(s)s format: fp32:CHW
[09/11/2026-11:17:38] [I] Input build shape (profile 0): audio_signal=1x80x101+32x80x501+64x80x1001
[09/11/2026-11:17:38] [I] Input build shape (profile 0): lengths=1+32+64
[09/11/2026-11:17:38] [I] Input calibration shapes: model
[09/11/2026-11:17:38] [I] === System Options ===
[09/11/2026-11:17:38] [I] Device: 0
[09/11/2026-11:17:38] [I] DLACore: 
[09/11/2026-11:17:38] [I] Plugins:
[09/11/2026-11:17:38] [I] setPluginsToSerialize:
[09/11/2026-11:17:38] [I] dynamicPlugins:
[09/11/2026-11:17:38] [I] ignoreParsedPluginLibs: 0
[09/11/2026-11:17:38] [I] 
[09/11/2026-11:17:38] [I] === Inference Options ===
[09/11/2026-11:17:38] [I] Batch: Explicit
[09/11/2026-11:17:38] [I] Input inference shape : lengths=32
[09/11/2026-11:17:38] [I] Input inference shape : audio_signal=32x80x501
[09/11/2026-11:17:38] [I] Iterations: 10
[09/11/2026-11:17:38] [I] Duration: 3s (+ 200ms warm up)
[09/11/2026-11:17:38] [I] Sleep time: 0ms
[09/11/2026-11:17:38] [I] Idle time: 0ms
[09/11/2026-11:17:38] [I] Inference Streams: 1
[09/11/2026-11:17:38] [I] ExposeDMA: Disabled
[09/11/2026-11:17:38] [I] Data transfers: Enabled
[09/11/2026-11:17:38] [I] Spin-wait: Disabled
[09/11/2026-11:17:38] [I] Multithreading: Disabled
[09/11/2026-11:17:38] [I] CUDA Graph: Disabled
[09/11/2026-11:17:38] [I] Separate profiling: Disabled
[09/11/2026-11:17:38] [I] Time Deserialize: Disabled
[09/11/2026-11:17:38] [I] Time Refit: Disabled
[09/11/2026-11:17:38] [I] NVTX verbosity: 2
[09/11/2026-11:17:38] [I] Persistent Cache Ratio: 0
[09/11/2026-11:17:38] [I] Optimization Profile Index: 0
[09/11/2026-11:17:38] [I] Weight Streaming Budget: 100.000000%
[09/11/2026-11:17:38] [I] Inputs:
[09/11/2026-11:17:38] [I] Debug Tensor Save Destinations:
[09/11/2026-11:17:38] [I] === Reporting Options ===
[09/11/2026-11:17:38] [I] Verbose: Disabled
[09/11/2026-11:17:38] [I] Averages: 10 inferences
[09/11/2026-11:17:38] [I] Percentiles: 90,95,99
[09/11/2026-11:17:38] [I] Dump refittable layers:Disabled
[09/11/2026-11:17:38] [I] Dump output: Disabled
[09/11/2026-11:17:38] [I] Profile: Disabled
[09/11/2026-11:17:38] [I] Export timing to JSON file: 
[09/11/2026-11:17:38] [I] Export output to JSON file: 
[09/11/2026-11:17:38] [I] Export profile to JSON file: 
[09/11/2026-11:17:38] [I] 
[09/11/2026-11:17:38] [I] === Device Information ===
[09/11/2026-11:17:38] [I] Available Devices: 
[09/11/2026-11:17:38] [I]   Device 0: "NVIDIA H100 NVL" UUID: GPU-78d0dccb-0e2a-0c21-2402-dd562bbf9845
[09/11/2026-11:17:38] [I] Selected Device: NVIDIA H100 NVL
[09/11/2026-11:17:38] [I] Selected Device ID: 0
[09/11/2026-11:17:38] [I] Selected Device UUID: GPU-78d0dccb-0e2a-0c21-2402-dd562bbf9845
[09/11/2026-11:17:38] [I] Compute Capability: 9.0
[09/11/2026-11:17:38] [I] SMs: 132
[09/11/2026-11:17:38] [I] Device Global Memory: 95321 MiB
[09/11/2026-11:17:38] [I] Shared Memory per SM: 228 KiB
[09/11/2026-11:17:38] [I] Memory Bus Width: 6016 bits (ECC enabled)
[09/11/2026-11:17:38] [I] Application Compute Clock Rate: 1.785 GHz
[09/11/2026-11:17:38] [I] Application Memory Clock Rate: 2.619 GHz
[09/11/2026-11:17:38] [I] 
[09/11/2026-11:17:38] [I] Note: The application clock rates do not reflect the actual clock rates that the GPU is currently running at.
[09/11/2026-11:17:38] [I] 
[09/11/2026-11:17:38] [I] TensorRT version: 10.10.0
[09/11/2026-11:17:38] [I] Loading standard plugins
[09/11/2026-11:17:38] [I] [TRT] [MemUsageChange] Init CUDA: CPU +2, GPU +0, now: CPU 47, GPU 526 (MiB)
[09/11/2026-11:17:41] [I] [TRT] [MemUsageChange] Init builder kernel library: CPU +2096, GPU +8, now: CPU 2344, GPU 534 (MiB)
[09/11/2026-11:17:41] [I] Start parsing network model.
[09/11/2026-11:17:42] [I] [TRT] ----------------------------------------------------------------
[09/11/2026-11:17:42] [I] [TRT] Input filename:   /workspace/artifacts/shrutam2_encoder.onnx
[09/11/2026-11:17:42] [I] [TRT] ONNX IR version:  0.0.8
[09/11/2026-11:17:42] [I] [TRT] Opset version:    17
[09/11/2026-11:17:42] [I] [TRT] Producer name:    pytorch
[09/11/2026-11:17:42] [I] [TRT] Producer version: 2.6.0
[09/11/2026-11:17:42] [I] [TRT] Domain:           
[09/11/2026-11:17:42] [I] [TRT] Model version:    0
[09/11/2026-11:17:42] [I] [TRT] Doc string:       
[09/11/2026-11:17:42] [I] [TRT] ----------------------------------------------------------------
[09/11/2026-11:17:42] [W] [TRT] ModelImporter.cpp:503: Make sure input lengths has Int64 binding.
[09/11/2026-11:17:42] [W] [TRT] ModelImporter.cpp:848: Make sure output encoded_lengths has Int64 binding.
[09/11/2026-11:17:42] [I] Finished parsing network model. Parse time: 1.28289
[09/11/2026-11:17:42] [I] Set shape of input tensor audio_signal for optimization profile 0 to: MIN=1x80x101 OPT=32x80x501 MAX=64x80x1001
[09/11/2026-11:17:42] [I] Set shape of input tensor lengths for optimization profile 0 to: MIN=1 OPT=32 MAX=64
[09/11/2026-11:17:42] [W] [TRT] Could not read timing cache from: /workspace/artifacts/shrutam2_encoder_bf16_b64.timing.cache. A new timing cache will be generated and written.
[09/11/2026-11:17:47] [I] [TRT] Global timing cache in use. Profiling results in this builder pass will be stored.
[09/11/2026-11:17:48] [I] [TRT] Compiler backend is used during engine build.
[09/11/2026-11:20:39] [I] [TRT] [GraphReduction] The approximate region cut reduction algorithm is called.
[09/11/2026-11:20:39] [I] [TRT] Detected 2 inputs and 2 output network tensors.
[09/11/2026-11:20:59] [I] [TRT] Total Host Persistent Memory: 857648 bytes
[09/11/2026-11:20:59] [I] [TRT] Total Device Persistent Memory: 0 bytes
[09/11/2026-11:20:59] [I] [TRT] Max Scratch Memory: 66060800 bytes
[09/11/2026-11:20:59] [I] [TRT] [BlockAssignment] Started assigning block shifts. This will take 1649 steps to complete.
[09/11/2026-11:20:59] [I] [TRT] [BlockAssignment] Algorithm ShiftNTopDown took 82.458ms to assign 11 blocks to 1649 nodes requiring 1841065472 bytes.
[09/11/2026-11:20:59] [I] [TRT] Total Activation Memory: 1841065472 bytes
[09/11/2026-11:20:59] [I] [TRT] Total Weights Memory: 2471761152 bytes
[09/11/2026-11:20:59] [I] [TRT] Compiler backend is used during engine execution.
[09/11/2026-11:20:59] [I] [TRT] Engine generation completed in 192.044 seconds.
[09/11/2026-11:20:59] [I] [TRT] [MS] Running engine with multi stream info
[09/11/2026-11:20:59] [I] [TRT] [MS] Number of aux streams is 2
[09/11/2026-11:20:59] [I] [TRT] [MS] Number of total worker streams is 3
[09/11/2026-11:20:59] [I] [TRT] [MS] The main stream provided by execute/enqueue calls is the first worker stream
[09/11/2026-11:21:00] [I] [TRT] [MemUsageChange] TensorRT-managed allocation in IExecutionContext creation: CPU +1, GPU +1756, now: CPU 2, GPU 4113 (MiB)
[09/11/2026-11:21:01] [I] [TRT] Global timing cache in use. Profiling results in this builder pass will be stored.
[09/11/2026-11:21:01] [I] [TRT] Compiler backend is used during engine build.
[09/11/2026-11:22:26] [I] [TRT] Detected 2 inputs and 2 output network tensors.
[09/11/2026-11:22:46] [I] [TRT] Total Host Persistent Memory: 612176 bytes
[09/11/2026-11:22:46] [I] [TRT] Total Device Persistent Memory: 0 bytes
[09/11/2026-11:22:46] [I] [TRT] Max Scratch Memory: 199602176 bytes
[09/11/2026-11:22:46] [I] [TRT] [BlockAssignment] Started assigning block shifts. This will take 519 steps to complete.
[09/11/2026-11:22:46] [I] [TRT] [BlockAssignment] Algorithm ShiftNTopDown took 23.2192ms to assign 8 blocks to 519 nodes requiring 2676269056 bytes.
[09/11/2026-11:22:46] [I] [TRT] Total Activation Memory: 2676268544 bytes
[09/11/2026-11:22:47] [I] [TRT] Total Weights Memory: 1387795968 bytes
[09/11/2026-11:22:47] [I] [TRT] Compiler backend is used during engine execution.
[09/11/2026-11:22:47] [I] [TRT] Engine generation completed in 105.912 seconds.
[09/11/2026-11:22:47] [I] [TRT] [MS] Running engine with multi stream info
[09/11/2026-11:22:47] [I] [TRT] [MS] Number of aux streams is 1
[09/11/2026-11:22:47] [I] [TRT] [MS] Number of total worker streams is 2
[09/11/2026-11:22:47] [I] [TRT] [MS] The main stream provided by execute/enqueue calls is the first worker stream
[09/11/2026-11:22:48] [I] [TRT] [MemUsageChange] TensorRT-managed allocation in IExecutionContext creation: CPU +1, GPU +2553, now: CPU 1, GPU 6234 (MiB)
[09/11/2026-11:22:48] [I] [TRT] Global timing cache in use. Profiling results in this builder pass will be stored.
[09/11/2026-11:22:48] [I] [TRT] Compiler backend is used during engine build.
[09/11/2026-11:23:28] [I] [TRT] Detected 2 inputs and 2 output network tensors.
[09/11/2026-11:23:47] [I] [TRT] Total Host Persistent Memory: 632832 bytes
[09/11/2026-11:23:47] [I] [TRT] Total Device Persistent Memory: 0 bytes
[09/11/2026-11:23:47] [I] [TRT] Max Scratch Memory: 199602176 bytes
[09/11/2026-11:23:47] [I] [TRT] [BlockAssignment] Started assigning block shifts. This will take 613 steps to complete.
[09/11/2026-11:23:47] [I] [TRT] [BlockAssignment] Algorithm ShiftNTopDown took 39.7876ms to assign 8 blocks to 613 nodes requiring 1691918336 bytes.
[09/11/2026-11:23:47] [I] [TRT] Total Activation Memory: 1691917824 bytes
[09/11/2026-11:23:48] [I] [TRT] Total Weights Memory: 1387795968 bytes
[09/11/2026-11:23:48] [I] [TRT] Compiler backend is used during engine execution.
[09/11/2026-11:23:48] [I] [TRT] Engine generation completed in 59.9336 seconds.
[09/11/2026-11:23:48] [I] [TRT] [MS] Running engine with multi stream info
[09/11/2026-11:23:48] [I] [TRT] [MS] Number of aux streams is 1
[09/11/2026-11:23:48] [I] [TRT] [MS] Number of total worker streams is 2
[09/11/2026-11:23:48] [I] [TRT] [MS] The main stream provided by execute/enqueue calls is the first worker stream
[09/11/2026-11:23:49] [I] [TRT] [MemUsageChange] TensorRT-managed allocation in IExecutionContext creation: CPU +1, GPU +1614, now: CPU 1, GPU 4261 (MiB)
[09/11/2026-11:23:50] [I] [TRT] [MemUsageStats] Peak memory usage of TRT CPU/GPU memory allocators: CPU 125 MiB, GPU 6240 MiB
[09/11/2026-11:23:50] [I] Engine built in 367.827 sec.
[09/11/2026-11:23:50] [I] Created engine with size: 1350.75 MiB
[09/11/2026-11:23:50] [W] [TRT] Could not read timing cache from: /workspace/artifacts/shrutam2_encoder_bf16_b64.timing.cache. A new timing cache will be generated and written.
[09/11/2026-11:23:50] [I] [TRT] Serialized 5052 bytes of code generator cache.
[09/11/2026-11:23:50] [I] [TRT] Serialized 5604647 bytes of compilation cache.
[09/11/2026-11:23:50] [I] [TRT] Serialized 970 timing cache entries
[09/11/2026-11:23:50] [I] [TRT] Saved 5710747 bytes of timing cache to /workspace/artifacts/shrutam2_encoder_bf16_b64.timing.cache
[09/11/2026-11:23:53] [I] [TRT] Loaded engine size: 1350 MiB
[09/11/2026-11:23:53] [I] Engine deserialized in 0.711138 sec.
[09/11/2026-11:23:53] [I] [TRT] [MS] Running engine with multi stream info
[09/11/2026-11:23:53] [I] [TRT] [MS] Number of aux streams is 1
[09/11/2026-11:23:53] [I] [TRT] [MS] Number of total worker streams is 2
[09/11/2026-11:23:53] [I] [TRT] [MS] The main stream provided by execute/enqueue calls is the first worker stream
[09/11/2026-11:23:54] [I] [TRT] [MemUsageChange] TensorRT-managed allocation in IExecutionContext creation: CPU +0, GPU +1614, now: CPU 0, GPU 2937 (MiB)
[09/11/2026-11:23:54] [I] Setting persistentCacheLimit to 0 bytes.
[09/11/2026-11:23:54] [I] Set shape of input tensor audio_signal to: 32x80x501
[09/11/2026-11:23:54] [I] Set shape of input tensor lengths to: 32
[09/11/2026-11:23:54] [I] Created execution context with device memory size: 1613.54 MiB
[09/11/2026-11:23:54] [I] Using random values for input audio_signal
[09/11/2026-11:23:54] [I] Input binding for audio_signal with dimensions 32x80x501 is created.
[09/11/2026-11:23:54] [I] Using random values for input lengths
[09/11/2026-11:23:54] [I] Input binding for lengths with dimensions 32 is created.
[09/11/2026-11:23:54] [I] Output binding for encoded with dimensions 32x1024x63 is created.
[09/11/2026-11:23:54] [I] Output binding for encoded_lengths with dimensions 32 is created.
[09/11/2026-11:23:54] [I] Starting inference
[09/11/2026-11:23:57] [W] * Throughput may be bound by Enqueue Time rather than GPU Compute and the GPU may be under-utilized.
[09/11/2026-11:23:57] [W]   If not already in use, --useCudaGraph (utilize CUDA graphs where possible) may increase the throughput.
[09/11/2026-11:23:57] [W] * GPU compute time is unstable, with coefficient of variance = 1.9345%.
[09/11/2026-11:23:57] [W]   If not already in use, locking GPU clock frequency or adding --useSpinWait may improve the stability.
[09/11/2026-11:23:57] [I] Warmup completed 13 queries over 200 ms
[09/11/2026-11:23:57] [I] Timing trace has 251 queries over 3.03641 s
[09/11/2026-11:23:57] [I] 
[09/11/2026-11:23:57] [I] === Trace details ===
[09/11/2026-11:23:57] [I] Trace averages of 10 runs:
[09/11/2026-11:23:57] [I] Average on 10 runs - GPU latency: 11.78 ms - Host latency: 12.0276 ms (enqueue 9.57134 ms)
[09/11/2026-11:23:57] [I] Average on 10 runs - GPU latency: 11.864 ms - Host latency: 12.1696 ms (enqueue 9.60565 ms)
[09/11/2026-11:23:57] [I] Average on 10 runs - GPU latency: 11.8711 ms - Host latency: 12.1796 ms (enqueue 9.60214 ms)
[09/11/2026-11:23:57] [I] Average on 10 runs - GPU latency: 11.8699 ms - Host latency: 12.1493 ms (enqueue 9.61769 ms)
[09/11/2026-11:23:57] [I] Average on 10 runs - GPU latency: 11.8552 ms - Host latency: 12.1538 ms (enqueue 9.61714 ms)
[09/11/2026-11:23:57] [I] Average on 10 runs - GPU latency: 11.8751 ms - Host latency: 12.182 ms (enqueue 9.62382 ms)
[09/11/2026-11:23:57] [I] Average on 10 runs - GPU latency: 12.5895 ms - Host latency: 12.8937 ms (enqueue 10.1453 ms)
[09/11/2026-11:23:57] [I] Average on 10 runs - GPU latency: 12.3809 ms - Host latency: 12.6867 ms (enqueue 10.0889 ms)
[09/11/2026-11:23:57] [I] Average on 10 runs - GPU latency: 12.0513 ms - Host latency: 12.357 ms (enqueue 9.94519 ms)
[09/11/2026-11:23:57] [I] Average on 10 runs - GPU latency: 11.9245 ms - Host latency: 12.2335 ms (enqueue 9.65536 ms)
[09/11/2026-11:23:57] [I] Average on 10 runs - GPU latency: 11.8764 ms - Host latency: 12.1847 ms (enqueue 9.63412 ms)
[09/11/2026-11:23:57] [I] Average on 10 runs - GPU latency: 11.9478 ms - Host latency: 12.2555 ms (enqueue 9.6429 ms)
[09/11/2026-11:23:57] [I] Average on 10 runs - GPU latency: 11.9331 ms - Host latency: 12.239 ms (enqueue 9.69513 ms)
[09/11/2026-11:23:57] [I] Average on 10 runs - GPU latency: 11.9923 ms - Host latency: 12.2906 ms (enqueue 9.70635 ms)
[09/11/2026-11:23:57] [I] Average on 10 runs - GPU latency: 12.3269 ms - Host latency: 12.6221 ms (enqueue 9.99044 ms)
[09/11/2026-11:23:57] [I] Average on 10 runs - GPU latency: 12.3314 ms - Host latency: 12.6381 ms (enqueue 10.0211 ms)
[09/11/2026-11:23:57] [I] Average on 10 runs - GPU latency: 12.1419 ms - Host latency: 12.4431 ms (enqueue 9.87224 ms)
[09/11/2026-11:23:57] [I] Average on 10 runs - GPU latency: 12.0406 ms - Host latency: 12.342 ms (enqueue 9.76038 ms)
[09/11/2026-11:23:57] [I] Average on 10 runs - GPU latency: 11.9486 ms - Host latency: 12.2581 ms (enqueue 9.70417 ms)
[09/11/2026-11:23:57] [I] Average on 10 runs - GPU latency: 11.8707 ms - Host latency: 12.1826 ms (enqueue 9.64597 ms)
[09/11/2026-11:23:57] [I] Average on 10 runs - GPU latency: 11.9392 ms - Host latency: 12.2381 ms (enqueue 9.68298 ms)
[09/11/2026-11:23:57] [I] Average on 10 runs - GPU latency: 11.9759 ms - Host latency: 12.2848 ms (enqueue 9.69673 ms)
[09/11/2026-11:23:57] [I] Average on 10 runs - GPU latency: 12.2399 ms - Host latency: 12.5514 ms (enqueue 9.89499 ms)
[09/11/2026-11:23:57] [I] Average on 10 runs - GPU latency: 12.3615 ms - Host latency: 12.672 ms (enqueue 10.049 ms)
[09/11/2026-11:23:57] [I] Average on 10 runs - GPU latency: 12.2003 ms - Host latency: 12.511 ms (enqueue 9.89536 ms)
[09/11/2026-11:23:57] [I] 
[09/11/2026-11:23:57] [I] === Performance summary ===
[09/11/2026-11:23:57] [I] Throughput: 82.6633 qps
[09/11/2026-11:23:57] [I] Latency: min = 11.8958 ms, max = 13.289 ms, mean = 12.3501 ms, median = 12.2664 ms, percentile(90%) = 12.6665 ms, percentile(95%) = 12.7488 ms, percentile(99%) = 13.2128 ms
[09/11/2026-11:23:57] [I] Enqueue Time: min = 9.52856 ms, max = 11.2272 ms, mean = 9.77466 ms, median = 9.70117 ms, percentile(90%) = 10.0311 ms, percentile(95%) = 10.0959 ms, percentile(99%) = 10.5367 ms
[09/11/2026-11:23:57] [I] H2D Latency: min = 0.0835571 ms, max = 0.160156 ms, mean = 0.135504 ms, median = 0.136963 ms, percentile(90%) = 0.141602 ms, percentile(95%) = 0.144043 ms, percentile(99%) = 0.155518 ms
[09/11/2026-11:23:57] [I] GPU Compute Time: min = 11.705 ms, max = 12.9824 ms, mean = 12.0478 ms, median = 11.9622 ms, percentile(90%) = 12.3618 ms, percentile(95%) = 12.4382 ms, percentile(99%) = 12.9062 ms
[09/11/2026-11:23:57] [I] D2H Latency: min = 0.100159 ms, max = 0.18689 ms, mean = 0.166852 ms, median = 0.169922 ms, percentile(90%) = 0.170654 ms, percentile(95%) = 0.171082 ms, percentile(99%) = 0.182617 ms
[09/11/2026-11:23:57] [I] Total Host Walltime: 3.03641 s
[09/11/2026-11:23:57] [I] Total GPU Compute Time: 3.02399 s
[09/11/2026-11:23:57] [I] Explanations of the performance metrics are printed in the verbose logs.
[09/11/2026-11:23:57] [I] 
&&&& PASSED TensorRT.trtexec [TensorRT v101000] [b31] # /usr/local/tensorrt/targets/x86_64-linux-gnu/bin/trtexec --onnx=/workspace/artifacts/shrutam2_encoder.onnx --saveEngine=/workspace/artifacts/shrutam2_encoder_bf16_b64.plan --bf16 --minShapes=audio_signal:1x80x101,lengths:1 --optShapes=audio_signal:32x80x501,lengths:32 --maxShapes=audio_signal:64x80x1001,lengths:64 --memPoolSize=workspace:16384 --builderOptimizationLevel=5 --timingCacheFile=/workspace/artifacts/shrutam2_encoder_bf16_b64.timing.cache --profilingVerbosity=detailed
-rw-r--r-- 1 root root 1.4G Sep 11 11:23 /workspace/artifacts/shrutam2_encoder_bf16_b64.plan
-rw-r--r-- 1 root root 5.5M Sep 11 11:23 /workspace/artifacts/shrutam2_encoder_bf16_b64.timing.cache
