
=============
== PyTorch ==
=============

NVIDIA Release 25.04 (build 159049541)
PyTorch Version 2.7.0a0+79aa174
Container image Copyright (c) 2025, NVIDIA CORPORATION & AFFILIATES. All rights reserved.
Copyright (c) 2014-2024 Facebook Inc.
Copyright (c) 2011-2014 Idiap Research Institute (Ronan Collobert)
Copyright (c) 2012-2014 Deepmind Technologies    (Koray Kavukcuoglu)
Copyright (c) 2011-2012 NEC Laboratories America (Koray Kavukcuoglu)
Copyright (c) 2011-2013 NYU                      (Clement Farabet)
Copyright (c) 2006-2010 NEC Laboratories America (Ronan Collobert, Leon Bottou, Iain Melvin, Jason Weston)
Copyright (c) 2006      Idiap Research Institute (Samy Bengio)
Copyright (c) 2001-2004 Idiap Research Institute (Ronan Collobert, Samy Bengio, Johnny Mariethoz)
Copyright (c) 2015      Google Inc.
Copyright (c) 2015      Yangqing Jia
Copyright (c) 2013-2016 The Caffe contributors
All rights reserved.

Various files include modifications (c) NVIDIA CORPORATION & AFFILIATES.  All rights reserved.

GOVERNING TERMS: The software and materials are governed by the NVIDIA Software License Agreement
(found at https://www.nvidia.com/en-us/agreements/enterprise-software/nvidia-software-license-agreement/)
and the Product-Specific Terms for NVIDIA AI Products
(found at https://www.nvidia.com/en-us/agreements/enterprise-software/product-specific-terms-for-ai-products/).

&&&& RUNNING TensorRT.trtexec [TensorRT v101000] [b31] # /usr/local/tensorrt/bin/trtexec --loadEngine=/workspace/artifacts/shrutam2_encoder_bf16.plan --shapes=audio_signal:1x80x101,lengths:1 --warmUp=500 --duration=0 --iterations=100 --noDataTransfers --useCudaGraph --exportTimes=/workspace/results/encoder/trtexec_bf16_1s/times_b1.json
[09/10/2026-14:54:52] [I] TF32 is enabled by default. Add --noTF32 flag to further improve accuracy with some performance cost.
[09/10/2026-14:54:52] [I] === Model Options ===
[09/10/2026-14:54:52] [I] Format: *
[09/10/2026-14:54:52] [I] Model: 
[09/10/2026-14:54:52] [I] Output:
[09/10/2026-14:54:52] [I] 
[09/10/2026-14:54:52] [I] === System Options ===
[09/10/2026-14:54:52] [I] Device: 0
[09/10/2026-14:54:52] [I] DLACore: 
[09/10/2026-14:54:52] [I] Plugins:
[09/10/2026-14:54:52] [I] setPluginsToSerialize:
[09/10/2026-14:54:52] [I] dynamicPlugins:
[09/10/2026-14:54:52] [I] ignoreParsedPluginLibs: 0
[09/10/2026-14:54:52] [I] 
[09/10/2026-14:54:52] [I] === Inference Options ===
[09/10/2026-14:54:52] [I] Batch: Explicit
[09/10/2026-14:54:52] [I] Input inference shape : lengths=1
[09/10/2026-14:54:52] [I] Input inference shape : audio_signal=1x80x101
[09/10/2026-14:54:52] [I] Iterations: 100
[09/10/2026-14:54:52] [I] Duration: 0s (+ 500ms warm up)
[09/10/2026-14:54:52] [I] Sleep time: 0ms
[09/10/2026-14:54:52] [I] Idle time: 0ms
[09/10/2026-14:54:52] [I] Inference Streams: 1
[09/10/2026-14:54:52] [I] ExposeDMA: Disabled
[09/10/2026-14:54:52] [I] Data transfers: Disabled
[09/10/2026-14:54:52] [I] Spin-wait: Disabled
[09/10/2026-14:54:52] [I] Multithreading: Disabled
[09/10/2026-14:54:52] [I] CUDA Graph: Enabled
[09/10/2026-14:54:52] [I] Separate profiling: Disabled
[09/10/2026-14:54:52] [I] Time Deserialize: Disabled
[09/10/2026-14:54:52] [I] Time Refit: Disabled
[09/10/2026-14:54:52] [I] NVTX verbosity: 0
[09/10/2026-14:54:52] [I] Persistent Cache Ratio: 0
[09/10/2026-14:54:52] [I] Optimization Profile Index: 0
[09/10/2026-14:54:52] [I] Weight Streaming Budget: 100.000000%
[09/10/2026-14:54:52] [I] Inputs:
[09/10/2026-14:54:52] [I] Debug Tensor Save Destinations:
[09/10/2026-14:54:52] [I] === Reporting Options ===
[09/10/2026-14:54:52] [I] Verbose: Disabled
[09/10/2026-14:54:52] [I] Averages: 10 inferences
[09/10/2026-14:54:52] [I] Percentiles: 90,95,99
[09/10/2026-14:54:52] [I] Dump refittable layers:Disabled
[09/10/2026-14:54:52] [I] Dump output: Disabled
[09/10/2026-14:54:52] [I] Profile: Disabled
[09/10/2026-14:54:52] [I] Export timing to JSON file: /workspace/results/encoder/trtexec_bf16_1s/times_b1.json
[09/10/2026-14:54:52] [I] Export output to JSON file: 
[09/10/2026-14:54:52] [I] Export profile to JSON file: 
[09/10/2026-14:54:52] [I] 
[09/10/2026-14:54:52] [I] === Device Information ===
[09/10/2026-14:54:52] [I] Available Devices: 
[09/10/2026-14:54:52] [I]   Device 0: "NVIDIA H100 NVL" UUID: GPU-78d0dccb-0e2a-0c21-2402-dd562bbf9845
[09/10/2026-14:54:52] [I] Selected Device: NVIDIA H100 NVL
[09/10/2026-14:54:52] [I] Selected Device ID: 0
[09/10/2026-14:54:52] [I] Selected Device UUID: GPU-78d0dccb-0e2a-0c21-2402-dd562bbf9845
[09/10/2026-14:54:52] [I] Compute Capability: 9.0
[09/10/2026-14:54:52] [I] SMs: 132
[09/10/2026-14:54:52] [I] Device Global Memory: 95321 MiB
[09/10/2026-14:54:52] [I] Shared Memory per SM: 228 KiB
[09/10/2026-14:54:52] [I] Memory Bus Width: 6016 bits (ECC enabled)
[09/10/2026-14:54:52] [I] Application Compute Clock Rate: 1.785 GHz
[09/10/2026-14:54:52] [I] Application Memory Clock Rate: 2.619 GHz
[09/10/2026-14:54:52] [I] 
[09/10/2026-14:54:52] [I] Note: The application clock rates do not reflect the actual clock rates that the GPU is currently running at.
[09/10/2026-14:54:52] [I] 
[09/10/2026-14:54:52] [I] TensorRT version: 10.10.0
[09/10/2026-14:54:52] [I] Loading standard plugins
[09/10/2026-14:54:53] [I] [TRT] Loaded engine size: 1363 MiB
[09/10/2026-14:54:53] [I] Engine deserialized in 1.24621 sec.
[09/10/2026-14:54:53] [I] [TRT] [MS] Running engine with multi stream info
[09/10/2026-14:54:53] [I] [TRT] [MS] Number of aux streams is 2
[09/10/2026-14:54:53] [I] [TRT] [MS] Number of total worker streams is 3
[09/10/2026-14:54:53] [I] [TRT] [MS] The main stream provided by execute/enqueue calls is the first worker stream
[09/10/2026-14:54:54] [I] [TRT] [MemUsageChange] TensorRT-managed allocation in IExecutionContext creation: CPU +0, GPU +1276, now: CPU 0, GPU 2599 (MiB)
[09/10/2026-14:54:54] [I] Setting persistentCacheLimit to 0 bytes.
[09/10/2026-14:54:54] [I] Set shape of input tensor audio_signal to: 1x80x101
[09/10/2026-14:54:54] [I] Set shape of input tensor lengths to: 1
[09/10/2026-14:54:54] [I] Created execution context with device memory size: 1276.14 MiB
[09/10/2026-14:54:54] [I] Using random values for input audio_signal
[09/10/2026-14:54:54] [I] Input binding for audio_signal with dimensions 1x80x101 is created.
[09/10/2026-14:54:54] [I] Using random values for input lengths
[09/10/2026-14:54:54] [I] Input binding for lengths with dimensions 1 is created.
[09/10/2026-14:54:54] [I] Output binding for encoded with dimensions 1x1024x13 is created.
[09/10/2026-14:54:54] [I] Output binding for encoded_lengths with dimensions 1 is created.
[09/10/2026-14:54:54] [I] Starting inference
[09/10/2026-14:54:54] [I] Capturing CUDA graph for the current execution context
[09/10/2026-14:54:55] [I] Successfully captured CUDA graph for the current execution context
[09/10/2026-14:54:55] [I] Warmup completed 93 queries over 500 ms
[09/10/2026-14:54:55] [I] Timing trace has 100 queries over 0.446036 s
[09/10/2026-14:54:55] [I] 
[09/10/2026-14:54:55] [I] === Trace details ===
[09/10/2026-14:54:55] [I] Trace averages of 10 runs:
[09/10/2026-14:54:55] [I] Average on 10 runs - GPU latency: 4.45349 ms - Host latency: 4.45349 ms (enqueue 0.375543 ms)
[09/10/2026-14:54:55] [I] Average on 10 runs - GPU latency: 4.45602 ms - Host latency: 4.45602 ms (enqueue 0.375067 ms)
[09/10/2026-14:54:55] [I] Average on 10 runs - GPU latency: 4.45597 ms - Host latency: 4.45597 ms (enqueue 0.37923 ms)
[09/10/2026-14:54:55] [I] Average on 10 runs - GPU latency: 4.45624 ms - Host latency: 4.45624 ms (enqueue 0.379993 ms)
[09/10/2026-14:54:55] [I] Average on 10 runs - GPU latency: 4.45164 ms - Host latency: 4.45164 ms (enqueue 0.375586 ms)
[09/10/2026-14:54:55] [I] Average on 10 runs - GPU latency: 4.45447 ms - Host latency: 4.45447 ms (enqueue 0.376984 ms)
[09/10/2026-14:54:55] [I] Average on 10 runs - GPU latency: 4.45542 ms - Host latency: 4.45542 ms (enqueue 0.377991 ms)
[09/10/2026-14:54:55] [I] Average on 10 runs - GPU latency: 4.4575 ms - Host latency: 4.4575 ms (enqueue 0.37746 ms)
[09/10/2026-14:54:55] [I] Average on 10 runs - GPU latency: 4.45926 ms - Host latency: 4.45926 ms (enqueue 0.375055 ms)
[09/10/2026-14:54:55] [I] Average on 10 runs - GPU latency: 4.45789 ms - Host latency: 4.45789 ms (enqueue 0.37218 ms)
[09/10/2026-14:54:55] [I] 
[09/10/2026-14:54:55] [I] === Performance summary ===
[09/10/2026-14:54:55] [I] Throughput: 224.197 qps
[09/10/2026-14:54:55] [I] Latency: min = 4.44757 ms, max = 4.466 ms, mean = 4.45579 ms, median = 4.45557 ms, percentile(90%) = 4.461 ms, percentile(95%) = 4.46216 ms, percentile(99%) = 4.466 ms
[09/10/2026-14:54:55] [I] Enqueue Time: min = 0.355469 ms, max = 0.407532 ms, mean = 0.376509 ms, median = 0.370209 ms, percentile(90%) = 0.394531 ms, percentile(95%) = 0.396729 ms, percentile(99%) = 0.407532 ms
[09/10/2026-14:54:55] [I] H2D Latency: min = 0 ms, max = 0 ms, mean = 0 ms, median = 0 ms, percentile(90%) = 0 ms, percentile(95%) = 0 ms, percentile(99%) = 0 ms
[09/10/2026-14:54:55] [I] GPU Compute Time: min = 4.44757 ms, max = 4.466 ms, mean = 4.45579 ms, median = 4.45557 ms, percentile(90%) = 4.461 ms, percentile(95%) = 4.46216 ms, percentile(99%) = 4.466 ms
[09/10/2026-14:54:55] [I] D2H Latency: min = 0 ms, max = 0 ms, mean = 0 ms, median = 0 ms, percentile(90%) = 0 ms, percentile(95%) = 0 ms, percentile(99%) = 0 ms
[09/10/2026-14:54:55] [I] Total Host Walltime: 0.446036 s
[09/10/2026-14:54:55] [I] Total GPU Compute Time: 0.445579 s
[09/10/2026-14:54:55] [I] Explanations of the performance metrics are printed in the verbose logs.
[09/10/2026-14:54:55] [I] 
&&&& PASSED TensorRT.trtexec [TensorRT v101000] [b31] # /usr/local/tensorrt/bin/trtexec --loadEngine=/workspace/artifacts/shrutam2_encoder_bf16.plan --shapes=audio_signal:1x80x101,lengths:1 --warmUp=500 --duration=0 --iterations=100 --noDataTransfers --useCudaGraph --exportTimes=/workspace/results/encoder/trtexec_bf16_1s/times_b1.json
&&&& RUNNING TensorRT.trtexec [TensorRT v101000] [b31] # /usr/local/tensorrt/bin/trtexec --loadEngine=/workspace/artifacts/shrutam2_encoder_bf16.plan --shapes=audio_signal:2x80x101,lengths:2 --warmUp=500 --duration=0 --iterations=100 --noDataTransfers --useCudaGraph --exportTimes=/workspace/results/encoder/trtexec_bf16_1s/times_b2.json
[09/10/2026-14:54:56] [I] TF32 is enabled by default. Add --noTF32 flag to further improve accuracy with some performance cost.
[09/10/2026-14:54:56] [I] === Model Options ===
[09/10/2026-14:54:56] [I] Format: *
[09/10/2026-14:54:56] [I] Model: 
[09/10/2026-14:54:56] [I] Output:
[09/10/2026-14:54:56] [I] 
[09/10/2026-14:54:56] [I] === System Options ===
[09/10/2026-14:54:56] [I] Device: 0
[09/10/2026-14:54:56] [I] DLACore: 
[09/10/2026-14:54:56] [I] Plugins:
[09/10/2026-14:54:56] [I] setPluginsToSerialize:
[09/10/2026-14:54:56] [I] dynamicPlugins:
[09/10/2026-14:54:56] [I] ignoreParsedPluginLibs: 0
[09/10/2026-14:54:56] [I] 
[09/10/2026-14:54:56] [I] === Inference Options ===
[09/10/2026-14:54:56] [I] Batch: Explicit
[09/10/2026-14:54:56] [I] Input inference shape : lengths=2
[09/10/2026-14:54:56] [I] Input inference shape : audio_signal=2x80x101
[09/10/2026-14:54:56] [I] Iterations: 100
[09/10/2026-14:54:56] [I] Duration: 0s (+ 500ms warm up)
[09/10/2026-14:54:56] [I] Sleep time: 0ms
[09/10/2026-14:54:56] [I] Idle time: 0ms
[09/10/2026-14:54:56] [I] Inference Streams: 1
[09/10/2026-14:54:56] [I] ExposeDMA: Disabled
[09/10/2026-14:54:56] [I] Data transfers: Disabled
[09/10/2026-14:54:56] [I] Spin-wait: Disabled
[09/10/2026-14:54:56] [I] Multithreading: Disabled
[09/10/2026-14:54:56] [I] CUDA Graph: Enabled
[09/10/2026-14:54:56] [I] Separate profiling: Disabled
[09/10/2026-14:54:56] [I] Time Deserialize: Disabled
[09/10/2026-14:54:56] [I] Time Refit: Disabled
[09/10/2026-14:54:56] [I] NVTX verbosity: 0
[09/10/2026-14:54:56] [I] Persistent Cache Ratio: 0
[09/10/2026-14:54:56] [I] Optimization Profile Index: 0
[09/10/2026-14:54:56] [I] Weight Streaming Budget: 100.000000%
[09/10/2026-14:54:56] [I] Inputs:
[09/10/2026-14:54:56] [I] Debug Tensor Save Destinations:
[09/10/2026-14:54:56] [I] === Reporting Options ===
[09/10/2026-14:54:56] [I] Verbose: Disabled
[09/10/2026-14:54:56] [I] Averages: 10 inferences
[09/10/2026-14:54:56] [I] Percentiles: 90,95,99
[09/10/2026-14:54:56] [I] Dump refittable layers:Disabled
[09/10/2026-14:54:56] [I] Dump output: Disabled
[09/10/2026-14:54:56] [I] Profile: Disabled
[09/10/2026-14:54:56] [I] Export timing to JSON file: /workspace/results/encoder/trtexec_bf16_1s/times_b2.json
[09/10/2026-14:54:56] [I] Export output to JSON file: 
[09/10/2026-14:54:56] [I] Export profile to JSON file: 
[09/10/2026-14:54:56] [I] 
[09/10/2026-14:54:56] [I] === Device Information ===
[09/10/2026-14:54:56] [I] Available Devices: 
[09/10/2026-14:54:56] [I]   Device 0: "NVIDIA H100 NVL" UUID: GPU-78d0dccb-0e2a-0c21-2402-dd562bbf9845
[09/10/2026-14:54:56] [I] Selected Device: NVIDIA H100 NVL
[09/10/2026-14:54:56] [I] Selected Device ID: 0
[09/10/2026-14:54:56] [I] Selected Device UUID: GPU-78d0dccb-0e2a-0c21-2402-dd562bbf9845
[09/10/2026-14:54:56] [I] Compute Capability: 9.0
[09/10/2026-14:54:56] [I] SMs: 132
[09/10/2026-14:54:56] [I] Device Global Memory: 95321 MiB
[09/10/2026-14:54:56] [I] Shared Memory per SM: 228 KiB
[09/10/2026-14:54:56] [I] Memory Bus Width: 6016 bits (ECC enabled)
[09/10/2026-14:54:56] [I] Application Compute Clock Rate: 1.785 GHz
[09/10/2026-14:54:56] [I] Application Memory Clock Rate: 2.619 GHz
[09/10/2026-14:54:56] [I] 
[09/10/2026-14:54:56] [I] Note: The application clock rates do not reflect the actual clock rates that the GPU is currently running at.
[09/10/2026-14:54:56] [I] 
[09/10/2026-14:54:56] [I] TensorRT version: 10.10.0
[09/10/2026-14:54:56] [I] Loading standard plugins
[09/10/2026-14:54:57] [I] [TRT] Loaded engine size: 1363 MiB
[09/10/2026-14:54:57] [I] Engine deserialized in 1.39794 sec.
[09/10/2026-14:54:57] [I] [TRT] [MS] Running engine with multi stream info
[09/10/2026-14:54:57] [I] [TRT] [MS] Number of aux streams is 2
[09/10/2026-14:54:57] [I] [TRT] [MS] Number of total worker streams is 3
[09/10/2026-14:54:57] [I] [TRT] [MS] The main stream provided by execute/enqueue calls is the first worker stream
[09/10/2026-14:54:59] [I] [TRT] [MemUsageChange] TensorRT-managed allocation in IExecutionContext creation: CPU +0, GPU +1276, now: CPU 0, GPU 2599 (MiB)
[09/10/2026-14:54:59] [I] Setting persistentCacheLimit to 0 bytes.
[09/10/2026-14:54:59] [I] Set shape of input tensor audio_signal to: 2x80x101
[09/10/2026-14:54:59] [I] Set shape of input tensor lengths to: 2
[09/10/2026-14:54:59] [I] Created execution context with device memory size: 1276.14 MiB
[09/10/2026-14:54:59] [I] Using random values for input audio_signal
[09/10/2026-14:54:59] [I] Input binding for audio_signal with dimensions 2x80x101 is created.
[09/10/2026-14:54:59] [I] Using random values for input lengths
[09/10/2026-14:54:59] [I] Input binding for lengths with dimensions 2 is created.
[09/10/2026-14:54:59] [I] Output binding for encoded with dimensions 2x1024x13 is created.
[09/10/2026-14:54:59] [I] Output binding for encoded_lengths with dimensions 2 is created.
[09/10/2026-14:54:59] [I] Starting inference
[09/10/2026-14:54:59] [I] Capturing CUDA graph for the current execution context
[09/10/2026-14:54:59] [I] Successfully captured CUDA graph for the current execution context
[09/10/2026-14:55:00] [I] Warmup completed 90 queries over 500 ms
[09/10/2026-14:55:00] [I] Timing trace has 100 queries over 0.450199 s
[09/10/2026-14:55:00] [I] 
[09/10/2026-14:55:00] [I] === Trace details ===
[09/10/2026-14:55:00] [I] Trace averages of 10 runs:
[09/10/2026-14:55:00] [I] Average on 10 runs - GPU latency: 4.49777 ms - Host latency: 4.49777 ms (enqueue 0.263068 ms)
[09/10/2026-14:55:00] [I] Average on 10 runs - GPU latency: 4.49694 ms - Host latency: 4.49694 ms (enqueue 0.263025 ms)
[09/10/2026-14:55:00] [I] Average on 10 runs - GPU latency: 4.49749 ms - Host latency: 4.49749 ms (enqueue 0.262317 ms)
[09/10/2026-14:55:00] [I] Average on 10 runs - GPU latency: 4.49388 ms - Host latency: 4.49388 ms (enqueue 0.265381 ms)
[09/10/2026-14:55:00] [I] Average on 10 runs - GPU latency: 4.49636 ms - Host latency: 4.49636 ms (enqueue 0.264618 ms)
[09/10/2026-14:55:00] [I] Average on 10 runs - GPU latency: 4.49736 ms - Host latency: 4.49736 ms (enqueue 0.266284 ms)
[09/10/2026-14:55:00] [I] Average on 10 runs - GPU latency: 4.49699 ms - Host latency: 4.49699 ms (enqueue 0.271716 ms)
[09/10/2026-14:55:00] [I] Average on 10 runs - GPU latency: 4.50014 ms - Host latency: 4.50014 ms (enqueue 0.266089 ms)
[09/10/2026-14:55:00] [I] Average on 10 runs - GPU latency: 4.49616 ms - Host latency: 4.49616 ms (enqueue 0.269952 ms)
[09/10/2026-14:55:00] [I] Average on 10 runs - GPU latency: 4.49635 ms - Host latency: 4.49635 ms (enqueue 0.276581 ms)
[09/10/2026-14:55:00] [I] 
[09/10/2026-14:55:00] [I] === Performance summary ===
[09/10/2026-14:55:00] [I] Throughput: 222.124 qps
[09/10/2026-14:55:00] [I] Latency: min = 4.48816 ms, max = 4.508 ms, mean = 4.49694 ms, median = 4.49695 ms, percentile(90%) = 4.50214 ms, percentile(95%) = 4.50311 ms, percentile(99%) = 4.508 ms
[09/10/2026-14:55:00] [I] Enqueue Time: min = 0.253235 ms, max = 0.304932 ms, mean = 0.266903 ms, median = 0.262787 ms, percentile(90%) = 0.288574 ms, percentile(95%) = 0.290344 ms, percentile(99%) = 0.304932 ms
[09/10/2026-14:55:00] [I] H2D Latency: min = 0 ms, max = 0 ms, mean = 0 ms, median = 0 ms, percentile(90%) = 0 ms, percentile(95%) = 0 ms, percentile(99%) = 0 ms
[09/10/2026-14:55:00] [I] GPU Compute Time: min = 4.48816 ms, max = 4.508 ms, mean = 4.49694 ms, median = 4.49695 ms, percentile(90%) = 4.50214 ms, percentile(95%) = 4.50311 ms, percentile(99%) = 4.508 ms
[09/10/2026-14:55:00] [I] D2H Latency: min = 0 ms, max = 0 ms, mean = 0 ms, median = 0 ms, percentile(90%) = 0 ms, percentile(95%) = 0 ms, percentile(99%) = 0 ms
[09/10/2026-14:55:00] [I] Total Host Walltime: 0.450199 s
[09/10/2026-14:55:00] [I] Total GPU Compute Time: 0.449694 s
[09/10/2026-14:55:00] [I] Explanations of the performance metrics are printed in the verbose logs.
[09/10/2026-14:55:00] [I] 
&&&& PASSED TensorRT.trtexec [TensorRT v101000] [b31] # /usr/local/tensorrt/bin/trtexec --loadEngine=/workspace/artifacts/shrutam2_encoder_bf16.plan --shapes=audio_signal:2x80x101,lengths:2 --warmUp=500 --duration=0 --iterations=100 --noDataTransfers --useCudaGraph --exportTimes=/workspace/results/encoder/trtexec_bf16_1s/times_b2.json
&&&& RUNNING TensorRT.trtexec [TensorRT v101000] [b31] # /usr/local/tensorrt/bin/trtexec --loadEngine=/workspace/artifacts/shrutam2_encoder_bf16.plan --shapes=audio_signal:8x80x101,lengths:8 --warmUp=500 --duration=0 --iterations=100 --noDataTransfers --useCudaGraph --exportTimes=/workspace/results/encoder/trtexec_bf16_1s/times_b8.json
[09/10/2026-14:55:01] [I] TF32 is enabled by default. Add --noTF32 flag to further improve accuracy with some performance cost.
[09/10/2026-14:55:01] [I] === Model Options ===
[09/10/2026-14:55:01] [I] Format: *
[09/10/2026-14:55:01] [I] Model: 
[09/10/2026-14:55:01] [I] Output:
[09/10/2026-14:55:01] [I] 
[09/10/2026-14:55:01] [I] === System Options ===
[09/10/2026-14:55:01] [I] Device: 0
[09/10/2026-14:55:01] [I] DLACore: 
[09/10/2026-14:55:01] [I] Plugins:
[09/10/2026-14:55:01] [I] setPluginsToSerialize:
[09/10/2026-14:55:01] [I] dynamicPlugins:
[09/10/2026-14:55:01] [I] ignoreParsedPluginLibs: 0
[09/10/2026-14:55:01] [I] 
[09/10/2026-14:55:01] [I] === Inference Options ===
[09/10/2026-14:55:01] [I] Batch: Explicit
[09/10/2026-14:55:01] [I] Input inference shape : lengths=8
[09/10/2026-14:55:01] [I] Input inference shape : audio_signal=8x80x101
[09/10/2026-14:55:01] [I] Iterations: 100
[09/10/2026-14:55:01] [I] Duration: 0s (+ 500ms warm up)
[09/10/2026-14:55:01] [I] Sleep time: 0ms
[09/10/2026-14:55:01] [I] Idle time: 0ms
[09/10/2026-14:55:01] [I] Inference Streams: 1
[09/10/2026-14:55:01] [I] ExposeDMA: Disabled
[09/10/2026-14:55:01] [I] Data transfers: Disabled
[09/10/2026-14:55:01] [I] Spin-wait: Disabled
[09/10/2026-14:55:01] [I] Multithreading: Disabled
[09/10/2026-14:55:01] [I] CUDA Graph: Enabled
[09/10/2026-14:55:01] [I] Separate profiling: Disabled
[09/10/2026-14:55:01] [I] Time Deserialize: Disabled
[09/10/2026-14:55:01] [I] Time Refit: Disabled
[09/10/2026-14:55:01] [I] NVTX verbosity: 0
[09/10/2026-14:55:01] [I] Persistent Cache Ratio: 0
[09/10/2026-14:55:01] [I] Optimization Profile Index: 0
[09/10/2026-14:55:01] [I] Weight Streaming Budget: 100.000000%
[09/10/2026-14:55:01] [I] Inputs:
[09/10/2026-14:55:01] [I] Debug Tensor Save Destinations:
[09/10/2026-14:55:01] [I] === Reporting Options ===
[09/10/2026-14:55:01] [I] Verbose: Disabled
[09/10/2026-14:55:01] [I] Averages: 10 inferences
[09/10/2026-14:55:01] [I] Percentiles: 90,95,99
[09/10/2026-14:55:01] [I] Dump refittable layers:Disabled
[09/10/2026-14:55:01] [I] Dump output: Disabled
[09/10/2026-14:55:01] [I] Profile: Disabled
[09/10/2026-14:55:01] [I] Export timing to JSON file: /workspace/results/encoder/trtexec_bf16_1s/times_b8.json
[09/10/2026-14:55:01] [I] Export output to JSON file: 
[09/10/2026-14:55:01] [I] Export profile to JSON file: 
[09/10/2026-14:55:01] [I] 
[09/10/2026-14:55:01] [I] === Device Information ===
[09/10/2026-14:55:01] [I] Available Devices: 
[09/10/2026-14:55:01] [I]   Device 0: "NVIDIA H100 NVL" UUID: GPU-78d0dccb-0e2a-0c21-2402-dd562bbf9845
[09/10/2026-14:55:01] [I] Selected Device: NVIDIA H100 NVL
[09/10/2026-14:55:01] [I] Selected Device ID: 0
[09/10/2026-14:55:01] [I] Selected Device UUID: GPU-78d0dccb-0e2a-0c21-2402-dd562bbf9845
[09/10/2026-14:55:01] [I] Compute Capability: 9.0
[09/10/2026-14:55:01] [I] SMs: 132
[09/10/2026-14:55:01] [I] Device Global Memory: 95321 MiB
[09/10/2026-14:55:01] [I] Shared Memory per SM: 228 KiB
[09/10/2026-14:55:01] [I] Memory Bus Width: 6016 bits (ECC enabled)
[09/10/2026-14:55:01] [I] Application Compute Clock Rate: 1.785 GHz
[09/10/2026-14:55:01] [I] Application Memory Clock Rate: 2.619 GHz
[09/10/2026-14:55:01] [I] 
[09/10/2026-14:55:01] [I] Note: The application clock rates do not reflect the actual clock rates that the GPU is currently running at.
[09/10/2026-14:55:01] [I] 
[09/10/2026-14:55:01] [I] TensorRT version: 10.10.0
[09/10/2026-14:55:01] [I] Loading standard plugins
[09/10/2026-14:55:02] [I] [TRT] Loaded engine size: 1363 MiB
[09/10/2026-14:55:02] [I] Engine deserialized in 1.3942 sec.
[09/10/2026-14:55:02] [I] [TRT] [MS] Running engine with multi stream info
[09/10/2026-14:55:02] [I] [TRT] [MS] Number of aux streams is 2
[09/10/2026-14:55:02] [I] [TRT] [MS] Number of total worker streams is 3
[09/10/2026-14:55:02] [I] [TRT] [MS] The main stream provided by execute/enqueue calls is the first worker stream
[09/10/2026-14:55:04] [I] [TRT] [MemUsageChange] TensorRT-managed allocation in IExecutionContext creation: CPU +0, GPU +1276, now: CPU 0, GPU 2599 (MiB)
[09/10/2026-14:55:04] [I] Setting persistentCacheLimit to 0 bytes.
[09/10/2026-14:55:04] [I] Set shape of input tensor audio_signal to: 8x80x101
[09/10/2026-14:55:04] [I] Set shape of input tensor lengths to: 8
[09/10/2026-14:55:04] [I] Created execution context with device memory size: 1276.14 MiB
[09/10/2026-14:55:04] [I] Using random values for input audio_signal
[09/10/2026-14:55:04] [I] Input binding for audio_signal with dimensions 8x80x101 is created.
[09/10/2026-14:55:04] [I] Using random values for input lengths
[09/10/2026-14:55:04] [I] Input binding for lengths with dimensions 8 is created.
[09/10/2026-14:55:04] [I] Output binding for encoded with dimensions 8x1024x13 is created.
[09/10/2026-14:55:04] [I] Output binding for encoded_lengths with dimensions 8 is created.
[09/10/2026-14:55:04] [I] Starting inference
[09/10/2026-14:55:04] [I] Capturing CUDA graph for the current execution context
[09/10/2026-14:55:04] [I] Successfully captured CUDA graph for the current execution context
[09/10/2026-14:55:05] [I] Warmup completed 87 queries over 500 ms
[09/10/2026-14:55:05] [I] Timing trace has 100 queries over 0.473272 s
[09/10/2026-14:55:05] [I] 
[09/10/2026-14:55:05] [I] === Trace details ===
[09/10/2026-14:55:05] [I] Trace averages of 10 runs:
[09/10/2026-14:55:05] [I] Average on 10 runs - GPU latency: 4.72571 ms - Host latency: 4.72571 ms (enqueue 0.268405 ms)
[09/10/2026-14:55:05] [I] Average on 10 runs - GPU latency: 4.72804 ms - Host latency: 4.72804 ms (enqueue 0.271802 ms)
[09/10/2026-14:55:05] [I] Average on 10 runs - GPU latency: 4.728 ms - Host latency: 4.728 ms (enqueue 0.269501 ms)
[09/10/2026-14:55:05] [I] Average on 10 runs - GPU latency: 4.72747 ms - Host latency: 4.72747 ms (enqueue 0.275562 ms)
[09/10/2026-14:55:05] [I] Average on 10 runs - GPU latency: 4.72772 ms - Host latency: 4.72772 ms (enqueue 0.269647 ms)
[09/10/2026-14:55:05] [I] Average on 10 runs - GPU latency: 4.72636 ms - Host latency: 4.72636 ms (enqueue 0.275342 ms)
[09/10/2026-14:55:05] [I] Average on 10 runs - GPU latency: 4.72706 ms - Host latency: 4.72706 ms (enqueue 0.271149 ms)
[09/10/2026-14:55:05] [I] Average on 10 runs - GPU latency: 4.72916 ms - Host latency: 4.72916 ms (enqueue 0.270654 ms)
[09/10/2026-14:55:05] [I] Average on 10 runs - GPU latency: 4.7291 ms - Host latency: 4.7291 ms (enqueue 0.271979 ms)
[09/10/2026-14:55:05] [I] Average on 10 runs - GPU latency: 4.72796 ms - Host latency: 4.72796 ms (enqueue 0.27052 ms)
[09/10/2026-14:55:05] [I] 
[09/10/2026-14:55:05] [I] === Performance summary ===
[09/10/2026-14:55:05] [I] Throughput: 211.295 qps
[09/10/2026-14:55:05] [I] Latency: min = 4.71808 ms, max = 4.73566 ms, mean = 4.72766 ms, median = 4.72736 ms, percentile(90%) = 4.73242 ms, percentile(95%) = 4.73401 ms, percentile(99%) = 4.73566 ms
[09/10/2026-14:55:05] [I] Enqueue Time: min = 0.259399 ms, max = 0.309021 ms, mean = 0.271456 ms, median = 0.265015 ms, percentile(90%) = 0.289917 ms, percentile(95%) = 0.297241 ms, percentile(99%) = 0.309021 ms
[09/10/2026-14:55:05] [I] H2D Latency: min = 0 ms, max = 0 ms, mean = 0 ms, median = 0 ms, percentile(90%) = 0 ms, percentile(95%) = 0 ms, percentile(99%) = 0 ms
[09/10/2026-14:55:05] [I] GPU Compute Time: min = 4.71808 ms, max = 4.73566 ms, mean = 4.72766 ms, median = 4.72736 ms, percentile(90%) = 4.73242 ms, percentile(95%) = 4.73401 ms, percentile(99%) = 4.73566 ms
[09/10/2026-14:55:05] [I] D2H Latency: min = 0 ms, max = 0 ms, mean = 0 ms, median = 0 ms, percentile(90%) = 0 ms, percentile(95%) = 0 ms, percentile(99%) = 0 ms
[09/10/2026-14:55:05] [I] Total Host Walltime: 0.473272 s
[09/10/2026-14:55:05] [I] Total GPU Compute Time: 0.472766 s
[09/10/2026-14:55:05] [I] Explanations of the performance metrics are printed in the verbose logs.
[09/10/2026-14:55:05] [I] 
&&&& PASSED TensorRT.trtexec [TensorRT v101000] [b31] # /usr/local/tensorrt/bin/trtexec --loadEngine=/workspace/artifacts/shrutam2_encoder_bf16.plan --shapes=audio_signal:8x80x101,lengths:8 --warmUp=500 --duration=0 --iterations=100 --noDataTransfers --useCudaGraph --exportTimes=/workspace/results/encoder/trtexec_bf16_1s/times_b8.json
&&&& RUNNING TensorRT.trtexec [TensorRT v101000] [b31] # /usr/local/tensorrt/bin/trtexec --loadEngine=/workspace/artifacts/shrutam2_encoder_bf16.plan --shapes=audio_signal:32x80x101,lengths:32 --warmUp=500 --duration=0 --iterations=100 --noDataTransfers --useCudaGraph --exportTimes=/workspace/results/encoder/trtexec_bf16_1s/times_b32.json
[09/10/2026-14:55:05] [I] TF32 is enabled by default. Add --noTF32 flag to further improve accuracy with some performance cost.
[09/10/2026-14:55:05] [I] === Model Options ===
[09/10/2026-14:55:05] [I] Format: *
[09/10/2026-14:55:05] [I] Model: 
[09/10/2026-14:55:05] [I] Output:
[09/10/2026-14:55:05] [I] 
[09/10/2026-14:55:05] [I] === System Options ===
[09/10/2026-14:55:05] [I] Device: 0
[09/10/2026-14:55:05] [I] DLACore: 
[09/10/2026-14:55:05] [I] Plugins:
[09/10/2026-14:55:05] [I] setPluginsToSerialize:
[09/10/2026-14:55:05] [I] dynamicPlugins:
[09/10/2026-14:55:05] [I] ignoreParsedPluginLibs: 0
[09/10/2026-14:55:05] [I] 
[09/10/2026-14:55:05] [I] === Inference Options ===
[09/10/2026-14:55:05] [I] Batch: Explicit
[09/10/2026-14:55:05] [I] Input inference shape : lengths=32
[09/10/2026-14:55:05] [I] Input inference shape : audio_signal=32x80x101
[09/10/2026-14:55:05] [I] Iterations: 100
[09/10/2026-14:55:05] [I] Duration: 0s (+ 500ms warm up)
[09/10/2026-14:55:05] [I] Sleep time: 0ms
[09/10/2026-14:55:05] [I] Idle time: 0ms
[09/10/2026-14:55:05] [I] Inference Streams: 1
[09/10/2026-14:55:05] [I] ExposeDMA: Disabled
[09/10/2026-14:55:05] [I] Data transfers: Disabled
[09/10/2026-14:55:05] [I] Spin-wait: Disabled
[09/10/2026-14:55:05] [I] Multithreading: Disabled
[09/10/2026-14:55:05] [I] CUDA Graph: Enabled
[09/10/2026-14:55:05] [I] Separate profiling: Disabled
[09/10/2026-14:55:05] [I] Time Deserialize: Disabled
[09/10/2026-14:55:05] [I] Time Refit: Disabled
[09/10/2026-14:55:05] [I] NVTX verbosity: 0
[09/10/2026-14:55:05] [I] Persistent Cache Ratio: 0
[09/10/2026-14:55:05] [I] Optimization Profile Index: 0
[09/10/2026-14:55:05] [I] Weight Streaming Budget: 100.000000%
[09/10/2026-14:55:05] [I] Inputs:
[09/10/2026-14:55:05] [I] Debug Tensor Save Destinations:
[09/10/2026-14:55:05] [I] === Reporting Options ===
[09/10/2026-14:55:05] [I] Verbose: Disabled
[09/10/2026-14:55:05] [I] Averages: 10 inferences
[09/10/2026-14:55:05] [I] Percentiles: 90,95,99
[09/10/2026-14:55:05] [I] Dump refittable layers:Disabled
[09/10/2026-14:55:05] [I] Dump output: Disabled
[09/10/2026-14:55:05] [I] Profile: Disabled
[09/10/2026-14:55:05] [I] Export timing to JSON file: /workspace/results/encoder/trtexec_bf16_1s/times_b32.json
[09/10/2026-14:55:05] [I] Export output to JSON file: 
[09/10/2026-14:55:05] [I] Export profile to JSON file: 
[09/10/2026-14:55:05] [I] 
[09/10/2026-14:55:05] [I] === Device Information ===
[09/10/2026-14:55:05] [I] Available Devices: 
[09/10/2026-14:55:05] [I]   Device 0: "NVIDIA H100 NVL" UUID: GPU-78d0dccb-0e2a-0c21-2402-dd562bbf9845
[09/10/2026-14:55:06] [I] Selected Device: NVIDIA H100 NVL
[09/10/2026-14:55:06] [I] Selected Device ID: 0
[09/10/2026-14:55:06] [I] Selected Device UUID: GPU-78d0dccb-0e2a-0c21-2402-dd562bbf9845
[09/10/2026-14:55:06] [I] Compute Capability: 9.0
[09/10/2026-14:55:06] [I] SMs: 132
[09/10/2026-14:55:06] [I] Device Global Memory: 95321 MiB
[09/10/2026-14:55:06] [I] Shared Memory per SM: 228 KiB
[09/10/2026-14:55:06] [I] Memory Bus Width: 6016 bits (ECC enabled)
[09/10/2026-14:55:06] [I] Application Compute Clock Rate: 1.785 GHz
[09/10/2026-14:55:06] [I] Application Memory Clock Rate: 2.619 GHz
[09/10/2026-14:55:06] [I] 
[09/10/2026-14:55:06] [I] Note: The application clock rates do not reflect the actual clock rates that the GPU is currently running at.
[09/10/2026-14:55:06] [I] 
[09/10/2026-14:55:06] [I] TensorRT version: 10.10.0
[09/10/2026-14:55:06] [I] Loading standard plugins
[09/10/2026-14:55:07] [I] [TRT] Loaded engine size: 1363 MiB
[09/10/2026-14:55:07] [I] Engine deserialized in 1.38136 sec.
[09/10/2026-14:55:07] [I] [TRT] [MS] Running engine with multi stream info
[09/10/2026-14:55:07] [I] [TRT] [MS] Number of aux streams is 2
[09/10/2026-14:55:07] [I] [TRT] [MS] Number of total worker streams is 3
[09/10/2026-14:55:07] [I] [TRT] [MS] The main stream provided by execute/enqueue calls is the first worker stream
[09/10/2026-14:55:09] [I] [TRT] [MemUsageChange] TensorRT-managed allocation in IExecutionContext creation: CPU +0, GPU +1276, now: CPU 0, GPU 2599 (MiB)
[09/10/2026-14:55:09] [I] Setting persistentCacheLimit to 0 bytes.
[09/10/2026-14:55:09] [I] Set shape of input tensor audio_signal to: 32x80x101
[09/10/2026-14:55:09] [I] Set shape of input tensor lengths to: 32
[09/10/2026-14:55:09] [I] Created execution context with device memory size: 1276.14 MiB
[09/10/2026-14:55:09] [I] Using random values for input audio_signal
[09/10/2026-14:55:09] [I] Input binding for audio_signal with dimensions 32x80x101 is created.
[09/10/2026-14:55:09] [I] Using random values for input lengths
[09/10/2026-14:55:09] [I] Input binding for lengths with dimensions 32 is created.
[09/10/2026-14:55:09] [I] Output binding for encoded with dimensions 32x1024x13 is created.
[09/10/2026-14:55:09] [I] Output binding for encoded_lengths with dimensions 32 is created.
[09/10/2026-14:55:09] [I] Starting inference
[09/10/2026-14:55:09] [I] Capturing CUDA graph for the current execution context
[09/10/2026-14:55:09] [I] Successfully captured CUDA graph for the current execution context
[09/10/2026-14:55:10] [I] Warmup completed 68 queries over 500 ms
[09/10/2026-14:55:10] [I] Timing trace has 100 queries over 0.604735 s
[09/10/2026-14:55:10] [I] 
[09/10/2026-14:55:10] [I] === Trace details ===
[09/10/2026-14:55:10] [I] Trace averages of 10 runs:
[09/10/2026-14:55:10] [I] Average on 10 runs - GPU latency: 6.04175 ms - Host latency: 6.04175 ms (enqueue 0.273206 ms)
[09/10/2026-14:55:10] [I] Average on 10 runs - GPU latency: 6.03536 ms - Host latency: 6.03536 ms (enqueue 0.286578 ms)
[09/10/2026-14:55:10] [I] Average on 10 runs - GPU latency: 6.05497 ms - Host latency: 6.05497 ms (enqueue 0.272705 ms)
[09/10/2026-14:55:10] [I] Average on 10 runs - GPU latency: 6.04595 ms - Host latency: 6.04595 ms (enqueue 0.278711 ms)
[09/10/2026-14:55:10] [I] Average on 10 runs - GPU latency: 6.03649 ms - Host latency: 6.03649 ms (enqueue 0.268829 ms)
[09/10/2026-14:55:10] [I] Average on 10 runs - GPU latency: 6.04943 ms - Host latency: 6.04943 ms (enqueue 0.284814 ms)
[09/10/2026-14:55:10] [I] Average on 10 runs - GPU latency: 6.05008 ms - Host latency: 6.05008 ms (enqueue 0.268402 ms)
[09/10/2026-14:55:10] [I] Average on 10 runs - GPU latency: 6.03445 ms - Host latency: 6.03445 ms (enqueue 0.255664 ms)
[09/10/2026-14:55:10] [I] Average on 10 runs - GPU latency: 6.03826 ms - Host latency: 6.03826 ms (enqueue 0.204285 ms)
[09/10/2026-14:55:10] [I] Average on 10 runs - GPU latency: 6.04004 ms - Host latency: 6.04004 ms (enqueue 0.176465 ms)
[09/10/2026-14:55:10] [I] 
[09/10/2026-14:55:10] [I] === Performance summary ===
[09/10/2026-14:55:10] [I] Throughput: 165.362 qps
[09/10/2026-14:55:10] [I] Latency: min = 6.02686 ms, max = 6.06726 ms, mean = 6.04268 ms, median = 6.04095 ms, percentile(90%) = 6.05469 ms, percentile(95%) = 6.0564 ms, percentile(99%) = 6.06726 ms
[09/10/2026-14:55:10] [I] Enqueue Time: min = 0.167358 ms, max = 0.321777 ms, mean = 0.256966 ms, median = 0.268738 ms, percentile(90%) = 0.293274 ms, percentile(95%) = 0.301086 ms, percentile(99%) = 0.321777 ms
[09/10/2026-14:55:10] [I] H2D Latency: min = 0 ms, max = 0 ms, mean = 0 ms, median = 0 ms, percentile(90%) = 0 ms, percentile(95%) = 0 ms, percentile(99%) = 0 ms
[09/10/2026-14:55:10] [I] GPU Compute Time: min = 6.02686 ms, max = 6.06726 ms, mean = 6.04268 ms, median = 6.04095 ms, percentile(90%) = 6.05469 ms, percentile(95%) = 6.0564 ms, percentile(99%) = 6.06726 ms
[09/10/2026-14:55:10] [I] D2H Latency: min = 0 ms, max = 0 ms, mean = 0 ms, median = 0 ms, percentile(90%) = 0 ms, percentile(95%) = 0 ms, percentile(99%) = 0 ms
[09/10/2026-14:55:10] [I] Total Host Walltime: 0.604735 s
[09/10/2026-14:55:10] [I] Total GPU Compute Time: 0.604268 s
[09/10/2026-14:55:10] [I] Explanations of the performance metrics are printed in the verbose logs.
[09/10/2026-14:55:10] [I] 
&&&& PASSED TensorRT.trtexec [TensorRT v101000] [b31] # /usr/local/tensorrt/bin/trtexec --loadEngine=/workspace/artifacts/shrutam2_encoder_bf16.plan --shapes=audio_signal:32x80x101,lengths:32 --warmUp=500 --duration=0 --iterations=100 --noDataTransfers --useCudaGraph --exportTimes=/workspace/results/encoder/trtexec_bf16_1s/times_b32.json
