&&&& RUNNING TensorRT.trtexec [TensorRT v101000] [b31] # /usr/local/tensorrt/bin/trtexec --loadEngine=/workspace/artifacts/shrutam2_encoder_bf16.plan --shapes=audio_signal:2x80x101,lengths:2 --warmUp=500 --duration=0 --iterations=100 --noDataTransfers --useCudaGraph --exportTimes=/workspace/results/encoder/trtexec_bf16_1s/times_b2.json
[09/10/2026-14:54:56] [I] TF32 is enabled by default. Add --noTF32 flag to further improve accuracy with some performance cost.
[09/10/2026-14:54:56] [I] === Model Options ===
[09/10/2026-14:54:56] [I] Format: *
[09/10/2026-14:54:56] [I] Model: 
[09/10/2026-14:54:56] [I] Output:
[09/10/2026-14:54:56] [I] 
[09/10/2026-14:54:56] [I] === System Options ===
[09/10/2026-14:54:56] [I] Device: 0
[09/10/2026-14:54:56] [I] DLACore: 
[09/10/2026-14:54:56] [I] Plugins:
[09/10/2026-14:54:56] [I] setPluginsToSerialize:
[09/10/2026-14:54:56] [I] dynamicPlugins:
[09/10/2026-14:54:56] [I] ignoreParsedPluginLibs: 0
[09/10/2026-14:54:56] [I] 
[09/10/2026-14:54:56] [I] === Inference Options ===
[09/10/2026-14:54:56] [I] Batch: Explicit
[09/10/2026-14:54:56] [I] Input inference shape : lengths=2
[09/10/2026-14:54:56] [I] Input inference shape : audio_signal=2x80x101
[09/10/2026-14:54:56] [I] Iterations: 100
[09/10/2026-14:54:56] [I] Duration: 0s (+ 500ms warm up)
[09/10/2026-14:54:56] [I] Sleep time: 0ms
[09/10/2026-14:54:56] [I] Idle time: 0ms
[09/10/2026-14:54:56] [I] Inference Streams: 1
[09/10/2026-14:54:56] [I] ExposeDMA: Disabled
[09/10/2026-14:54:56] [I] Data transfers: Disabled
[09/10/2026-14:54:56] [I] Spin-wait: Disabled
[09/10/2026-14:54:56] [I] Multithreading: Disabled
[09/10/2026-14:54:56] [I] CUDA Graph: Enabled
[09/10/2026-14:54:56] [I] Separate profiling: Disabled
[09/10/2026-14:54:56] [I] Time Deserialize: Disabled
[09/10/2026-14:54:56] [I] Time Refit: Disabled
[09/10/2026-14:54:56] [I] NVTX verbosity: 0
[09/10/2026-14:54:56] [I] Persistent Cache Ratio: 0
[09/10/2026-14:54:56] [I] Optimization Profile Index: 0
[09/10/2026-14:54:56] [I] Weight Streaming Budget: 100.000000%
[09/10/2026-14:54:56] [I] Inputs:
[09/10/2026-14:54:56] [I] Debug Tensor Save Destinations:
[09/10/2026-14:54:56] [I] === Reporting Options ===
[09/10/2026-14:54:56] [I] Verbose: Disabled
[09/10/2026-14:54:56] [I] Averages: 10 inferences
[09/10/2026-14:54:56] [I] Percentiles: 90,95,99
[09/10/2026-14:54:56] [I] Dump refittable layers:Disabled
[09/10/2026-14:54:56] [I] Dump output: Disabled
[09/10/2026-14:54:56] [I] Profile: Disabled
[09/10/2026-14:54:56] [I] Export timing to JSON file: /workspace/results/encoder/trtexec_bf16_1s/times_b2.json
[09/10/2026-14:54:56] [I] Export output to JSON file: 
[09/10/2026-14:54:56] [I] Export profile to JSON file: 
[09/10/2026-14:54:56] [I] 
[09/10/2026-14:54:56] [I] === Device Information ===
[09/10/2026-14:54:56] [I] Available Devices: 
[09/10/2026-14:54:56] [I]   Device 0: "NVIDIA H100 NVL" UUID: GPU-78d0dccb-0e2a-0c21-2402-dd562bbf9845
[09/10/2026-14:54:56] [I] Selected Device: NVIDIA H100 NVL
[09/10/2026-14:54:56] [I] Selected Device ID: 0
[09/10/2026-14:54:56] [I] Selected Device UUID: GPU-78d0dccb-0e2a-0c21-2402-dd562bbf9845
[09/10/2026-14:54:56] [I] Compute Capability: 9.0
[09/10/2026-14:54:56] [I] SMs: 132
[09/10/2026-14:54:56] [I] Device Global Memory: 95321 MiB
[09/10/2026-14:54:56] [I] Shared Memory per SM: 228 KiB
[09/10/2026-14:54:56] [I] Memory Bus Width: 6016 bits (ECC enabled)
[09/10/2026-14:54:56] [I] Application Compute Clock Rate: 1.785 GHz
[09/10/2026-14:54:56] [I] Application Memory Clock Rate: 2.619 GHz
[09/10/2026-14:54:56] [I] 
[09/10/2026-14:54:56] [I] Note: The application clock rates do not reflect the actual clock rates that the GPU is currently running at.
[09/10/2026-14:54:56] [I] 
[09/10/2026-14:54:56] [I] TensorRT version: 10.10.0
[09/10/2026-14:54:56] [I] Loading standard plugins
[09/10/2026-14:54:57] [I] [TRT] Loaded engine size: 1363 MiB
[09/10/2026-14:54:57] [I] Engine deserialized in 1.39794 sec.
[09/10/2026-14:54:57] [I] [TRT] [MS] Running engine with multi stream info
[09/10/2026-14:54:57] [I] [TRT] [MS] Number of aux streams is 2
[09/10/2026-14:54:57] [I] [TRT] [MS] Number of total worker streams is 3
[09/10/2026-14:54:57] [I] [TRT] [MS] The main stream provided by execute/enqueue calls is the first worker stream
[09/10/2026-14:54:59] [I] [TRT] [MemUsageChange] TensorRT-managed allocation in IExecutionContext creation: CPU +0, GPU +1276, now: CPU 0, GPU 2599 (MiB)
[09/10/2026-14:54:59] [I] Setting persistentCacheLimit to 0 bytes.
[09/10/2026-14:54:59] [I] Set shape of input tensor audio_signal to: 2x80x101
[09/10/2026-14:54:59] [I] Set shape of input tensor lengths to: 2
[09/10/2026-14:54:59] [I] Created execution context with device memory size: 1276.14 MiB
[09/10/2026-14:54:59] [I] Using random values for input audio_signal
[09/10/2026-14:54:59] [I] Input binding for audio_signal with dimensions 2x80x101 is created.
[09/10/2026-14:54:59] [I] Using random values for input lengths
[09/10/2026-14:54:59] [I] Input binding for lengths with dimensions 2 is created.
[09/10/2026-14:54:59] [I] Output binding for encoded with dimensions 2x1024x13 is created.
[09/10/2026-14:54:59] [I] Output binding for encoded_lengths with dimensions 2 is created.
[09/10/2026-14:54:59] [I] Starting inference
[09/10/2026-14:54:59] [I] Capturing CUDA graph for the current execution context
[09/10/2026-14:54:59] [I] Successfully captured CUDA graph for the current execution context
[09/10/2026-14:55:00] [I] Warmup completed 90 queries over 500 ms
[09/10/2026-14:55:00] [I] Timing trace has 100 queries over 0.450199 s
[09/10/2026-14:55:00] [I] 
[09/10/2026-14:55:00] [I] === Trace details ===
[09/10/2026-14:55:00] [I] Trace averages of 10 runs:
[09/10/2026-14:55:00] [I] Average on 10 runs - GPU latency: 4.49777 ms - Host latency: 4.49777 ms (enqueue 0.263068 ms)
[09/10/2026-14:55:00] [I] Average on 10 runs - GPU latency: 4.49694 ms - Host latency: 4.49694 ms (enqueue 0.263025 ms)
[09/10/2026-14:55:00] [I] Average on 10 runs - GPU latency: 4.49749 ms - Host latency: 4.49749 ms (enqueue 0.262317 ms)
[09/10/2026-14:55:00] [I] Average on 10 runs - GPU latency: 4.49388 ms - Host latency: 4.49388 ms (enqueue 0.265381 ms)
[09/10/2026-14:55:00] [I] Average on 10 runs - GPU latency: 4.49636 ms - Host latency: 4.49636 ms (enqueue 0.264618 ms)
[09/10/2026-14:55:00] [I] Average on 10 runs - GPU latency: 4.49736 ms - Host latency: 4.49736 ms (enqueue 0.266284 ms)
[09/10/2026-14:55:00] [I] Average on 10 runs - GPU latency: 4.49699 ms - Host latency: 4.49699 ms (enqueue 0.271716 ms)
[09/10/2026-14:55:00] [I] Average on 10 runs - GPU latency: 4.50014 ms - Host latency: 4.50014 ms (enqueue 0.266089 ms)
[09/10/2026-14:55:00] [I] Average on 10 runs - GPU latency: 4.49616 ms - Host latency: 4.49616 ms (enqueue 0.269952 ms)
[09/10/2026-14:55:00] [I] Average on 10 runs - GPU latency: 4.49635 ms - Host latency: 4.49635 ms (enqueue 0.276581 ms)
[09/10/2026-14:55:00] [I] 
[09/10/2026-14:55:00] [I] === Performance summary ===
[09/10/2026-14:55:00] [I] Throughput: 222.124 qps
[09/10/2026-14:55:00] [I] Latency: min = 4.48816 ms, max = 4.508 ms, mean = 4.49694 ms, median = 4.49695 ms, percentile(90%) = 4.50214 ms, percentile(95%) = 4.50311 ms, percentile(99%) = 4.508 ms
[09/10/2026-14:55:00] [I] Enqueue Time: min = 0.253235 ms, max = 0.304932 ms, mean = 0.266903 ms, median = 0.262787 ms, percentile(90%) = 0.288574 ms, percentile(95%) = 0.290344 ms, percentile(99%) = 0.304932 ms
[09/10/2026-14:55:00] [I] H2D Latency: min = 0 ms, max = 0 ms, mean = 0 ms, median = 0 ms, percentile(90%) = 0 ms, percentile(95%) = 0 ms, percentile(99%) = 0 ms
[09/10/2026-14:55:00] [I] GPU Compute Time: min = 4.48816 ms, max = 4.508 ms, mean = 4.49694 ms, median = 4.49695 ms, percentile(90%) = 4.50214 ms, percentile(95%) = 4.50311 ms, percentile(99%) = 4.508 ms
[09/10/2026-14:55:00] [I] D2H Latency: min = 0 ms, max = 0 ms, mean = 0 ms, median = 0 ms, percentile(90%) = 0 ms, percentile(95%) = 0 ms, percentile(99%) = 0 ms
[09/10/2026-14:55:00] [I] Total Host Walltime: 0.450199 s
[09/10/2026-14:55:00] [I] Total GPU Compute Time: 0.449694 s
[09/10/2026-14:55:00] [I] Explanations of the performance metrics are printed in the verbose logs.
[09/10/2026-14:55:00] [I] 
&&&& PASSED TensorRT.trtexec [TensorRT v101000] [b31] # /usr/local/tensorrt/bin/trtexec --loadEngine=/workspace/artifacts/shrutam2_encoder_bf16.plan --shapes=audio_signal:2x80x101,lengths:2 --warmUp=500 --duration=0 --iterations=100 --noDataTransfers --useCudaGraph --exportTimes=/workspace/results/encoder/trtexec_bf16_1s/times_b2.json
