&&&& RUNNING TensorRT.trtexec [TensorRT v101000] [b31] # /usr/local/tensorrt/bin/trtexec --loadEngine=/workspace/artifacts/shrutam2_encoder_bf16.plan --shapes=audio_signal:8x80x101,lengths:8 --warmUp=500 --duration=0 --iterations=100 --noDataTransfers --useCudaGraph --exportTimes=/workspace/results/encoder/trtexec_bf16_1s/times_b8.json
[09/10/2026-14:55:01] [I] TF32 is enabled by default. Add --noTF32 flag to further improve accuracy with some performance cost.
[09/10/2026-14:55:01] [I] === Model Options ===
[09/10/2026-14:55:01] [I] Format: *
[09/10/2026-14:55:01] [I] Model: 
[09/10/2026-14:55:01] [I] Output:
[09/10/2026-14:55:01] [I] 
[09/10/2026-14:55:01] [I] === System Options ===
[09/10/2026-14:55:01] [I] Device: 0
[09/10/2026-14:55:01] [I] DLACore: 
[09/10/2026-14:55:01] [I] Plugins:
[09/10/2026-14:55:01] [I] setPluginsToSerialize:
[09/10/2026-14:55:01] [I] dynamicPlugins:
[09/10/2026-14:55:01] [I] ignoreParsedPluginLibs: 0
[09/10/2026-14:55:01] [I] 
[09/10/2026-14:55:01] [I] === Inference Options ===
[09/10/2026-14:55:01] [I] Batch: Explicit
[09/10/2026-14:55:01] [I] Input inference shape : lengths=8
[09/10/2026-14:55:01] [I] Input inference shape : audio_signal=8x80x101
[09/10/2026-14:55:01] [I] Iterations: 100
[09/10/2026-14:55:01] [I] Duration: 0s (+ 500ms warm up)
[09/10/2026-14:55:01] [I] Sleep time: 0ms
[09/10/2026-14:55:01] [I] Idle time: 0ms
[09/10/2026-14:55:01] [I] Inference Streams: 1
[09/10/2026-14:55:01] [I] ExposeDMA: Disabled
[09/10/2026-14:55:01] [I] Data transfers: Disabled
[09/10/2026-14:55:01] [I] Spin-wait: Disabled
[09/10/2026-14:55:01] [I] Multithreading: Disabled
[09/10/2026-14:55:01] [I] CUDA Graph: Enabled
[09/10/2026-14:55:01] [I] Separate profiling: Disabled
[09/10/2026-14:55:01] [I] Time Deserialize: Disabled
[09/10/2026-14:55:01] [I] Time Refit: Disabled
[09/10/2026-14:55:01] [I] NVTX verbosity: 0
[09/10/2026-14:55:01] [I] Persistent Cache Ratio: 0
[09/10/2026-14:55:01] [I] Optimization Profile Index: 0
[09/10/2026-14:55:01] [I] Weight Streaming Budget: 100.000000%
[09/10/2026-14:55:01] [I] Inputs:
[09/10/2026-14:55:01] [I] Debug Tensor Save Destinations:
[09/10/2026-14:55:01] [I] === Reporting Options ===
[09/10/2026-14:55:01] [I] Verbose: Disabled
[09/10/2026-14:55:01] [I] Averages: 10 inferences
[09/10/2026-14:55:01] [I] Percentiles: 90,95,99
[09/10/2026-14:55:01] [I] Dump refittable layers:Disabled
[09/10/2026-14:55:01] [I] Dump output: Disabled
[09/10/2026-14:55:01] [I] Profile: Disabled
[09/10/2026-14:55:01] [I] Export timing to JSON file: /workspace/results/encoder/trtexec_bf16_1s/times_b8.json
[09/10/2026-14:55:01] [I] Export output to JSON file: 
[09/10/2026-14:55:01] [I] Export profile to JSON file: 
[09/10/2026-14:55:01] [I] 
[09/10/2026-14:55:01] [I] === Device Information ===
[09/10/2026-14:55:01] [I] Available Devices: 
[09/10/2026-14:55:01] [I]   Device 0: "NVIDIA H100 NVL" UUID: GPU-78d0dccb-0e2a-0c21-2402-dd562bbf9845
[09/10/2026-14:55:01] [I] Selected Device: NVIDIA H100 NVL
[09/10/2026-14:55:01] [I] Selected Device ID: 0
[09/10/2026-14:55:01] [I] Selected Device UUID: GPU-78d0dccb-0e2a-0c21-2402-dd562bbf9845
[09/10/2026-14:55:01] [I] Compute Capability: 9.0
[09/10/2026-14:55:01] [I] SMs: 132
[09/10/2026-14:55:01] [I] Device Global Memory: 95321 MiB
[09/10/2026-14:55:01] [I] Shared Memory per SM: 228 KiB
[09/10/2026-14:55:01] [I] Memory Bus Width: 6016 bits (ECC enabled)
[09/10/2026-14:55:01] [I] Application Compute Clock Rate: 1.785 GHz
[09/10/2026-14:55:01] [I] Application Memory Clock Rate: 2.619 GHz
[09/10/2026-14:55:01] [I] 
[09/10/2026-14:55:01] [I] Note: The application clock rates do not reflect the actual clock rates that the GPU is currently running at.
[09/10/2026-14:55:01] [I] 
[09/10/2026-14:55:01] [I] TensorRT version: 10.10.0
[09/10/2026-14:55:01] [I] Loading standard plugins
[09/10/2026-14:55:02] [I] [TRT] Loaded engine size: 1363 MiB
[09/10/2026-14:55:02] [I] Engine deserialized in 1.3942 sec.
[09/10/2026-14:55:02] [I] [TRT] [MS] Running engine with multi stream info
[09/10/2026-14:55:02] [I] [TRT] [MS] Number of aux streams is 2
[09/10/2026-14:55:02] [I] [TRT] [MS] Number of total worker streams is 3
[09/10/2026-14:55:02] [I] [TRT] [MS] The main stream provided by execute/enqueue calls is the first worker stream
[09/10/2026-14:55:04] [I] [TRT] [MemUsageChange] TensorRT-managed allocation in IExecutionContext creation: CPU +0, GPU +1276, now: CPU 0, GPU 2599 (MiB)
[09/10/2026-14:55:04] [I] Setting persistentCacheLimit to 0 bytes.
[09/10/2026-14:55:04] [I] Set shape of input tensor audio_signal to: 8x80x101
[09/10/2026-14:55:04] [I] Set shape of input tensor lengths to: 8
[09/10/2026-14:55:04] [I] Created execution context with device memory size: 1276.14 MiB
[09/10/2026-14:55:04] [I] Using random values for input audio_signal
[09/10/2026-14:55:04] [I] Input binding for audio_signal with dimensions 8x80x101 is created.
[09/10/2026-14:55:04] [I] Using random values for input lengths
[09/10/2026-14:55:04] [I] Input binding for lengths with dimensions 8 is created.
[09/10/2026-14:55:04] [I] Output binding for encoded with dimensions 8x1024x13 is created.
[09/10/2026-14:55:04] [I] Output binding for encoded_lengths with dimensions 8 is created.
[09/10/2026-14:55:04] [I] Starting inference
[09/10/2026-14:55:04] [I] Capturing CUDA graph for the current execution context
[09/10/2026-14:55:04] [I] Successfully captured CUDA graph for the current execution context
[09/10/2026-14:55:05] [I] Warmup completed 87 queries over 500 ms
[09/10/2026-14:55:05] [I] Timing trace has 100 queries over 0.473272 s
[09/10/2026-14:55:05] [I] 
[09/10/2026-14:55:05] [I] === Trace details ===
[09/10/2026-14:55:05] [I] Trace averages of 10 runs:
[09/10/2026-14:55:05] [I] Average on 10 runs - GPU latency: 4.72571 ms - Host latency: 4.72571 ms (enqueue 0.268405 ms)
[09/10/2026-14:55:05] [I] Average on 10 runs - GPU latency: 4.72804 ms - Host latency: 4.72804 ms (enqueue 0.271802 ms)
[09/10/2026-14:55:05] [I] Average on 10 runs - GPU latency: 4.728 ms - Host latency: 4.728 ms (enqueue 0.269501 ms)
[09/10/2026-14:55:05] [I] Average on 10 runs - GPU latency: 4.72747 ms - Host latency: 4.72747 ms (enqueue 0.275562 ms)
[09/10/2026-14:55:05] [I] Average on 10 runs - GPU latency: 4.72772 ms - Host latency: 4.72772 ms (enqueue 0.269647 ms)
[09/10/2026-14:55:05] [I] Average on 10 runs - GPU latency: 4.72636 ms - Host latency: 4.72636 ms (enqueue 0.275342 ms)
[09/10/2026-14:55:05] [I] Average on 10 runs - GPU latency: 4.72706 ms - Host latency: 4.72706 ms (enqueue 0.271149 ms)
[09/10/2026-14:55:05] [I] Average on 10 runs - GPU latency: 4.72916 ms - Host latency: 4.72916 ms (enqueue 0.270654 ms)
[09/10/2026-14:55:05] [I] Average on 10 runs - GPU latency: 4.7291 ms - Host latency: 4.7291 ms (enqueue 0.271979 ms)
[09/10/2026-14:55:05] [I] Average on 10 runs - GPU latency: 4.72796 ms - Host latency: 4.72796 ms (enqueue 0.27052 ms)
[09/10/2026-14:55:05] [I] 
[09/10/2026-14:55:05] [I] === Performance summary ===
[09/10/2026-14:55:05] [I] Throughput: 211.295 qps
[09/10/2026-14:55:05] [I] Latency: min = 4.71808 ms, max = 4.73566 ms, mean = 4.72766 ms, median = 4.72736 ms, percentile(90%) = 4.73242 ms, percentile(95%) = 4.73401 ms, percentile(99%) = 4.73566 ms
[09/10/2026-14:55:05] [I] Enqueue Time: min = 0.259399 ms, max = 0.309021 ms, mean = 0.271456 ms, median = 0.265015 ms, percentile(90%) = 0.289917 ms, percentile(95%) = 0.297241 ms, percentile(99%) = 0.309021 ms
[09/10/2026-14:55:05] [I] H2D Latency: min = 0 ms, max = 0 ms, mean = 0 ms, median = 0 ms, percentile(90%) = 0 ms, percentile(95%) = 0 ms, percentile(99%) = 0 ms
[09/10/2026-14:55:05] [I] GPU Compute Time: min = 4.71808 ms, max = 4.73566 ms, mean = 4.72766 ms, median = 4.72736 ms, percentile(90%) = 4.73242 ms, percentile(95%) = 4.73401 ms, percentile(99%) = 4.73566 ms
[09/10/2026-14:55:05] [I] D2H Latency: min = 0 ms, max = 0 ms, mean = 0 ms, median = 0 ms, percentile(90%) = 0 ms, percentile(95%) = 0 ms, percentile(99%) = 0 ms
[09/10/2026-14:55:05] [I] Total Host Walltime: 0.473272 s
[09/10/2026-14:55:05] [I] Total GPU Compute Time: 0.472766 s
[09/10/2026-14:55:05] [I] Explanations of the performance metrics are printed in the verbose logs.
[09/10/2026-14:55:05] [I] 
&&&& PASSED TensorRT.trtexec [TensorRT v101000] [b31] # /usr/local/tensorrt/bin/trtexec --loadEngine=/workspace/artifacts/shrutam2_encoder_bf16.plan --shapes=audio_signal:8x80x101,lengths:8 --warmUp=500 --duration=0 --iterations=100 --noDataTransfers --useCudaGraph --exportTimes=/workspace/results/encoder/trtexec_bf16_1s/times_b8.json
