&&&& RUNNING TensorRT.trtexec [TensorRT v101000] [b31] # /usr/local/tensorrt/bin/trtexec --loadEngine=/workspace/artifacts/shrutam2_encoder_bf16.plan --shapes=audio_signal:1x80x101,lengths:1 --warmUp=500 --duration=0 --iterations=100 --noDataTransfers --useCudaGraph --exportTimes=/workspace/results/encoder/trtexec_bf16_1s/times_b1.json
[09/10/2026-14:54:52] [I] TF32 is enabled by default. Add --noTF32 flag to further improve accuracy with some performance cost.
[09/10/2026-14:54:52] [I] === Model Options ===
[09/10/2026-14:54:52] [I] Format: *
[09/10/2026-14:54:52] [I] Model: 
[09/10/2026-14:54:52] [I] Output:
[09/10/2026-14:54:52] [I] 
[09/10/2026-14:54:52] [I] === System Options ===
[09/10/2026-14:54:52] [I] Device: 0
[09/10/2026-14:54:52] [I] DLACore: 
[09/10/2026-14:54:52] [I] Plugins:
[09/10/2026-14:54:52] [I] setPluginsToSerialize:
[09/10/2026-14:54:52] [I] dynamicPlugins:
[09/10/2026-14:54:52] [I] ignoreParsedPluginLibs: 0
[09/10/2026-14:54:52] [I] 
[09/10/2026-14:54:52] [I] === Inference Options ===
[09/10/2026-14:54:52] [I] Batch: Explicit
[09/10/2026-14:54:52] [I] Input inference shape : lengths=1
[09/10/2026-14:54:52] [I] Input inference shape : audio_signal=1x80x101
[09/10/2026-14:54:52] [I] Iterations: 100
[09/10/2026-14:54:52] [I] Duration: 0s (+ 500ms warm up)
[09/10/2026-14:54:52] [I] Sleep time: 0ms
[09/10/2026-14:54:52] [I] Idle time: 0ms
[09/10/2026-14:54:52] [I] Inference Streams: 1
[09/10/2026-14:54:52] [I] ExposeDMA: Disabled
[09/10/2026-14:54:52] [I] Data transfers: Disabled
[09/10/2026-14:54:52] [I] Spin-wait: Disabled
[09/10/2026-14:54:52] [I] Multithreading: Disabled
[09/10/2026-14:54:52] [I] CUDA Graph: Enabled
[09/10/2026-14:54:52] [I] Separate profiling: Disabled
[09/10/2026-14:54:52] [I] Time Deserialize: Disabled
[09/10/2026-14:54:52] [I] Time Refit: Disabled
[09/10/2026-14:54:52] [I] NVTX verbosity: 0
[09/10/2026-14:54:52] [I] Persistent Cache Ratio: 0
[09/10/2026-14:54:52] [I] Optimization Profile Index: 0
[09/10/2026-14:54:52] [I] Weight Streaming Budget: 100.000000%
[09/10/2026-14:54:52] [I] Inputs:
[09/10/2026-14:54:52] [I] Debug Tensor Save Destinations:
[09/10/2026-14:54:52] [I] === Reporting Options ===
[09/10/2026-14:54:52] [I] Verbose: Disabled
[09/10/2026-14:54:52] [I] Averages: 10 inferences
[09/10/2026-14:54:52] [I] Percentiles: 90,95,99
[09/10/2026-14:54:52] [I] Dump refittable layers:Disabled
[09/10/2026-14:54:52] [I] Dump output: Disabled
[09/10/2026-14:54:52] [I] Profile: Disabled
[09/10/2026-14:54:52] [I] Export timing to JSON file: /workspace/results/encoder/trtexec_bf16_1s/times_b1.json
[09/10/2026-14:54:52] [I] Export output to JSON file: 
[09/10/2026-14:54:52] [I] Export profile to JSON file: 
[09/10/2026-14:54:52] [I] 
[09/10/2026-14:54:52] [I] === Device Information ===
[09/10/2026-14:54:52] [I] Available Devices: 
[09/10/2026-14:54:52] [I]   Device 0: "NVIDIA H100 NVL" UUID: GPU-78d0dccb-0e2a-0c21-2402-dd562bbf9845
[09/10/2026-14:54:52] [I] Selected Device: NVIDIA H100 NVL
[09/10/2026-14:54:52] [I] Selected Device ID: 0
[09/10/2026-14:54:52] [I] Selected Device UUID: GPU-78d0dccb-0e2a-0c21-2402-dd562bbf9845
[09/10/2026-14:54:52] [I] Compute Capability: 9.0
[09/10/2026-14:54:52] [I] SMs: 132
[09/10/2026-14:54:52] [I] Device Global Memory: 95321 MiB
[09/10/2026-14:54:52] [I] Shared Memory per SM: 228 KiB
[09/10/2026-14:54:52] [I] Memory Bus Width: 6016 bits (ECC enabled)
[09/10/2026-14:54:52] [I] Application Compute Clock Rate: 1.785 GHz
[09/10/2026-14:54:52] [I] Application Memory Clock Rate: 2.619 GHz
[09/10/2026-14:54:52] [I] 
[09/10/2026-14:54:52] [I] Note: The application clock rates do not reflect the actual clock rates that the GPU is currently running at.
[09/10/2026-14:54:52] [I] 
[09/10/2026-14:54:52] [I] TensorRT version: 10.10.0
[09/10/2026-14:54:52] [I] Loading standard plugins
[09/10/2026-14:54:53] [I] [TRT] Loaded engine size: 1363 MiB
[09/10/2026-14:54:53] [I] Engine deserialized in 1.24621 sec.
[09/10/2026-14:54:53] [I] [TRT] [MS] Running engine with multi stream info
[09/10/2026-14:54:53] [I] [TRT] [MS] Number of aux streams is 2
[09/10/2026-14:54:53] [I] [TRT] [MS] Number of total worker streams is 3
[09/10/2026-14:54:53] [I] [TRT] [MS] The main stream provided by execute/enqueue calls is the first worker stream
[09/10/2026-14:54:54] [I] [TRT] [MemUsageChange] TensorRT-managed allocation in IExecutionContext creation: CPU +0, GPU +1276, now: CPU 0, GPU 2599 (MiB)
[09/10/2026-14:54:54] [I] Setting persistentCacheLimit to 0 bytes.
[09/10/2026-14:54:54] [I] Set shape of input tensor audio_signal to: 1x80x101
[09/10/2026-14:54:54] [I] Set shape of input tensor lengths to: 1
[09/10/2026-14:54:54] [I] Created execution context with device memory size: 1276.14 MiB
[09/10/2026-14:54:54] [I] Using random values for input audio_signal
[09/10/2026-14:54:54] [I] Input binding for audio_signal with dimensions 1x80x101 is created.
[09/10/2026-14:54:54] [I] Using random values for input lengths
[09/10/2026-14:54:54] [I] Input binding for lengths with dimensions 1 is created.
[09/10/2026-14:54:54] [I] Output binding for encoded with dimensions 1x1024x13 is created.
[09/10/2026-14:54:54] [I] Output binding for encoded_lengths with dimensions 1 is created.
[09/10/2026-14:54:54] [I] Starting inference
[09/10/2026-14:54:54] [I] Capturing CUDA graph for the current execution context
[09/10/2026-14:54:55] [I] Successfully captured CUDA graph for the current execution context
[09/10/2026-14:54:55] [I] Warmup completed 93 queries over 500 ms
[09/10/2026-14:54:55] [I] Timing trace has 100 queries over 0.446036 s
[09/10/2026-14:54:55] [I] 
[09/10/2026-14:54:55] [I] === Trace details ===
[09/10/2026-14:54:55] [I] Trace averages of 10 runs:
[09/10/2026-14:54:55] [I] Average on 10 runs - GPU latency: 4.45349 ms - Host latency: 4.45349 ms (enqueue 0.375543 ms)
[09/10/2026-14:54:55] [I] Average on 10 runs - GPU latency: 4.45602 ms - Host latency: 4.45602 ms (enqueue 0.375067 ms)
[09/10/2026-14:54:55] [I] Average on 10 runs - GPU latency: 4.45597 ms - Host latency: 4.45597 ms (enqueue 0.37923 ms)
[09/10/2026-14:54:55] [I] Average on 10 runs - GPU latency: 4.45624 ms - Host latency: 4.45624 ms (enqueue 0.379993 ms)
[09/10/2026-14:54:55] [I] Average on 10 runs - GPU latency: 4.45164 ms - Host latency: 4.45164 ms (enqueue 0.375586 ms)
[09/10/2026-14:54:55] [I] Average on 10 runs - GPU latency: 4.45447 ms - Host latency: 4.45447 ms (enqueue 0.376984 ms)
[09/10/2026-14:54:55] [I] Average on 10 runs - GPU latency: 4.45542 ms - Host latency: 4.45542 ms (enqueue 0.377991 ms)
[09/10/2026-14:54:55] [I] Average on 10 runs - GPU latency: 4.4575 ms - Host latency: 4.4575 ms (enqueue 0.37746 ms)
[09/10/2026-14:54:55] [I] Average on 10 runs - GPU latency: 4.45926 ms - Host latency: 4.45926 ms (enqueue 0.375055 ms)
[09/10/2026-14:54:55] [I] Average on 10 runs - GPU latency: 4.45789 ms - Host latency: 4.45789 ms (enqueue 0.37218 ms)
[09/10/2026-14:54:55] [I] 
[09/10/2026-14:54:55] [I] === Performance summary ===
[09/10/2026-14:54:55] [I] Throughput: 224.197 qps
[09/10/2026-14:54:55] [I] Latency: min = 4.44757 ms, max = 4.466 ms, mean = 4.45579 ms, median = 4.45557 ms, percentile(90%) = 4.461 ms, percentile(95%) = 4.46216 ms, percentile(99%) = 4.466 ms
[09/10/2026-14:54:55] [I] Enqueue Time: min = 0.355469 ms, max = 0.407532 ms, mean = 0.376509 ms, median = 0.370209 ms, percentile(90%) = 0.394531 ms, percentile(95%) = 0.396729 ms, percentile(99%) = 0.407532 ms
[09/10/2026-14:54:55] [I] H2D Latency: min = 0 ms, max = 0 ms, mean = 0 ms, median = 0 ms, percentile(90%) = 0 ms, percentile(95%) = 0 ms, percentile(99%) = 0 ms
[09/10/2026-14:54:55] [I] GPU Compute Time: min = 4.44757 ms, max = 4.466 ms, mean = 4.45579 ms, median = 4.45557 ms, percentile(90%) = 4.461 ms, percentile(95%) = 4.46216 ms, percentile(99%) = 4.466 ms
[09/10/2026-14:54:55] [I] D2H Latency: min = 0 ms, max = 0 ms, mean = 0 ms, median = 0 ms, percentile(90%) = 0 ms, percentile(95%) = 0 ms, percentile(99%) = 0 ms
[09/10/2026-14:54:55] [I] Total Host Walltime: 0.446036 s
[09/10/2026-14:54:55] [I] Total GPU Compute Time: 0.445579 s
[09/10/2026-14:54:55] [I] Explanations of the performance metrics are printed in the verbose logs.
[09/10/2026-14:54:55] [I] 
&&&& PASSED TensorRT.trtexec [TensorRT v101000] [b31] # /usr/local/tensorrt/bin/trtexec --loadEngine=/workspace/artifacts/shrutam2_encoder_bf16.plan --shapes=audio_signal:1x80x101,lengths:1 --warmUp=500 --duration=0 --iterations=100 --noDataTransfers --useCudaGraph --exportTimes=/workspace/results/encoder/trtexec_bf16_1s/times_b1.json
