&&&& RUNNING TensorRT.trtexec [TensorRT v101000] [b31] # /usr/local/tensorrt/bin/trtexec --loadEngine=/workspace/artifacts/shrutam2_encoder_bf16.plan --shapes=audio_signal:32x80x101,lengths:32 --warmUp=500 --duration=0 --iterations=100 --noDataTransfers --useCudaGraph --exportTimes=/workspace/results/encoder/trtexec_bf16_1s/times_b32.json
[09/10/2026-14:55:05] [I] TF32 is enabled by default. Add --noTF32 flag to further improve accuracy with some performance cost.
[09/10/2026-14:55:05] [I] === Model Options ===
[09/10/2026-14:55:05] [I] Format: *
[09/10/2026-14:55:05] [I] Model: 
[09/10/2026-14:55:05] [I] Output:
[09/10/2026-14:55:05] [I] 
[09/10/2026-14:55:05] [I] === System Options ===
[09/10/2026-14:55:05] [I] Device: 0
[09/10/2026-14:55:05] [I] DLACore: 
[09/10/2026-14:55:05] [I] Plugins:
[09/10/2026-14:55:05] [I] setPluginsToSerialize:
[09/10/2026-14:55:05] [I] dynamicPlugins:
[09/10/2026-14:55:05] [I] ignoreParsedPluginLibs: 0
[09/10/2026-14:55:05] [I] 
[09/10/2026-14:55:05] [I] === Inference Options ===
[09/10/2026-14:55:05] [I] Batch: Explicit
[09/10/2026-14:55:05] [I] Input inference shape : lengths=32
[09/10/2026-14:55:05] [I] Input inference shape : audio_signal=32x80x101
[09/10/2026-14:55:05] [I] Iterations: 100
[09/10/2026-14:55:05] [I] Duration: 0s (+ 500ms warm up)
[09/10/2026-14:55:05] [I] Sleep time: 0ms
[09/10/2026-14:55:05] [I] Idle time: 0ms
[09/10/2026-14:55:05] [I] Inference Streams: 1
[09/10/2026-14:55:05] [I] ExposeDMA: Disabled
[09/10/2026-14:55:05] [I] Data transfers: Disabled
[09/10/2026-14:55:05] [I] Spin-wait: Disabled
[09/10/2026-14:55:05] [I] Multithreading: Disabled
[09/10/2026-14:55:05] [I] CUDA Graph: Enabled
[09/10/2026-14:55:05] [I] Separate profiling: Disabled
[09/10/2026-14:55:05] [I] Time Deserialize: Disabled
[09/10/2026-14:55:05] [I] Time Refit: Disabled
[09/10/2026-14:55:05] [I] NVTX verbosity: 0
[09/10/2026-14:55:05] [I] Persistent Cache Ratio: 0
[09/10/2026-14:55:05] [I] Optimization Profile Index: 0
[09/10/2026-14:55:05] [I] Weight Streaming Budget: 100.000000%
[09/10/2026-14:55:05] [I] Inputs:
[09/10/2026-14:55:05] [I] Debug Tensor Save Destinations:
[09/10/2026-14:55:05] [I] === Reporting Options ===
[09/10/2026-14:55:05] [I] Verbose: Disabled
[09/10/2026-14:55:05] [I] Averages: 10 inferences
[09/10/2026-14:55:05] [I] Percentiles: 90,95,99
[09/10/2026-14:55:05] [I] Dump refittable layers:Disabled
[09/10/2026-14:55:05] [I] Dump output: Disabled
[09/10/2026-14:55:05] [I] Profile: Disabled
[09/10/2026-14:55:05] [I] Export timing to JSON file: /workspace/results/encoder/trtexec_bf16_1s/times_b32.json
[09/10/2026-14:55:05] [I] Export output to JSON file: 
[09/10/2026-14:55:05] [I] Export profile to JSON file: 
[09/10/2026-14:55:05] [I] 
[09/10/2026-14:55:05] [I] === Device Information ===
[09/10/2026-14:55:05] [I] Available Devices: 
[09/10/2026-14:55:05] [I]   Device 0: "NVIDIA H100 NVL" UUID: GPU-78d0dccb-0e2a-0c21-2402-dd562bbf9845
[09/10/2026-14:55:06] [I] Selected Device: NVIDIA H100 NVL
[09/10/2026-14:55:06] [I] Selected Device ID: 0
[09/10/2026-14:55:06] [I] Selected Device UUID: GPU-78d0dccb-0e2a-0c21-2402-dd562bbf9845
[09/10/2026-14:55:06] [I] Compute Capability: 9.0
[09/10/2026-14:55:06] [I] SMs: 132
[09/10/2026-14:55:06] [I] Device Global Memory: 95321 MiB
[09/10/2026-14:55:06] [I] Shared Memory per SM: 228 KiB
[09/10/2026-14:55:06] [I] Memory Bus Width: 6016 bits (ECC enabled)
[09/10/2026-14:55:06] [I] Application Compute Clock Rate: 1.785 GHz
[09/10/2026-14:55:06] [I] Application Memory Clock Rate: 2.619 GHz
[09/10/2026-14:55:06] [I] 
[09/10/2026-14:55:06] [I] Note: The application clock rates do not reflect the actual clock rates that the GPU is currently running at.
[09/10/2026-14:55:06] [I] 
[09/10/2026-14:55:06] [I] TensorRT version: 10.10.0
[09/10/2026-14:55:06] [I] Loading standard plugins
[09/10/2026-14:55:07] [I] [TRT] Loaded engine size: 1363 MiB
[09/10/2026-14:55:07] [I] Engine deserialized in 1.38136 sec.
[09/10/2026-14:55:07] [I] [TRT] [MS] Running engine with multi stream info
[09/10/2026-14:55:07] [I] [TRT] [MS] Number of aux streams is 2
[09/10/2026-14:55:07] [I] [TRT] [MS] Number of total worker streams is 3
[09/10/2026-14:55:07] [I] [TRT] [MS] The main stream provided by execute/enqueue calls is the first worker stream
[09/10/2026-14:55:09] [I] [TRT] [MemUsageChange] TensorRT-managed allocation in IExecutionContext creation: CPU +0, GPU +1276, now: CPU 0, GPU 2599 (MiB)
[09/10/2026-14:55:09] [I] Setting persistentCacheLimit to 0 bytes.
[09/10/2026-14:55:09] [I] Set shape of input tensor audio_signal to: 32x80x101
[09/10/2026-14:55:09] [I] Set shape of input tensor lengths to: 32
[09/10/2026-14:55:09] [I] Created execution context with device memory size: 1276.14 MiB
[09/10/2026-14:55:09] [I] Using random values for input audio_signal
[09/10/2026-14:55:09] [I] Input binding for audio_signal with dimensions 32x80x101 is created.
[09/10/2026-14:55:09] [I] Using random values for input lengths
[09/10/2026-14:55:09] [I] Input binding for lengths with dimensions 32 is created.
[09/10/2026-14:55:09] [I] Output binding for encoded with dimensions 32x1024x13 is created.
[09/10/2026-14:55:09] [I] Output binding for encoded_lengths with dimensions 32 is created.
[09/10/2026-14:55:09] [I] Starting inference
[09/10/2026-14:55:09] [I] Capturing CUDA graph for the current execution context
[09/10/2026-14:55:09] [I] Successfully captured CUDA graph for the current execution context
[09/10/2026-14:55:10] [I] Warmup completed 68 queries over 500 ms
[09/10/2026-14:55:10] [I] Timing trace has 100 queries over 0.604735 s
[09/10/2026-14:55:10] [I] 
[09/10/2026-14:55:10] [I] === Trace details ===
[09/10/2026-14:55:10] [I] Trace averages of 10 runs:
[09/10/2026-14:55:10] [I] Average on 10 runs - GPU latency: 6.04175 ms - Host latency: 6.04175 ms (enqueue 0.273206 ms)
[09/10/2026-14:55:10] [I] Average on 10 runs - GPU latency: 6.03536 ms - Host latency: 6.03536 ms (enqueue 0.286578 ms)
[09/10/2026-14:55:10] [I] Average on 10 runs - GPU latency: 6.05497 ms - Host latency: 6.05497 ms (enqueue 0.272705 ms)
[09/10/2026-14:55:10] [I] Average on 10 runs - GPU latency: 6.04595 ms - Host latency: 6.04595 ms (enqueue 0.278711 ms)
[09/10/2026-14:55:10] [I] Average on 10 runs - GPU latency: 6.03649 ms - Host latency: 6.03649 ms (enqueue 0.268829 ms)
[09/10/2026-14:55:10] [I] Average on 10 runs - GPU latency: 6.04943 ms - Host latency: 6.04943 ms (enqueue 0.284814 ms)
[09/10/2026-14:55:10] [I] Average on 10 runs - GPU latency: 6.05008 ms - Host latency: 6.05008 ms (enqueue 0.268402 ms)
[09/10/2026-14:55:10] [I] Average on 10 runs - GPU latency: 6.03445 ms - Host latency: 6.03445 ms (enqueue 0.255664 ms)
[09/10/2026-14:55:10] [I] Average on 10 runs - GPU latency: 6.03826 ms - Host latency: 6.03826 ms (enqueue 0.204285 ms)
[09/10/2026-14:55:10] [I] Average on 10 runs - GPU latency: 6.04004 ms - Host latency: 6.04004 ms (enqueue 0.176465 ms)
[09/10/2026-14:55:10] [I] 
[09/10/2026-14:55:10] [I] === Performance summary ===
[09/10/2026-14:55:10] [I] Throughput: 165.362 qps
[09/10/2026-14:55:10] [I] Latency: min = 6.02686 ms, max = 6.06726 ms, mean = 6.04268 ms, median = 6.04095 ms, percentile(90%) = 6.05469 ms, percentile(95%) = 6.0564 ms, percentile(99%) = 6.06726 ms
[09/10/2026-14:55:10] [I] Enqueue Time: min = 0.167358 ms, max = 0.321777 ms, mean = 0.256966 ms, median = 0.268738 ms, percentile(90%) = 0.293274 ms, percentile(95%) = 0.301086 ms, percentile(99%) = 0.321777 ms
[09/10/2026-14:55:10] [I] H2D Latency: min = 0 ms, max = 0 ms, mean = 0 ms, median = 0 ms, percentile(90%) = 0 ms, percentile(95%) = 0 ms, percentile(99%) = 0 ms
[09/10/2026-14:55:10] [I] GPU Compute Time: min = 6.02686 ms, max = 6.06726 ms, mean = 6.04268 ms, median = 6.04095 ms, percentile(90%) = 6.05469 ms, percentile(95%) = 6.0564 ms, percentile(99%) = 6.06726 ms
[09/10/2026-14:55:10] [I] D2H Latency: min = 0 ms, max = 0 ms, mean = 0 ms, median = 0 ms, percentile(90%) = 0 ms, percentile(95%) = 0 ms, percentile(99%) = 0 ms
[09/10/2026-14:55:10] [I] Total Host Walltime: 0.604735 s
[09/10/2026-14:55:10] [I] Total GPU Compute Time: 0.604268 s
[09/10/2026-14:55:10] [I] Explanations of the performance metrics are printed in the verbose logs.
[09/10/2026-14:55:10] [I] 
&&&& PASSED TensorRT.trtexec [TensorRT v101000] [b31] # /usr/local/tensorrt/bin/trtexec --loadEngine=/workspace/artifacts/shrutam2_encoder_bf16.plan --shapes=audio_signal:32x80x101,lengths:32 --warmUp=500 --duration=0 --iterations=100 --noDataTransfers --useCudaGraph --exportTimes=/workspace/results/encoder/trtexec_bf16_1s/times_b32.json
