&&&& RUNNING TensorRT.trtexec [TensorRT v101000] [b31] # /usr/local/tensorrt/bin/trtexec --loadEngine=/workspace/artifacts/shrutam2_encoder_fp16.plan --shapes=audio_signal:8x80x101,lengths:8 --warmUp=500 --duration=0 --iterations=100 --noDataTransfers --useCudaGraph --exportTimes=/workspace/results/encoder/trtexec_fp16_1s/times_b8.json
[09/10/2026-15:07:36] [I] TF32 is enabled by default. Add --noTF32 flag to further improve accuracy with some performance cost.
[09/10/2026-15:07:36] [I] === Model Options ===
[09/10/2026-15:07:36] [I] Format: *
[09/10/2026-15:07:36] [I] Model: 
[09/10/2026-15:07:36] [I] Output:
[09/10/2026-15:07:36] [I] 
[09/10/2026-15:07:36] [I] === System Options ===
[09/10/2026-15:07:36] [I] Device: 0
[09/10/2026-15:07:36] [I] DLACore: 
[09/10/2026-15:07:36] [I] Plugins:
[09/10/2026-15:07:36] [I] setPluginsToSerialize:
[09/10/2026-15:07:36] [I] dynamicPlugins:
[09/10/2026-15:07:36] [I] ignoreParsedPluginLibs: 0
[09/10/2026-15:07:36] [I] 
[09/10/2026-15:07:36] [I] === Inference Options ===
[09/10/2026-15:07:36] [I] Batch: Explicit
[09/10/2026-15:07:36] [I] Input inference shape : lengths=8
[09/10/2026-15:07:36] [I] Input inference shape : audio_signal=8x80x101
[09/10/2026-15:07:36] [I] Iterations: 100
[09/10/2026-15:07:36] [I] Duration: 0s (+ 500ms warm up)
[09/10/2026-15:07:36] [I] Sleep time: 0ms
[09/10/2026-15:07:36] [I] Idle time: 0ms
[09/10/2026-15:07:36] [I] Inference Streams: 1
[09/10/2026-15:07:36] [I] ExposeDMA: Disabled
[09/10/2026-15:07:36] [I] Data transfers: Disabled
[09/10/2026-15:07:36] [I] Spin-wait: Disabled
[09/10/2026-15:07:36] [I] Multithreading: Disabled
[09/10/2026-15:07:36] [I] CUDA Graph: Enabled
[09/10/2026-15:07:36] [I] Separate profiling: Disabled
[09/10/2026-15:07:36] [I] Time Deserialize: Disabled
[09/10/2026-15:07:36] [I] Time Refit: Disabled
[09/10/2026-15:07:36] [I] NVTX verbosity: 0
[09/10/2026-15:07:36] [I] Persistent Cache Ratio: 0
[09/10/2026-15:07:36] [I] Optimization Profile Index: 0
[09/10/2026-15:07:36] [I] Weight Streaming Budget: 100.000000%
[09/10/2026-15:07:36] [I] Inputs:
[09/10/2026-15:07:36] [I] Debug Tensor Save Destinations:
[09/10/2026-15:07:36] [I] === Reporting Options ===
[09/10/2026-15:07:36] [I] Verbose: Disabled
[09/10/2026-15:07:36] [I] Averages: 10 inferences
[09/10/2026-15:07:36] [I] Percentiles: 90,95,99
[09/10/2026-15:07:36] [I] Dump refittable layers:Disabled
[09/10/2026-15:07:36] [I] Dump output: Disabled
[09/10/2026-15:07:36] [I] Profile: Disabled
[09/10/2026-15:07:36] [I] Export timing to JSON file: /workspace/results/encoder/trtexec_fp16_1s/times_b8.json
[09/10/2026-15:07:36] [I] Export output to JSON file: 
[09/10/2026-15:07:36] [I] Export profile to JSON file: 
[09/10/2026-15:07:36] [I] 
[09/10/2026-15:07:36] [I] === Device Information ===
[09/10/2026-15:07:36] [I] Available Devices: 
[09/10/2026-15:07:36] [I]   Device 0: "NVIDIA H100 NVL" UUID: GPU-78d0dccb-0e2a-0c21-2402-dd562bbf9845
[09/10/2026-15:07:36] [I] Selected Device: NVIDIA H100 NVL
[09/10/2026-15:07:36] [I] Selected Device ID: 0
[09/10/2026-15:07:36] [I] Selected Device UUID: GPU-78d0dccb-0e2a-0c21-2402-dd562bbf9845
[09/10/2026-15:07:36] [I] Compute Capability: 9.0
[09/10/2026-15:07:36] [I] SMs: 132
[09/10/2026-15:07:36] [I] Device Global Memory: 95321 MiB
[09/10/2026-15:07:36] [I] Shared Memory per SM: 228 KiB
[09/10/2026-15:07:36] [I] Memory Bus Width: 6016 bits (ECC enabled)
[09/10/2026-15:07:36] [I] Application Compute Clock Rate: 1.785 GHz
[09/10/2026-15:07:36] [I] Application Memory Clock Rate: 2.619 GHz
[09/10/2026-15:07:36] [I] 
[09/10/2026-15:07:36] [I] Note: The application clock rates do not reflect the actual clock rates that the GPU is currently running at.
[09/10/2026-15:07:36] [I] 
[09/10/2026-15:07:36] [I] TensorRT version: 10.10.0
[09/10/2026-15:07:36] [I] Loading standard plugins
[09/10/2026-15:07:37] [I] [TRT] Loaded engine size: 1210 MiB
[09/10/2026-15:07:38] [I] Engine deserialized in 1.26388 sec.
[09/10/2026-15:07:38] [I] [TRT] [MS] Running engine with multi stream info
[09/10/2026-15:07:38] [I] [TRT] [MS] Number of aux streams is 2
[09/10/2026-15:07:38] [I] [TRT] [MS] Number of total worker streams is 3
[09/10/2026-15:07:38] [I] [TRT] [MS] The main stream provided by execute/enqueue calls is the first worker stream
[09/10/2026-15:07:39] [I] [TRT] [MemUsageChange] TensorRT-managed allocation in IExecutionContext creation: CPU +0, GPU +658, now: CPU 0, GPU 1836 (MiB)
[09/10/2026-15:07:39] [I] Setting persistentCacheLimit to 0 bytes.
[09/10/2026-15:07:39] [I] Set shape of input tensor audio_signal to: 8x80x101
[09/10/2026-15:07:39] [I] Set shape of input tensor lengths to: 8
[09/10/2026-15:07:39] [I] Created execution context with device memory size: 657.77 MiB
[09/10/2026-15:07:39] [I] Using random values for input audio_signal
[09/10/2026-15:07:39] [I] Input binding for audio_signal with dimensions 8x80x101 is created.
[09/10/2026-15:07:39] [I] Using random values for input lengths
[09/10/2026-15:07:39] [I] Input binding for lengths with dimensions 8 is created.
[09/10/2026-15:07:39] [I] Output binding for encoded with dimensions 8x1024x13 is created.
[09/10/2026-15:07:39] [I] Output binding for encoded_lengths with dimensions 8 is created.
[09/10/2026-15:07:39] [I] Starting inference
[09/10/2026-15:07:39] [I] Capturing CUDA graph for the current execution context
[09/10/2026-15:07:39] [I] Successfully captured CUDA graph for the current execution context
[09/10/2026-15:07:40] [I] Warmup completed 107 queries over 500 ms
[09/10/2026-15:07:40] [I] Timing trace has 100 queries over 0.389813 s
[09/10/2026-15:07:40] [I] 
[09/10/2026-15:07:40] [I] === Trace details ===
[09/10/2026-15:07:40] [I] Trace averages of 10 runs:
[09/10/2026-15:07:40] [I] Average on 10 runs - GPU latency: 3.89314 ms - Host latency: 3.89314 ms (enqueue 0.388397 ms)
[09/10/2026-15:07:40] [I] Average on 10 runs - GPU latency: 3.89468 ms - Host latency: 3.89468 ms (enqueue 0.389355 ms)
[09/10/2026-15:07:40] [I] Average on 10 runs - GPU latency: 3.89504 ms - Host latency: 3.89504 ms (enqueue 0.387073 ms)
[09/10/2026-15:07:40] [I] Average on 10 runs - GPU latency: 3.89395 ms - Host latency: 3.89395 ms (enqueue 0.387848 ms)
[09/10/2026-15:07:40] [I] Average on 10 runs - GPU latency: 3.89488 ms - Host latency: 3.89488 ms (enqueue 0.390906 ms)
[09/10/2026-15:07:40] [I] Average on 10 runs - GPU latency: 3.89619 ms - Host latency: 3.89619 ms (enqueue 0.391943 ms)
[09/10/2026-15:07:40] [I] Average on 10 runs - GPU latency: 3.89537 ms - Host latency: 3.89537 ms (enqueue 0.389594 ms)
[09/10/2026-15:07:40] [I] Average on 10 runs - GPU latency: 3.89482 ms - Host latency: 3.89482 ms (enqueue 0.386188 ms)
[09/10/2026-15:07:40] [I] Average on 10 runs - GPU latency: 3.89494 ms - Host latency: 3.89494 ms (enqueue 0.388171 ms)
[09/10/2026-15:07:40] [I] Average on 10 runs - GPU latency: 3.89438 ms - Host latency: 3.89438 ms (enqueue 0.391168 ms)
[09/10/2026-15:07:40] [I] 
[09/10/2026-15:07:40] [I] === Performance summary ===
[09/10/2026-15:07:40] [I] Throughput: 256.534 qps
[09/10/2026-15:07:40] [I] Latency: min = 3.88507 ms, max = 3.90356 ms, mean = 3.89474 ms, median = 3.89465 ms, percentile(90%) = 3.89874 ms, percentile(95%) = 3.89978 ms, percentile(99%) = 3.90356 ms
[09/10/2026-15:07:40] [I] Enqueue Time: min = 0.362366 ms, max = 0.427063 ms, mean = 0.389064 ms, median = 0.387939 ms, percentile(90%) = 0.410034 ms, percentile(95%) = 0.416077 ms, percentile(99%) = 0.427063 ms
[09/10/2026-15:07:40] [I] H2D Latency: min = 0 ms, max = 0 ms, mean = 0 ms, median = 0 ms, percentile(90%) = 0 ms, percentile(95%) = 0 ms, percentile(99%) = 0 ms
[09/10/2026-15:07:40] [I] GPU Compute Time: min = 3.88507 ms, max = 3.90356 ms, mean = 3.89474 ms, median = 3.89465 ms, percentile(90%) = 3.89874 ms, percentile(95%) = 3.89978 ms, percentile(99%) = 3.90356 ms
[09/10/2026-15:07:40] [I] D2H Latency: min = 0 ms, max = 0 ms, mean = 0 ms, median = 0 ms, percentile(90%) = 0 ms, percentile(95%) = 0 ms, percentile(99%) = 0 ms
[09/10/2026-15:07:40] [I] Total Host Walltime: 0.389813 s
[09/10/2026-15:07:40] [I] Total GPU Compute Time: 0.389474 s
[09/10/2026-15:07:40] [I] Explanations of the performance metrics are printed in the verbose logs.
[09/10/2026-15:07:40] [I] 
&&&& PASSED TensorRT.trtexec [TensorRT v101000] [b31] # /usr/local/tensorrt/bin/trtexec --loadEngine=/workspace/artifacts/shrutam2_encoder_fp16.plan --shapes=audio_signal:8x80x101,lengths:8 --warmUp=500 --duration=0 --iterations=100 --noDataTransfers --useCudaGraph --exportTimes=/workspace/results/encoder/trtexec_fp16_1s/times_b8.json
