&&&& RUNNING TensorRT.trtexec [TensorRT v101000] [b31] # /usr/local/tensorrt/bin/trtexec --loadEngine=/workspace/artifacts/shrutam2_encoder_fp16.plan --shapes=audio_signal:32x80x101,lengths:32 --warmUp=500 --duration=0 --iterations=100 --noDataTransfers --useCudaGraph --exportTimes=/workspace/results/encoder/trtexec_fp16_1s/times_b32.json
[09/10/2026-15:07:41] [I] TF32 is enabled by default. Add --noTF32 flag to further improve accuracy with some performance cost.
[09/10/2026-15:07:41] [I] === Model Options ===
[09/10/2026-15:07:41] [I] Format: *
[09/10/2026-15:07:41] [I] Model: 
[09/10/2026-15:07:41] [I] Output:
[09/10/2026-15:07:41] [I] 
[09/10/2026-15:07:41] [I] === System Options ===
[09/10/2026-15:07:41] [I] Device: 0
[09/10/2026-15:07:41] [I] DLACore: 
[09/10/2026-15:07:41] [I] Plugins:
[09/10/2026-15:07:41] [I] setPluginsToSerialize:
[09/10/2026-15:07:41] [I] dynamicPlugins:
[09/10/2026-15:07:41] [I] ignoreParsedPluginLibs: 0
[09/10/2026-15:07:41] [I] 
[09/10/2026-15:07:41] [I] === Inference Options ===
[09/10/2026-15:07:41] [I] Batch: Explicit
[09/10/2026-15:07:41] [I] Input inference shape : lengths=32
[09/10/2026-15:07:41] [I] Input inference shape : audio_signal=32x80x101
[09/10/2026-15:07:41] [I] Iterations: 100
[09/10/2026-15:07:41] [I] Duration: 0s (+ 500ms warm up)
[09/10/2026-15:07:41] [I] Sleep time: 0ms
[09/10/2026-15:07:41] [I] Idle time: 0ms
[09/10/2026-15:07:41] [I] Inference Streams: 1
[09/10/2026-15:07:41] [I] ExposeDMA: Disabled
[09/10/2026-15:07:41] [I] Data transfers: Disabled
[09/10/2026-15:07:41] [I] Spin-wait: Disabled
[09/10/2026-15:07:41] [I] Multithreading: Disabled
[09/10/2026-15:07:41] [I] CUDA Graph: Enabled
[09/10/2026-15:07:41] [I] Separate profiling: Disabled
[09/10/2026-15:07:41] [I] Time Deserialize: Disabled
[09/10/2026-15:07:41] [I] Time Refit: Disabled
[09/10/2026-15:07:41] [I] NVTX verbosity: 0
[09/10/2026-15:07:41] [I] Persistent Cache Ratio: 0
[09/10/2026-15:07:41] [I] Optimization Profile Index: 0
[09/10/2026-15:07:41] [I] Weight Streaming Budget: 100.000000%
[09/10/2026-15:07:41] [I] Inputs:
[09/10/2026-15:07:41] [I] Debug Tensor Save Destinations:
[09/10/2026-15:07:41] [I] === Reporting Options ===
[09/10/2026-15:07:41] [I] Verbose: Disabled
[09/10/2026-15:07:41] [I] Averages: 10 inferences
[09/10/2026-15:07:41] [I] Percentiles: 90,95,99
[09/10/2026-15:07:41] [I] Dump refittable layers:Disabled
[09/10/2026-15:07:41] [I] Dump output: Disabled
[09/10/2026-15:07:41] [I] Profile: Disabled
[09/10/2026-15:07:41] [I] Export timing to JSON file: /workspace/results/encoder/trtexec_fp16_1s/times_b32.json
[09/10/2026-15:07:41] [I] Export output to JSON file: 
[09/10/2026-15:07:41] [I] Export profile to JSON file: 
[09/10/2026-15:07:41] [I] 
[09/10/2026-15:07:41] [I] === Device Information ===
[09/10/2026-15:07:41] [I] Available Devices: 
[09/10/2026-15:07:41] [I]   Device 0: "NVIDIA H100 NVL" UUID: GPU-78d0dccb-0e2a-0c21-2402-dd562bbf9845
[09/10/2026-15:07:41] [I] Selected Device: NVIDIA H100 NVL
[09/10/2026-15:07:41] [I] Selected Device ID: 0
[09/10/2026-15:07:41] [I] Selected Device UUID: GPU-78d0dccb-0e2a-0c21-2402-dd562bbf9845
[09/10/2026-15:07:41] [I] Compute Capability: 9.0
[09/10/2026-15:07:41] [I] SMs: 132
[09/10/2026-15:07:41] [I] Device Global Memory: 95321 MiB
[09/10/2026-15:07:41] [I] Shared Memory per SM: 228 KiB
[09/10/2026-15:07:41] [I] Memory Bus Width: 6016 bits (ECC enabled)
[09/10/2026-15:07:41] [I] Application Compute Clock Rate: 1.785 GHz
[09/10/2026-15:07:41] [I] Application Memory Clock Rate: 2.619 GHz
[09/10/2026-15:07:41] [I] 
[09/10/2026-15:07:41] [I] Note: The application clock rates do not reflect the actual clock rates that the GPU is currently running at.
[09/10/2026-15:07:41] [I] 
[09/10/2026-15:07:41] [I] TensorRT version: 10.10.0
[09/10/2026-15:07:41] [I] Loading standard plugins
[09/10/2026-15:07:42] [I] [TRT] Loaded engine size: 1210 MiB
[09/10/2026-15:07:42] [I] Engine deserialized in 1.2116 sec.
[09/10/2026-15:07:42] [I] [TRT] [MS] Running engine with multi stream info
[09/10/2026-15:07:42] [I] [TRT] [MS] Number of aux streams is 2
[09/10/2026-15:07:42] [I] [TRT] [MS] Number of total worker streams is 3
[09/10/2026-15:07:42] [I] [TRT] [MS] The main stream provided by execute/enqueue calls is the first worker stream
[09/10/2026-15:07:43] [I] [TRT] [MemUsageChange] TensorRT-managed allocation in IExecutionContext creation: CPU +0, GPU +658, now: CPU 0, GPU 1836 (MiB)
[09/10/2026-15:07:43] [I] Setting persistentCacheLimit to 0 bytes.
[09/10/2026-15:07:43] [I] Set shape of input tensor audio_signal to: 32x80x101
[09/10/2026-15:07:43] [I] Set shape of input tensor lengths to: 32
[09/10/2026-15:07:43] [I] Created execution context with device memory size: 657.77 MiB
[09/10/2026-15:07:43] [I] Using random values for input audio_signal
[09/10/2026-15:07:43] [I] Input binding for audio_signal with dimensions 32x80x101 is created.
[09/10/2026-15:07:43] [I] Using random values for input lengths
[09/10/2026-15:07:43] [I] Input binding for lengths with dimensions 32 is created.
[09/10/2026-15:07:43] [I] Output binding for encoded with dimensions 32x1024x13 is created.
[09/10/2026-15:07:43] [I] Output binding for encoded_lengths with dimensions 32 is created.
[09/10/2026-15:07:43] [I] Starting inference
[09/10/2026-15:07:43] [I] Capturing CUDA graph for the current execution context
[09/10/2026-15:07:43] [I] Successfully captured CUDA graph for the current execution context
[09/10/2026-15:07:44] [I] Warmup completed 96 queries over 500 ms
[09/10/2026-15:07:44] [I] Timing trace has 100 queries over 0.449267 s
[09/10/2026-15:07:44] [I] 
[09/10/2026-15:07:44] [I] === Trace details ===
[09/10/2026-15:07:44] [I] Trace averages of 10 runs:
[09/10/2026-15:07:44] [I] Average on 10 runs - GPU latency: 4.49127 ms - Host latency: 4.49127 ms (enqueue 0.284122 ms)
[09/10/2026-15:07:44] [I] Average on 10 runs - GPU latency: 4.49301 ms - Host latency: 4.49301 ms (enqueue 0.282654 ms)
[09/10/2026-15:07:44] [I] Average on 10 runs - GPU latency: 4.48907 ms - Host latency: 4.48907 ms (enqueue 0.283899 ms)
[09/10/2026-15:07:44] [I] Average on 10 runs - GPU latency: 4.49031 ms - Host latency: 4.49031 ms (enqueue 0.270618 ms)
[09/10/2026-15:07:44] [I] Average on 10 runs - GPU latency: 4.49011 ms - Host latency: 4.49011 ms (enqueue 0.26814 ms)
[09/10/2026-15:07:44] [I] Average on 10 runs - GPU latency: 4.4866 ms - Host latency: 4.4866 ms (enqueue 0.267932 ms)
[09/10/2026-15:07:44] [I] Average on 10 runs - GPU latency: 4.49051 ms - Host latency: 4.49051 ms (enqueue 0.271472 ms)
[09/10/2026-15:07:44] [I] Average on 10 runs - GPU latency: 4.48347 ms - Host latency: 4.48347 ms (enqueue 0.282971 ms)
[09/10/2026-15:07:44] [I] Average on 10 runs - GPU latency: 4.48923 ms - Host latency: 4.48923 ms (enqueue 0.285486 ms)
[09/10/2026-15:07:44] [I] Average on 10 runs - GPU latency: 4.4879 ms - Host latency: 4.4879 ms (enqueue 0.274255 ms)
[09/10/2026-15:07:44] [I] 
[09/10/2026-15:07:44] [I] === Performance summary ===
[09/10/2026-15:07:44] [I] Throughput: 222.585 qps
[09/10/2026-15:07:44] [I] Latency: min = 4.47736 ms, max = 4.50586 ms, mean = 4.48915 ms, median = 4.48953 ms, percentile(90%) = 4.49799 ms, percentile(95%) = 4.49963 ms, percentile(99%) = 4.50586 ms
[09/10/2026-15:07:44] [I] Enqueue Time: min = 0.259949 ms, max = 0.323914 ms, mean = 0.277155 ms, median = 0.273132 ms, percentile(90%) = 0.295715 ms, percentile(95%) = 0.300385 ms, percentile(99%) = 0.323914 ms
[09/10/2026-15:07:44] [I] H2D Latency: min = 0 ms, max = 0 ms, mean = 0 ms, median = 0 ms, percentile(90%) = 0 ms, percentile(95%) = 0 ms, percentile(99%) = 0 ms
[09/10/2026-15:07:44] [I] GPU Compute Time: min = 4.47736 ms, max = 4.50586 ms, mean = 4.48915 ms, median = 4.48953 ms, percentile(90%) = 4.49799 ms, percentile(95%) = 4.49963 ms, percentile(99%) = 4.50586 ms
[09/10/2026-15:07:44] [I] D2H Latency: min = 0 ms, max = 0 ms, mean = 0 ms, median = 0 ms, percentile(90%) = 0 ms, percentile(95%) = 0 ms, percentile(99%) = 0 ms
[09/10/2026-15:07:44] [I] Total Host Walltime: 0.449267 s
[09/10/2026-15:07:44] [I] Total GPU Compute Time: 0.448915 s
[09/10/2026-15:07:44] [I] Explanations of the performance metrics are printed in the verbose logs.
[09/10/2026-15:07:44] [I] 
&&&& PASSED TensorRT.trtexec [TensorRT v101000] [b31] # /usr/local/tensorrt/bin/trtexec --loadEngine=/workspace/artifacts/shrutam2_encoder_fp16.plan --shapes=audio_signal:32x80x101,lengths:32 --warmUp=500 --duration=0 --iterations=100 --noDataTransfers --useCudaGraph --exportTimes=/workspace/results/encoder/trtexec_fp16_1s/times_b32.json
