&&&& RUNNING TensorRT.trtexec [TensorRT v101000] [b31] # /usr/local/tensorrt/bin/trtexec --loadEngine=/workspace/artifacts/shrutam2_encoder_fp16.plan --shapes=audio_signal:2x80x101,lengths:2 --warmUp=500 --duration=0 --iterations=100 --noDataTransfers --useCudaGraph --exportTimes=/workspace/results/encoder/trtexec_fp16_1s/times_b2.json
[09/10/2026-15:07:32] [I] TF32 is enabled by default. Add --noTF32 flag to further improve accuracy with some performance cost.
[09/10/2026-15:07:32] [I] === Model Options ===
[09/10/2026-15:07:32] [I] Format: *
[09/10/2026-15:07:32] [I] Model: 
[09/10/2026-15:07:32] [I] Output:
[09/10/2026-15:07:32] [I] 
[09/10/2026-15:07:32] [I] === System Options ===
[09/10/2026-15:07:32] [I] Device: 0
[09/10/2026-15:07:32] [I] DLACore: 
[09/10/2026-15:07:32] [I] Plugins:
[09/10/2026-15:07:32] [I] setPluginsToSerialize:
[09/10/2026-15:07:32] [I] dynamicPlugins:
[09/10/2026-15:07:32] [I] ignoreParsedPluginLibs: 0
[09/10/2026-15:07:32] [I] 
[09/10/2026-15:07:32] [I] === Inference Options ===
[09/10/2026-15:07:32] [I] Batch: Explicit
[09/10/2026-15:07:32] [I] Input inference shape : lengths=2
[09/10/2026-15:07:32] [I] Input inference shape : audio_signal=2x80x101
[09/10/2026-15:07:32] [I] Iterations: 100
[09/10/2026-15:07:32] [I] Duration: 0s (+ 500ms warm up)
[09/10/2026-15:07:32] [I] Sleep time: 0ms
[09/10/2026-15:07:32] [I] Idle time: 0ms
[09/10/2026-15:07:32] [I] Inference Streams: 1
[09/10/2026-15:07:32] [I] ExposeDMA: Disabled
[09/10/2026-15:07:32] [I] Data transfers: Disabled
[09/10/2026-15:07:32] [I] Spin-wait: Disabled
[09/10/2026-15:07:32] [I] Multithreading: Disabled
[09/10/2026-15:07:32] [I] CUDA Graph: Enabled
[09/10/2026-15:07:32] [I] Separate profiling: Disabled
[09/10/2026-15:07:32] [I] Time Deserialize: Disabled
[09/10/2026-15:07:32] [I] Time Refit: Disabled
[09/10/2026-15:07:32] [I] NVTX verbosity: 0
[09/10/2026-15:07:32] [I] Persistent Cache Ratio: 0
[09/10/2026-15:07:32] [I] Optimization Profile Index: 0
[09/10/2026-15:07:32] [I] Weight Streaming Budget: 100.000000%
[09/10/2026-15:07:32] [I] Inputs:
[09/10/2026-15:07:32] [I] Debug Tensor Save Destinations:
[09/10/2026-15:07:32] [I] === Reporting Options ===
[09/10/2026-15:07:32] [I] Verbose: Disabled
[09/10/2026-15:07:32] [I] Averages: 10 inferences
[09/10/2026-15:07:32] [I] Percentiles: 90,95,99
[09/10/2026-15:07:32] [I] Dump refittable layers:Disabled
[09/10/2026-15:07:32] [I] Dump output: Disabled
[09/10/2026-15:07:32] [I] Profile: Disabled
[09/10/2026-15:07:32] [I] Export timing to JSON file: /workspace/results/encoder/trtexec_fp16_1s/times_b2.json
[09/10/2026-15:07:32] [I] Export output to JSON file: 
[09/10/2026-15:07:32] [I] Export profile to JSON file: 
[09/10/2026-15:07:32] [I] 
[09/10/2026-15:07:32] [I] === Device Information ===
[09/10/2026-15:07:32] [I] Available Devices: 
[09/10/2026-15:07:32] [I]   Device 0: "NVIDIA H100 NVL" UUID: GPU-78d0dccb-0e2a-0c21-2402-dd562bbf9845
[09/10/2026-15:07:32] [I] Selected Device: NVIDIA H100 NVL
[09/10/2026-15:07:32] [I] Selected Device ID: 0
[09/10/2026-15:07:32] [I] Selected Device UUID: GPU-78d0dccb-0e2a-0c21-2402-dd562bbf9845
[09/10/2026-15:07:32] [I] Compute Capability: 9.0
[09/10/2026-15:07:32] [I] SMs: 132
[09/10/2026-15:07:32] [I] Device Global Memory: 95321 MiB
[09/10/2026-15:07:32] [I] Shared Memory per SM: 228 KiB
[09/10/2026-15:07:32] [I] Memory Bus Width: 6016 bits (ECC enabled)
[09/10/2026-15:07:32] [I] Application Compute Clock Rate: 1.785 GHz
[09/10/2026-15:07:32] [I] Application Memory Clock Rate: 2.619 GHz
[09/10/2026-15:07:32] [I] 
[09/10/2026-15:07:32] [I] Note: The application clock rates do not reflect the actual clock rates that the GPU is currently running at.
[09/10/2026-15:07:32] [I] 
[09/10/2026-15:07:32] [I] TensorRT version: 10.10.0
[09/10/2026-15:07:32] [I] Loading standard plugins
[09/10/2026-15:07:33] [I] [TRT] Loaded engine size: 1210 MiB
[09/10/2026-15:07:33] [I] Engine deserialized in 1.31173 sec.
[09/10/2026-15:07:33] [I] [TRT] [MS] Running engine with multi stream info
[09/10/2026-15:07:33] [I] [TRT] [MS] Number of aux streams is 2
[09/10/2026-15:07:33] [I] [TRT] [MS] Number of total worker streams is 3
[09/10/2026-15:07:33] [I] [TRT] [MS] The main stream provided by execute/enqueue calls is the first worker stream
[09/10/2026-15:07:35] [I] [TRT] [MemUsageChange] TensorRT-managed allocation in IExecutionContext creation: CPU +0, GPU +658, now: CPU 0, GPU 1836 (MiB)
[09/10/2026-15:07:35] [I] Setting persistentCacheLimit to 0 bytes.
[09/10/2026-15:07:35] [I] Set shape of input tensor audio_signal to: 2x80x101
[09/10/2026-15:07:35] [I] Set shape of input tensor lengths to: 2
[09/10/2026-15:07:35] [I] Created execution context with device memory size: 657.77 MiB
[09/10/2026-15:07:35] [I] Using random values for input audio_signal
[09/10/2026-15:07:35] [I] Input binding for audio_signal with dimensions 2x80x101 is created.
[09/10/2026-15:07:35] [I] Using random values for input lengths
[09/10/2026-15:07:35] [I] Input binding for lengths with dimensions 2 is created.
[09/10/2026-15:07:35] [I] Output binding for encoded with dimensions 2x1024x13 is created.
[09/10/2026-15:07:35] [I] Output binding for encoded_lengths with dimensions 2 is created.
[09/10/2026-15:07:35] [I] Starting inference
[09/10/2026-15:07:35] [I] Capturing CUDA graph for the current execution context
[09/10/2026-15:07:35] [I] Successfully captured CUDA graph for the current execution context
[09/10/2026-15:07:36] [I] Warmup completed 111 queries over 500 ms
[09/10/2026-15:07:36] [I] Timing trace has 100 queries over 0.376665 s
[09/10/2026-15:07:36] [I] 
[09/10/2026-15:07:36] [I] === Trace details ===
[09/10/2026-15:07:36] [I] Trace averages of 10 runs:
[09/10/2026-15:07:36] [I] Average on 10 runs - GPU latency: 3.76445 ms - Host latency: 3.76445 ms (enqueue 0.263223 ms)
[09/10/2026-15:07:36] [I] Average on 10 runs - GPU latency: 3.76487 ms - Host latency: 3.76487 ms (enqueue 0.265723 ms)
[09/10/2026-15:07:36] [I] Average on 10 runs - GPU latency: 3.76109 ms - Host latency: 3.76109 ms (enqueue 0.265039 ms)
[09/10/2026-15:07:36] [I] Average on 10 runs - GPU latency: 3.76495 ms - Host latency: 3.76495 ms (enqueue 0.260193 ms)
[09/10/2026-15:07:36] [I] Average on 10 runs - GPU latency: 3.76425 ms - Host latency: 3.76425 ms (enqueue 0.266962 ms)
[09/10/2026-15:07:36] [I] Average on 10 runs - GPU latency: 3.76304 ms - Host latency: 3.76304 ms (enqueue 0.26217 ms)
[09/10/2026-15:07:36] [I] Average on 10 runs - GPU latency: 3.76292 ms - Host latency: 3.76292 ms (enqueue 0.262695 ms)
[09/10/2026-15:07:36] [I] Average on 10 runs - GPU latency: 3.76223 ms - Host latency: 3.76223 ms (enqueue 0.265411 ms)
[09/10/2026-15:07:36] [I] Average on 10 runs - GPU latency: 3.76271 ms - Host latency: 3.76271 ms (enqueue 0.261139 ms)
[09/10/2026-15:07:36] [I] Average on 10 runs - GPU latency: 3.76468 ms - Host latency: 3.76468 ms (enqueue 0.264239 ms)
[09/10/2026-15:07:36] [I] 
[09/10/2026-15:07:36] [I] === Performance summary ===
[09/10/2026-15:07:36] [I] Throughput: 265.488 qps
[09/10/2026-15:07:36] [I] Latency: min = 3.75867 ms, max = 3.76935 ms, mean = 3.76352 ms, median = 3.7634 ms, percentile(90%) = 3.76709 ms, percentile(95%) = 3.76862 ms, percentile(99%) = 3.76935 ms
[09/10/2026-15:07:36] [I] Enqueue Time: min = 0.24707 ms, max = 0.302429 ms, mean = 0.26368 ms, median = 0.261932 ms, percentile(90%) = 0.281616 ms, percentile(95%) = 0.285461 ms, percentile(99%) = 0.302429 ms
[09/10/2026-15:07:36] [I] H2D Latency: min = 0 ms, max = 0 ms, mean = 0 ms, median = 0 ms, percentile(90%) = 0 ms, percentile(95%) = 0 ms, percentile(99%) = 0 ms
[09/10/2026-15:07:36] [I] GPU Compute Time: min = 3.75867 ms, max = 3.76935 ms, mean = 3.76352 ms, median = 3.7634 ms, percentile(90%) = 3.76709 ms, percentile(95%) = 3.76862 ms, percentile(99%) = 3.76935 ms
[09/10/2026-15:07:36] [I] D2H Latency: min = 0 ms, max = 0 ms, mean = 0 ms, median = 0 ms, percentile(90%) = 0 ms, percentile(95%) = 0 ms, percentile(99%) = 0 ms
[09/10/2026-15:07:36] [I] Total Host Walltime: 0.376665 s
[09/10/2026-15:07:36] [I] Total GPU Compute Time: 0.376352 s
[09/10/2026-15:07:36] [I] Explanations of the performance metrics are printed in the verbose logs.
[09/10/2026-15:07:36] [I] 
&&&& PASSED TensorRT.trtexec [TensorRT v101000] [b31] # /usr/local/tensorrt/bin/trtexec --loadEngine=/workspace/artifacts/shrutam2_encoder_fp16.plan --shapes=audio_signal:2x80x101,lengths:2 --warmUp=500 --duration=0 --iterations=100 --noDataTransfers --useCudaGraph --exportTimes=/workspace/results/encoder/trtexec_fp16_1s/times_b2.json
