&&&& RUNNING TensorRT.trtexec [TensorRT v101000] [b31] # /usr/local/tensorrt/bin/trtexec --loadEngine=/workspace/artifacts/shrutam2_encoder_fp16.plan --shapes=audio_signal:1x80x101,lengths:1 --warmUp=500 --duration=0 --iterations=100 --noDataTransfers --useCudaGraph --exportTimes=/workspace/results/encoder/trtexec_fp16_1s/times_b1.json
[09/10/2026-15:07:28] [I] TF32 is enabled by default. Add --noTF32 flag to further improve accuracy with some performance cost.
[09/10/2026-15:07:28] [I] === Model Options ===
[09/10/2026-15:07:28] [I] Format: *
[09/10/2026-15:07:28] [I] Model: 
[09/10/2026-15:07:28] [I] Output:
[09/10/2026-15:07:28] [I] 
[09/10/2026-15:07:28] [I] === System Options ===
[09/10/2026-15:07:28] [I] Device: 0
[09/10/2026-15:07:28] [I] DLACore: 
[09/10/2026-15:07:28] [I] Plugins:
[09/10/2026-15:07:28] [I] setPluginsToSerialize:
[09/10/2026-15:07:28] [I] dynamicPlugins:
[09/10/2026-15:07:28] [I] ignoreParsedPluginLibs: 0
[09/10/2026-15:07:28] [I] 
[09/10/2026-15:07:28] [I] === Inference Options ===
[09/10/2026-15:07:28] [I] Batch: Explicit
[09/10/2026-15:07:28] [I] Input inference shape : lengths=1
[09/10/2026-15:07:28] [I] Input inference shape : audio_signal=1x80x101
[09/10/2026-15:07:28] [I] Iterations: 100
[09/10/2026-15:07:28] [I] Duration: 0s (+ 500ms warm up)
[09/10/2026-15:07:28] [I] Sleep time: 0ms
[09/10/2026-15:07:28] [I] Idle time: 0ms
[09/10/2026-15:07:28] [I] Inference Streams: 1
[09/10/2026-15:07:28] [I] ExposeDMA: Disabled
[09/10/2026-15:07:28] [I] Data transfers: Disabled
[09/10/2026-15:07:28] [I] Spin-wait: Disabled
[09/10/2026-15:07:28] [I] Multithreading: Disabled
[09/10/2026-15:07:28] [I] CUDA Graph: Enabled
[09/10/2026-15:07:28] [I] Separate profiling: Disabled
[09/10/2026-15:07:28] [I] Time Deserialize: Disabled
[09/10/2026-15:07:28] [I] Time Refit: Disabled
[09/10/2026-15:07:28] [I] NVTX verbosity: 0
[09/10/2026-15:07:28] [I] Persistent Cache Ratio: 0
[09/10/2026-15:07:28] [I] Optimization Profile Index: 0
[09/10/2026-15:07:28] [I] Weight Streaming Budget: 100.000000%
[09/10/2026-15:07:28] [I] Inputs:
[09/10/2026-15:07:28] [I] Debug Tensor Save Destinations:
[09/10/2026-15:07:28] [I] === Reporting Options ===
[09/10/2026-15:07:28] [I] Verbose: Disabled
[09/10/2026-15:07:28] [I] Averages: 10 inferences
[09/10/2026-15:07:28] [I] Percentiles: 90,95,99
[09/10/2026-15:07:28] [I] Dump refittable layers:Disabled
[09/10/2026-15:07:28] [I] Dump output: Disabled
[09/10/2026-15:07:28] [I] Profile: Disabled
[09/10/2026-15:07:28] [I] Export timing to JSON file: /workspace/results/encoder/trtexec_fp16_1s/times_b1.json
[09/10/2026-15:07:28] [I] Export output to JSON file: 
[09/10/2026-15:07:28] [I] Export profile to JSON file: 
[09/10/2026-15:07:28] [I] 
[09/10/2026-15:07:28] [I] === Device Information ===
[09/10/2026-15:07:28] [I] Available Devices: 
[09/10/2026-15:07:28] [I]   Device 0: "NVIDIA H100 NVL" UUID: GPU-78d0dccb-0e2a-0c21-2402-dd562bbf9845
[09/10/2026-15:07:28] [I] Selected Device: NVIDIA H100 NVL
[09/10/2026-15:07:28] [I] Selected Device ID: 0
[09/10/2026-15:07:28] [I] Selected Device UUID: GPU-78d0dccb-0e2a-0c21-2402-dd562bbf9845
[09/10/2026-15:07:28] [I] Compute Capability: 9.0
[09/10/2026-15:07:28] [I] SMs: 132
[09/10/2026-15:07:28] [I] Device Global Memory: 95321 MiB
[09/10/2026-15:07:28] [I] Shared Memory per SM: 228 KiB
[09/10/2026-15:07:28] [I] Memory Bus Width: 6016 bits (ECC enabled)
[09/10/2026-15:07:28] [I] Application Compute Clock Rate: 1.785 GHz
[09/10/2026-15:07:28] [I] Application Memory Clock Rate: 2.619 GHz
[09/10/2026-15:07:28] [I] 
[09/10/2026-15:07:28] [I] Note: The application clock rates do not reflect the actual clock rates that the GPU is currently running at.
[09/10/2026-15:07:28] [I] 
[09/10/2026-15:07:28] [I] TensorRT version: 10.10.0
[09/10/2026-15:07:28] [I] Loading standard plugins
[09/10/2026-15:07:29] [I] [TRT] Loaded engine size: 1210 MiB
[09/10/2026-15:07:29] [I] Engine deserialized in 1.25906 sec.
[09/10/2026-15:07:29] [I] [TRT] [MS] Running engine with multi stream info
[09/10/2026-15:07:29] [I] [TRT] [MS] Number of aux streams is 2
[09/10/2026-15:07:29] [I] [TRT] [MS] Number of total worker streams is 3
[09/10/2026-15:07:29] [I] [TRT] [MS] The main stream provided by execute/enqueue calls is the first worker stream
[09/10/2026-15:07:30] [I] [TRT] [MemUsageChange] TensorRT-managed allocation in IExecutionContext creation: CPU +0, GPU +658, now: CPU 0, GPU 1836 (MiB)
[09/10/2026-15:07:30] [I] Setting persistentCacheLimit to 0 bytes.
[09/10/2026-15:07:30] [I] Set shape of input tensor audio_signal to: 1x80x101
[09/10/2026-15:07:30] [I] Set shape of input tensor lengths to: 1
[09/10/2026-15:07:30] [I] Created execution context with device memory size: 657.77 MiB
[09/10/2026-15:07:30] [I] Using random values for input audio_signal
[09/10/2026-15:07:30] [I] Input binding for audio_signal with dimensions 1x80x101 is created.
[09/10/2026-15:07:30] [I] Using random values for input lengths
[09/10/2026-15:07:30] [I] Input binding for lengths with dimensions 1 is created.
[09/10/2026-15:07:30] [I] Output binding for encoded with dimensions 1x1024x13 is created.
[09/10/2026-15:07:30] [I] Output binding for encoded_lengths with dimensions 1 is created.
[09/10/2026-15:07:30] [I] Starting inference
[09/10/2026-15:07:30] [I] Capturing CUDA graph for the current execution context
[09/10/2026-15:07:31] [I] Successfully captured CUDA graph for the current execution context
[09/10/2026-15:07:31] [I] Warmup completed 112 queries over 500 ms
[09/10/2026-15:07:31] [I] Timing trace has 100 queries over 0.376089 s
[09/10/2026-15:07:31] [I] 
[09/10/2026-15:07:31] [I] === Trace details ===
[09/10/2026-15:07:31] [I] Trace averages of 10 runs:
[09/10/2026-15:07:31] [I] Average on 10 runs - GPU latency: 3.75805 ms - Host latency: 3.75805 ms (enqueue 0.269391 ms)
[09/10/2026-15:07:31] [I] Average on 10 runs - GPU latency: 3.75829 ms - Host latency: 3.75829 ms (enqueue 0.271265 ms)
[09/10/2026-15:07:31] [I] Average on 10 runs - GPU latency: 3.75709 ms - Host latency: 3.75709 ms (enqueue 0.266858 ms)
[09/10/2026-15:07:31] [I] Average on 10 runs - GPU latency: 3.757 ms - Host latency: 3.757 ms (enqueue 0.26825 ms)
[09/10/2026-15:07:31] [I] Average on 10 runs - GPU latency: 3.75841 ms - Host latency: 3.75841 ms (enqueue 0.269293 ms)
[09/10/2026-15:07:31] [I] Average on 10 runs - GPU latency: 3.75705 ms - Host latency: 3.75705 ms (enqueue 0.27135 ms)
[09/10/2026-15:07:31] [I] Average on 10 runs - GPU latency: 3.75645 ms - Host latency: 3.75645 ms (enqueue 0.273712 ms)
[09/10/2026-15:07:31] [I] Average on 10 runs - GPU latency: 3.7575 ms - Host latency: 3.7575 ms (enqueue 0.271777 ms)
[09/10/2026-15:07:31] [I] Average on 10 runs - GPU latency: 3.75827 ms - Host latency: 3.75827 ms (enqueue 0.269464 ms)
[09/10/2026-15:07:31] [I] Average on 10 runs - GPU latency: 3.75555 ms - Host latency: 3.75555 ms (enqueue 0.266211 ms)
[09/10/2026-15:07:31] [I] 
[09/10/2026-15:07:31] [I] === Performance summary ===
[09/10/2026-15:07:31] [I] Throughput: 265.894 qps
[09/10/2026-15:07:31] [I] Latency: min = 3.74933 ms, max = 3.76343 ms, mean = 3.75737 ms, median = 3.75775 ms, percentile(90%) = 3.76099 ms, percentile(95%) = 3.76208 ms, percentile(99%) = 3.76343 ms
[09/10/2026-15:07:31] [I] Enqueue Time: min = 0.242615 ms, max = 0.297363 ms, mean = 0.269757 ms, median = 0.267731 ms, percentile(90%) = 0.286926 ms, percentile(95%) = 0.29071 ms, percentile(99%) = 0.297363 ms
[09/10/2026-15:07:31] [I] H2D Latency: min = 0 ms, max = 0 ms, mean = 0 ms, median = 0 ms, percentile(90%) = 0 ms, percentile(95%) = 0 ms, percentile(99%) = 0 ms
[09/10/2026-15:07:31] [I] GPU Compute Time: min = 3.74933 ms, max = 3.76343 ms, mean = 3.75737 ms, median = 3.75775 ms, percentile(90%) = 3.76099 ms, percentile(95%) = 3.76208 ms, percentile(99%) = 3.76343 ms
[09/10/2026-15:07:31] [I] D2H Latency: min = 0 ms, max = 0 ms, mean = 0 ms, median = 0 ms, percentile(90%) = 0 ms, percentile(95%) = 0 ms, percentile(99%) = 0 ms
[09/10/2026-15:07:31] [I] Total Host Walltime: 0.376089 s
[09/10/2026-15:07:31] [I] Total GPU Compute Time: 0.375737 s
[09/10/2026-15:07:31] [I] Explanations of the performance metrics are printed in the verbose logs.
[09/10/2026-15:07:31] [I] 
&&&& PASSED TensorRT.trtexec [TensorRT v101000] [b31] # /usr/local/tensorrt/bin/trtexec --loadEngine=/workspace/artifacts/shrutam2_encoder_fp16.plan --shapes=audio_signal:1x80x101,lengths:1 --warmUp=500 --duration=0 --iterations=100 --noDataTransfers --useCudaGraph --exportTimes=/workspace/results/encoder/trtexec_fp16_1s/times_b1.json
